<!doctype html public "-//w3c//dtd html 4.0 transitional//en">
<html><head>
<title>Static Call Graph - [.\Objects\test.axf]</title></head>
<body><HR>
<H1>Static Call Graph for image .\Objects\test.axf</H1><HR>
<BR><P>#&#060CALLGRAPH&#062# ARM Linker, 6190004: Last Updated: Thu Jul 13 01:15:36 2023
<BR><P>
<H3>Maximum Stack Usage =        344 bytes + Unknown(Cycles, Untraceable Function Pointers)</H3><H3>
Call chain for Maximum Stack Depth:</H3>
w5500_dhcp_assign &rArr; W5500_displayNetInfo &rArr; SEGGER_RTT_printf &rArr; SEGGER_RTT_vprintf &rArr; _PrintUnsigned &rArr; SEGGER_RTT_Write &rArr; SEGGER_RTT_WriteNoLock
<P>
<H3>
Mutually Recursive functions
</H3> <LI><a href="#[2c]">ADC0_1_IRQHandler</a>&nbsp;&nbsp;&nbsp;&rArr;&nbsp;&nbsp;&nbsp;<a href="#[2c]">ADC0_1_IRQHandler</a><BR>
 <LI><a href="#[14]">BusFault_Handler</a>&nbsp;&nbsp;&nbsp;&rArr;&nbsp;&nbsp;&nbsp;<a href="#[14]">BusFault_Handler</a><BR>
 <LI><a href="#[12]">HardFault_Handler</a>&nbsp;&nbsp;&nbsp;&rArr;&nbsp;&nbsp;&nbsp;<a href="#[12]">HardFault_Handler</a><BR>
 <LI><a href="#[13]">MemManage_Handler</a>&nbsp;&nbsp;&nbsp;&rArr;&nbsp;&nbsp;&nbsp;<a href="#[13]">MemManage_Handler</a><BR>
 <LI><a href="#[15]">UsageFault_Handler</a>&nbsp;&nbsp;&nbsp;&rArr;&nbsp;&nbsp;&nbsp;<a href="#[15]">UsageFault_Handler</a><BR>
</UL>
<P>
<H3>
Function Pointers
</H3><UL>
 <LI><a href="#[2c]">ADC0_1_IRQHandler</a> from startup_gd32e10x.o(.text) referenced from startup_gd32e10x.o(RESET)
 <LI><a href="#[14]">BusFault_Handler</a> from gd32e10x_it.o(.text.BusFault_Handler) referenced from startup_gd32e10x.o(RESET)
 <LI><a href="#[25]">DMA0_Channel0_IRQHandler</a> from startup_gd32e10x.o(.text) referenced from startup_gd32e10x.o(RESET)
 <LI><a href="#[26]">DMA0_Channel1_IRQHandler</a> from startup_gd32e10x.o(.text) referenced from startup_gd32e10x.o(RESET)
 <LI><a href="#[27]">DMA0_Channel2_IRQHandler</a> from startup_gd32e10x.o(.text) referenced from startup_gd32e10x.o(RESET)
 <LI><a href="#[28]">DMA0_Channel3_IRQHandler</a> from startup_gd32e10x.o(.text) referenced from startup_gd32e10x.o(RESET)
 <LI><a href="#[29]">DMA0_Channel4_IRQHandler</a> from startup_gd32e10x.o(.text) referenced from startup_gd32e10x.o(RESET)
 <LI><a href="#[2a]">DMA0_Channel5_IRQHandler</a> from startup_gd32e10x.o(.text) referenced from startup_gd32e10x.o(RESET)
 <LI><a href="#[2b]">DMA0_Channel6_IRQHandler</a> from startup_gd32e10x.o(.text) referenced from startup_gd32e10x.o(RESET)
 <LI><a href="#[4c]">DMA1_Channel0_IRQHandler</a> from startup_gd32e10x.o(.text) referenced from startup_gd32e10x.o(RESET)
 <LI><a href="#[4d]">DMA1_Channel1_IRQHandler</a> from startup_gd32e10x.o(.text) referenced from startup_gd32e10x.o(RESET)
 <LI><a href="#[4e]">DMA1_Channel2_IRQHandler</a> from startup_gd32e10x.o(.text) referenced from startup_gd32e10x.o(RESET)
 <LI><a href="#[4f]">DMA1_Channel3_IRQHandler</a> from startup_gd32e10x.o(.text) referenced from startup_gd32e10x.o(RESET)
 <LI><a href="#[50]">DMA1_Channel4_IRQHandler</a> from startup_gd32e10x.o(.text) referenced from startup_gd32e10x.o(RESET)
 <LI><a href="#[17]">DebugMon_Handler</a> from gd32e10x_it.o(.text.DebugMon_Handler) referenced from startup_gd32e10x.o(RESET)
 <LI><a href="#[45]">EXMC_IRQHandler</a> from startup_gd32e10x.o(.text) referenced from startup_gd32e10x.o(RESET)
 <LI><a href="#[20]">EXTI0_IRQHandler</a> from startup_gd32e10x.o(.text) referenced from startup_gd32e10x.o(RESET)
 <LI><a href="#[3e]">EXTI10_15_IRQHandler</a> from startup_gd32e10x.o(.text) referenced from startup_gd32e10x.o(RESET)
 <LI><a href="#[21]">EXTI1_IRQHandler</a> from startup_gd32e10x.o(.text) referenced from startup_gd32e10x.o(RESET)
 <LI><a href="#[22]">EXTI2_IRQHandler</a> from startup_gd32e10x.o(.text) referenced from startup_gd32e10x.o(RESET)
 <LI><a href="#[23]">EXTI3_IRQHandler</a> from startup_gd32e10x.o(.text) referenced from startup_gd32e10x.o(RESET)
 <LI><a href="#[24]">EXTI4_IRQHandler</a> from startup_gd32e10x.o(.text) referenced from startup_gd32e10x.o(RESET)
 <LI><a href="#[2d]">EXTI5_9_IRQHandler</a> from startup_gd32e10x.o(.text) referenced from startup_gd32e10x.o(RESET)
 <LI><a href="#[1e]">FMC_IRQHandler</a> from startup_gd32e10x.o(.text) referenced from startup_gd32e10x.o(RESET)
 <LI><a href="#[12]">HardFault_Handler</a> from gd32e10x_it.o(.text.HardFault_Handler) referenced from startup_gd32e10x.o(RESET)
 <LI><a href="#[36]">I2C0_ER_IRQHandler</a> from startup_gd32e10x.o(.text) referenced from startup_gd32e10x.o(RESET)
 <LI><a href="#[35]">I2C0_EV_IRQHandler</a> from startup_gd32e10x.o(.text) referenced from startup_gd32e10x.o(RESET)
 <LI><a href="#[38]">I2C1_ER_IRQHandler</a> from startup_gd32e10x.o(.text) referenced from startup_gd32e10x.o(RESET)
 <LI><a href="#[37]">I2C1_EV_IRQHandler</a> from startup_gd32e10x.o(.text) referenced from startup_gd32e10x.o(RESET)
 <LI><a href="#[1b]">LVD_IRQHandler</a> from startup_gd32e10x.o(.text) referenced from startup_gd32e10x.o(RESET)
 <LI><a href="#[13]">MemManage_Handler</a> from gd32e10x_it.o(.text.MemManage_Handler) referenced from startup_gd32e10x.o(RESET)
 <LI><a href="#[11]">NMI_Handler</a> from gd32e10x_it.o(.text.NMI_Handler) referenced from startup_gd32e10x.o(RESET)
 <LI><a href="#[18]">PendSV_Handler</a> from gd32e10x_it.o(.text.PendSV_Handler) referenced from startup_gd32e10x.o(RESET)
 <LI><a href="#[1f]">RCU_CTC_IRQHandler</a> from startup_gd32e10x.o(.text) referenced from startup_gd32e10x.o(RESET)
 <LI><a href="#[3f]">RTC_Alarm_IRQHandler</a> from startup_gd32e10x.o(.text) referenced from startup_gd32e10x.o(RESET)
 <LI><a href="#[1d]">RTC_IRQHandler</a> from startup_gd32e10x.o(.text) referenced from startup_gd32e10x.o(RESET)
 <LI><a href="#[10]">Reset_Handler</a> from startup_gd32e10x.o(.text) referenced from startup_gd32e10x.o(RESET)
 <LI><a href="#[39]">SPI0_IRQHandler</a> from startup_gd32e10x.o(.text) referenced from startup_gd32e10x.o(RESET)
 <LI><a href="#[3a]">SPI1_IRQHandler</a> from startup_gd32e10x.o(.text) referenced from startup_gd32e10x.o(RESET)
 <LI><a href="#[47]">SPI2_IRQHandler</a> from startup_gd32e10x.o(.text) referenced from startup_gd32e10x.o(RESET)
 <LI><a href="#[56]">SPI_recvByte</a> from main.o(.text.SPI_recvByte) referenced 2 times from main.o(.text.main)
 <LI><a href="#[57]">SPI_transByte</a> from main.o(.text.SPI_transByte) referenced 2 times from main.o(.text.main)
 <LI><a href="#[58]">SPI_transfer</a> from main.o(.text.SPI_transfer) referenced 2 times from main.o(.text.main)
 <LI><a href="#[16]">SVC_Handler</a> from gd32e10x_it.o(.text.SVC_Handler) referenced from startup_gd32e10x.o(RESET)
 <LI><a href="#[19]">SysTick_Handler</a> from gd32e10x_it.o(.text.SysTick_Handler) referenced from startup_gd32e10x.o(RESET)
 <LI><a href="#[52]">SystemInit</a> from system_gd32e10x.o(.text.SystemInit) referenced from startup_gd32e10x.o(.text)
 <LI><a href="#[1c]">TAMPER_IRQHandler</a> from startup_gd32e10x.o(.text) referenced from startup_gd32e10x.o(RESET)
 <LI><a href="#[2e]">TIMER0_BRK_TIMER8_IRQHandler</a> from startup_gd32e10x.o(.text) referenced from startup_gd32e10x.o(RESET)
 <LI><a href="#[31]">TIMER0_Channel_IRQHandler</a> from startup_gd32e10x.o(.text) referenced from startup_gd32e10x.o(RESET)
 <LI><a href="#[30]">TIMER0_TRG_CMT_TIMER10_IRQHandler</a> from startup_gd32e10x.o(.text) referenced from startup_gd32e10x.o(RESET)
 <LI><a href="#[2f]">TIMER0_UP_TIMER9_IRQHandler</a> from startup_gd32e10x.o(.text) referenced from startup_gd32e10x.o(RESET)
 <LI><a href="#[32]">TIMER1_IRQHandler</a> from startup_gd32e10x.o(.text) referenced from startup_gd32e10x.o(RESET)
 <LI><a href="#[33]">TIMER2_IRQHandler</a> from gd32e10x_it.o(.text.TIMER2_IRQHandler) referenced from startup_gd32e10x.o(RESET)
 <LI><a href="#[34]">TIMER3_IRQHandler</a> from startup_gd32e10x.o(.text) referenced from startup_gd32e10x.o(RESET)
 <LI><a href="#[46]">TIMER4_IRQHandler</a> from startup_gd32e10x.o(.text) referenced from startup_gd32e10x.o(RESET)
 <LI><a href="#[4a]">TIMER5_IRQHandler</a> from startup_gd32e10x.o(.text) referenced from startup_gd32e10x.o(RESET)
 <LI><a href="#[4b]">TIMER6_IRQHandler</a> from startup_gd32e10x.o(.text) referenced from startup_gd32e10x.o(RESET)
 <LI><a href="#[41]">TIMER7_BRK_TIMER11_IRQHandler</a> from startup_gd32e10x.o(.text) referenced from startup_gd32e10x.o(RESET)
 <LI><a href="#[44]">TIMER7_Channel_IRQHandler</a> from startup_gd32e10x.o(.text) referenced from startup_gd32e10x.o(RESET)
 <LI><a href="#[43]">TIMER7_TRG_CMT_TIMER13_IRQHandler</a> from startup_gd32e10x.o(.text) referenced from startup_gd32e10x.o(RESET)
 <LI><a href="#[42]">TIMER7_UP_TIMER12_IRQHandler</a> from startup_gd32e10x.o(.text) referenced from startup_gd32e10x.o(RESET)
 <LI><a href="#[48]">UART3_IRQHandler</a> from startup_gd32e10x.o(.text) referenced from startup_gd32e10x.o(RESET)
 <LI><a href="#[49]">UART4_IRQHandler</a> from startup_gd32e10x.o(.text) referenced from startup_gd32e10x.o(RESET)
 <LI><a href="#[3b]">USART0_IRQHandler</a> from startup_gd32e10x.o(.text) referenced from startup_gd32e10x.o(RESET)
 <LI><a href="#[3c]">USART1_IRQHandler</a> from startup_gd32e10x.o(.text) referenced from startup_gd32e10x.o(RESET)
 <LI><a href="#[3d]">USART2_IRQHandler</a> from startup_gd32e10x.o(.text) referenced from startup_gd32e10x.o(RESET)
 <LI><a href="#[51]">USBFS_IRQHandler</a> from gd32e10x_it.o(.text.USBFS_IRQHandler) referenced from startup_gd32e10x.o(RESET)
 <LI><a href="#[40]">USBFS_WKUP_IRQHandler</a> from gd32e10x_it.o(.text.USBFS_WKUP_IRQHandler) referenced from startup_gd32e10x.o(RESET)
 <LI><a href="#[15]">UsageFault_Handler</a> from gd32e10x_it.o(.text.UsageFault_Handler) referenced from startup_gd32e10x.o(RESET)
 <LI><a href="#[5a]">W25Q_deselect</a> from main.o(.text.W25Q_deselect) referenced 2 times from main.o(.text.main)
 <LI><a href="#[59]">W25Q_select</a> from main.o(.text.W25Q_select) referenced 2 times from main.o(.text.main)
 <LI><a href="#[55]">W5500_deselect</a> from main.o(.text.W5500_deselect) referenced 2 times from main.o(.text.main)
 <LI><a href="#[54]">W5500_select</a> from main.o(.text.W5500_select) referenced 2 times from main.o(.text.main)
 <LI><a href="#[1a]">WWDGT_IRQHandler</a> from startup_gd32e10x.o(.text) referenced from startup_gd32e10x.o(RESET)
 <LI><a href="#[53]">__main</a> from __main.o(!!!main) referenced from startup_gd32e10x.o(.text)
 <LI><a href="#[60]">_usb_std_clearfeature</a> from usbd_enum.o(.text._usb_std_clearfeature) referenced from usbd_enum.o(.text.usbd_standard_request)
 <LI><a href="#[66]">_usb_std_getconfiguration</a> from usbd_enum.o(.text._usb_std_getconfiguration) referenced from usbd_enum.o(.text.usbd_standard_request)
 <LI><a href="#[64]">_usb_std_getdescriptor</a> from usbd_enum.o(.text._usb_std_getdescriptor) referenced from usbd_enum.o(.text.usbd_standard_request)
 <LI><a href="#[68]">_usb_std_getinterface</a> from usbd_enum.o(.text._usb_std_getinterface) referenced from usbd_enum.o(.text.usbd_standard_request)
 <LI><a href="#[5f]">_usb_std_getstatus</a> from usbd_enum.o(.text._usb_std_getstatus) referenced from usbd_enum.o(.text.usbd_standard_request)
 <LI><a href="#[61]">_usb_std_reserved</a> from usbd_enum.o(.text._usb_std_reserved) referenced 2 times from usbd_enum.o(.text.usbd_standard_request)
 <LI><a href="#[63]">_usb_std_setaddress</a> from usbd_enum.o(.text._usb_std_setaddress) referenced from usbd_enum.o(.text.usbd_standard_request)
 <LI><a href="#[67]">_usb_std_setconfiguration</a> from usbd_enum.o(.text._usb_std_setconfiguration) referenced from usbd_enum.o(.text.usbd_standard_request)
 <LI><a href="#[65]">_usb_std_setdescriptor</a> from usbd_enum.o(.text._usb_std_setdescriptor) referenced from usbd_enum.o(.text.usbd_standard_request)
 <LI><a href="#[62]">_usb_std_setfeature</a> from usbd_enum.o(.text._usb_std_setfeature) referenced from usbd_enum.o(.text.usbd_standard_request)
 <LI><a href="#[69]">_usb_std_setinterface</a> from usbd_enum.o(.text._usb_std_setinterface) referenced from usbd_enum.o(.text.usbd_standard_request)
 <LI><a href="#[6a]">_usb_std_synchframe</a> from usbd_enum.o(.text._usb_std_synchframe) referenced from usbd_enum.o(.text.usbd_standard_request)
 <LI><a href="#[0]">default_ip_assign</a> from dhcp.o(.text.default_ip_assign) referenced 2 times from dhcp.o(.data..L_MergedGlobals)
 <LI><a href="#[0]">default_ip_assign</a> from dhcp.o(.text.default_ip_assign) referenced 2 times from dhcp.o(.text.reg_dhcp_cbfunc)
 <LI><a href="#[2]">default_ip_conflict</a> from dhcp.o(.text.default_ip_conflict) referenced 2 times from dhcp.o(.data..L_MergedGlobals)
 <LI><a href="#[2]">default_ip_conflict</a> from dhcp.o(.text.default_ip_conflict) referenced 2 times from dhcp.o(.text.reg_dhcp_cbfunc)
 <LI><a href="#[1]">default_ip_update</a> from dhcp.o(.text.default_ip_update) referenced 2 times from dhcp.o(.data..L_MergedGlobals)
 <LI><a href="#[1]">default_ip_update</a> from dhcp.o(.text.default_ip_update) referenced 2 times from dhcp.o(.text.reg_dhcp_cbfunc)
 <LI><a href="#[e]">hid_data_in</a> from custom_hid_core.o(.text.hid_data_in) referenced 2 times from custom_hid_core.o(.data.usbd_hid_cb)
 <LI><a href="#[f]">hid_data_out</a> from custom_hid_core.o(.text.hid_data_out) referenced 2 times from custom_hid_core.o(.data.usbd_hid_cb)
 <LI><a href="#[c]">hid_deinit</a> from custom_hid_core.o(.text.hid_deinit) referenced 2 times from custom_hid_core.o(.data.usbd_hid_cb)
 <LI><a href="#[b]">hid_init</a> from custom_hid_core.o(.text.hid_init) referenced 2 times from custom_hid_core.o(.data.usbd_hid_cb)
 <LI><a href="#[a]">hid_key_data_send</a> from hid_keyboard_itf.o(.text.hid_key_data_send) referenced 2 times from hid_keyboard_itf.o(.data.fop_handler)
 <LI><a href="#[d]">hid_req</a> from custom_hid_core.o(.text.hid_req) referenced 2 times from custom_hid_core.o(.data.usbd_hid_cb)
 <LI><a href="#[9]">key_config</a> from hid_keyboard_itf.o(.text.key_config) referenced 2 times from hid_keyboard_itf.o(.data.fop_handler)
 <LI><a href="#[5b]">w5500_dhcp_assign</a> from main.o(.text.w5500_dhcp_assign) referenced 2 times from main.o(.text.main)
 <LI><a href="#[5c]">w5500_dhcp_conflict</a> from main.o(.text.w5500_dhcp_conflict) referenced 2 times from main.o(.text.main)
 <LI><a href="#[7]">wizchip_bus_readdata</a> from wizchip_conf.o(.text.wizchip_bus_readdata) referenced 2 times from wizchip_conf.o(.data.WIZCHIP)
 <LI><a href="#[8]">wizchip_bus_writedata</a> from wizchip_conf.o(.text.wizchip_bus_writedata) referenced 2 times from wizchip_conf.o(.data.WIZCHIP)
 <LI><a href="#[3]">wizchip_cris_enter</a> from wizchip_conf.o(.text.wizchip_cris_enter) referenced 2 times from wizchip_conf.o(.data.WIZCHIP)
 <LI><a href="#[4]">wizchip_cris_exit</a> from wizchip_conf.o(.text.wizchip_cris_exit) referenced 2 times from wizchip_conf.o(.data.WIZCHIP)
 <LI><a href="#[6]">wizchip_cs_deselect</a> from wizchip_conf.o(.text.wizchip_cs_deselect) referenced 2 times from wizchip_conf.o(.data.WIZCHIP)
 <LI><a href="#[6]">wizchip_cs_deselect</a> from wizchip_conf.o(.text.wizchip_cs_deselect) referenced 2 times from wizchip_conf.o(.text.reg_wizchip_cs_cbfunc)
 <LI><a href="#[5]">wizchip_cs_select</a> from wizchip_conf.o(.text.wizchip_cs_select) referenced 2 times from wizchip_conf.o(.data.WIZCHIP)
 <LI><a href="#[5]">wizchip_cs_select</a> from wizchip_conf.o(.text.wizchip_cs_select) referenced 2 times from wizchip_conf.o(.text.reg_wizchip_cs_cbfunc)
 <LI><a href="#[5d]">wizchip_spi_readbyte</a> from wizchip_conf.o(.text.wizchip_spi_readbyte) referenced 2 times from wizchip_conf.o(.text.reg_wizchip_spi_cbfunc)
 <LI><a href="#[5e]">wizchip_spi_writebyte</a> from wizchip_conf.o(.text.wizchip_spi_writebyte) referenced 2 times from wizchip_conf.o(.text.reg_wizchip_spi_cbfunc)
</UL>
<P>
<H3>
Global Symbols
</H3>
<P><STRONG><a name="[53]"></a>__main</STRONG> (Thumb, 8 bytes, Stack size 0 bytes, __main.o(!!!main))
<BR><BR>[Calls]<UL><LI><a href="#[6c]">&gt;&gt;</a>&nbsp;&nbsp;&nbsp;__rt_entry
<LI><a href="#[6b]">&gt;&gt;</a>&nbsp;&nbsp;&nbsp;__scatterload
</UL>
<BR>[Address Reference Count : 1]<UL><LI> startup_gd32e10x.o(.text)
</UL>
<P><STRONG><a name="[6b]"></a>__scatterload</STRONG> (Thumb, 0 bytes, Stack size unknown bytes, __scatter.o(!!!scatter))
<BR><BR>[Called By]<UL><LI><a href="#[53]">&gt;&gt;</a>&nbsp;&nbsp;&nbsp;__main
</UL>

<P><STRONG><a name="[6d]"></a>__scatterload_rt2</STRONG> (Thumb, 44 bytes, Stack size unknown bytes, __scatter.o(!!!scatter), UNUSED)
<BR><BR>[Calls]<UL><LI><a href="#[6c]">&gt;&gt;</a>&nbsp;&nbsp;&nbsp;__rt_entry
</UL>

<P><STRONG><a name="[f7]"></a>__scatterload_rt2_thumb_only</STRONG> (Thumb, 0 bytes, Stack size unknown bytes, __scatter.o(!!!scatter), UNUSED)

<P><STRONG><a name="[f8]"></a>__scatterload_null</STRONG> (Thumb, 0 bytes, Stack size unknown bytes, __scatter.o(!!!scatter), UNUSED)

<P><STRONG><a name="[f9]"></a>__decompress</STRONG> (Thumb, 58 bytes, Stack size unknown bytes, __dczerorl.o(!!dczerorl), UNUSED)

<P><STRONG><a name="[fa]"></a>__decompress0</STRONG> (Thumb, 0 bytes, Stack size unknown bytes, __dczerorl.o(!!dczerorl), UNUSED)

<P><STRONG><a name="[fb]"></a>__scatterload_zeroinit</STRONG> (Thumb, 28 bytes, Stack size unknown bytes, __scatter_zi.o(!!handler_zi), UNUSED)

<P><STRONG><a name="[73]"></a>__rt_lib_init</STRONG> (Thumb, 0 bytes, Stack size unknown bytes, libinit.o(.ARM.Collect$$libinit$$00000000))
<BR><BR>[Called By]<UL><LI><a href="#[72]">&gt;&gt;</a>&nbsp;&nbsp;&nbsp;__rt_entry_li
</UL>

<P><STRONG><a name="[6e]"></a>__rt_lib_init_fp_1</STRONG> (Thumb, 0 bytes, Stack size unknown bytes, libinit2.o(.ARM.Collect$$libinit$$00000001))
<BR><BR>[Calls]<UL><LI><a href="#[6f]">&gt;&gt;</a>&nbsp;&nbsp;&nbsp;_fp_init
</UL>

<P><STRONG><a name="[fc]"></a>__rt_lib_init_alloca_1</STRONG> (Thumb, 0 bytes, Stack size unknown bytes, libinit2.o(.ARM.Collect$$libinit$$00000030))

<P><STRONG><a name="[fd]"></a>__rt_lib_init_argv_1</STRONG> (Thumb, 0 bytes, Stack size unknown bytes, libinit2.o(.ARM.Collect$$libinit$$0000002E))

<P><STRONG><a name="[fe]"></a>__rt_lib_init_atexit_1</STRONG> (Thumb, 0 bytes, Stack size unknown bytes, libinit2.o(.ARM.Collect$$libinit$$0000001D))

<P><STRONG><a name="[ff]"></a>__rt_lib_init_clock_1</STRONG> (Thumb, 0 bytes, Stack size unknown bytes, libinit2.o(.ARM.Collect$$libinit$$00000023))

<P><STRONG><a name="[100]"></a>__rt_lib_init_cpp_1</STRONG> (Thumb, 0 bytes, Stack size unknown bytes, libinit2.o(.ARM.Collect$$libinit$$00000034))

<P><STRONG><a name="[101]"></a>__rt_lib_init_exceptions_1</STRONG> (Thumb, 0 bytes, Stack size unknown bytes, libinit2.o(.ARM.Collect$$libinit$$00000032))

<P><STRONG><a name="[102]"></a>__rt_lib_init_fp_trap_1</STRONG> (Thumb, 0 bytes, Stack size unknown bytes, libinit2.o(.ARM.Collect$$libinit$$00000021))

<P><STRONG><a name="[103]"></a>__rt_lib_init_getenv_1</STRONG> (Thumb, 0 bytes, Stack size unknown bytes, libinit2.o(.ARM.Collect$$libinit$$00000025))

<P><STRONG><a name="[104]"></a>__rt_lib_init_heap_1</STRONG> (Thumb, 0 bytes, Stack size unknown bytes, libinit2.o(.ARM.Collect$$libinit$$0000000C))

<P><STRONG><a name="[105]"></a>__rt_lib_init_lc_collate_1</STRONG> (Thumb, 0 bytes, Stack size unknown bytes, libinit2.o(.ARM.Collect$$libinit$$00000013))

<P><STRONG><a name="[106]"></a>__rt_lib_init_lc_ctype_1</STRONG> (Thumb, 0 bytes, Stack size unknown bytes, libinit2.o(.ARM.Collect$$libinit$$00000015))

<P><STRONG><a name="[107]"></a>__rt_lib_init_lc_monetary_1</STRONG> (Thumb, 0 bytes, Stack size unknown bytes, libinit2.o(.ARM.Collect$$libinit$$00000017))

<P><STRONG><a name="[108]"></a>__rt_lib_init_lc_numeric_1</STRONG> (Thumb, 0 bytes, Stack size unknown bytes, libinit2.o(.ARM.Collect$$libinit$$00000019))

<P><STRONG><a name="[109]"></a>__rt_lib_init_lc_time_1</STRONG> (Thumb, 0 bytes, Stack size unknown bytes, libinit2.o(.ARM.Collect$$libinit$$0000001B))

<P><STRONG><a name="[10a]"></a>__rt_lib_init_preinit_1</STRONG> (Thumb, 0 bytes, Stack size unknown bytes, libinit2.o(.ARM.Collect$$libinit$$00000006))

<P><STRONG><a name="[10b]"></a>__rt_lib_init_rand_1</STRONG> (Thumb, 0 bytes, Stack size unknown bytes, libinit2.o(.ARM.Collect$$libinit$$00000010))

<P><STRONG><a name="[10c]"></a>__rt_lib_init_relocate_pie_1</STRONG> (Thumb, 0 bytes, Stack size unknown bytes, libinit2.o(.ARM.Collect$$libinit$$00000004))

<P><STRONG><a name="[10d]"></a>__rt_lib_init_return</STRONG> (Thumb, 0 bytes, Stack size unknown bytes, libinit2.o(.ARM.Collect$$libinit$$00000035))

<P><STRONG><a name="[10e]"></a>__rt_lib_init_signal_1</STRONG> (Thumb, 0 bytes, Stack size unknown bytes, libinit2.o(.ARM.Collect$$libinit$$0000001F))

<P><STRONG><a name="[10f]"></a>__rt_lib_init_stdio_1</STRONG> (Thumb, 0 bytes, Stack size unknown bytes, libinit2.o(.ARM.Collect$$libinit$$00000027))

<P><STRONG><a name="[110]"></a>__rt_lib_init_user_alloc_1</STRONG> (Thumb, 0 bytes, Stack size unknown bytes, libinit2.o(.ARM.Collect$$libinit$$0000000E))

<P><STRONG><a name="[78]"></a>__rt_lib_shutdown</STRONG> (Thumb, 0 bytes, Stack size unknown bytes, libshutdown.o(.ARM.Collect$$libshutdown$$00000000))
<BR><BR>[Called By]<UL><LI><a href="#[77]">&gt;&gt;</a>&nbsp;&nbsp;&nbsp;__rt_exit_ls
</UL>

<P><STRONG><a name="[111]"></a>__rt_lib_shutdown_cpp_1</STRONG> (Thumb, 0 bytes, Stack size unknown bytes, libshutdown2.o(.ARM.Collect$$libshutdown$$00000002))

<P><STRONG><a name="[112]"></a>__rt_lib_shutdown_fp_trap_1</STRONG> (Thumb, 0 bytes, Stack size unknown bytes, libshutdown2.o(.ARM.Collect$$libshutdown$$00000007))

<P><STRONG><a name="[113]"></a>__rt_lib_shutdown_heap_1</STRONG> (Thumb, 0 bytes, Stack size unknown bytes, libshutdown2.o(.ARM.Collect$$libshutdown$$0000000F))

<P><STRONG><a name="[114]"></a>__rt_lib_shutdown_return</STRONG> (Thumb, 0 bytes, Stack size unknown bytes, libshutdown2.o(.ARM.Collect$$libshutdown$$00000010))

<P><STRONG><a name="[115]"></a>__rt_lib_shutdown_signal_1</STRONG> (Thumb, 0 bytes, Stack size unknown bytes, libshutdown2.o(.ARM.Collect$$libshutdown$$0000000A))

<P><STRONG><a name="[116]"></a>__rt_lib_shutdown_stdio_1</STRONG> (Thumb, 0 bytes, Stack size unknown bytes, libshutdown2.o(.ARM.Collect$$libshutdown$$00000004))

<P><STRONG><a name="[117]"></a>__rt_lib_shutdown_user_alloc_1</STRONG> (Thumb, 0 bytes, Stack size unknown bytes, libshutdown2.o(.ARM.Collect$$libshutdown$$0000000C))

<P><STRONG><a name="[6c]"></a>__rt_entry</STRONG> (Thumb, 0 bytes, Stack size unknown bytes, __rtentry.o(.ARM.Collect$$rtentry$$00000000))
<BR><BR>[Called By]<UL><LI><a href="#[53]">&gt;&gt;</a>&nbsp;&nbsp;&nbsp;__main
<LI><a href="#[6d]">&gt;&gt;</a>&nbsp;&nbsp;&nbsp;__scatterload_rt2
</UL>

<P><STRONG><a name="[118]"></a>__rt_entry_presh_1</STRONG> (Thumb, 0 bytes, Stack size unknown bytes, __rtentry2.o(.ARM.Collect$$rtentry$$00000002))

<P><STRONG><a name="[70]"></a>__rt_entry_sh</STRONG> (Thumb, 0 bytes, Stack size unknown bytes, __rtentry4.o(.ARM.Collect$$rtentry$$00000004))
<BR><BR>[Stack]<UL><LI>Max Depth = 8 + Unknown Stack Size
<LI>Call Chain = __rt_entry_sh &rArr; __user_setup_stackheap
</UL>
<BR>[Calls]<UL><LI><a href="#[71]">&gt;&gt;</a>&nbsp;&nbsp;&nbsp;__user_setup_stackheap
</UL>

<P><STRONG><a name="[72]"></a>__rt_entry_li</STRONG> (Thumb, 0 bytes, Stack size unknown bytes, __rtentry2.o(.ARM.Collect$$rtentry$$0000000A))
<BR><BR>[Calls]<UL><LI><a href="#[73]">&gt;&gt;</a>&nbsp;&nbsp;&nbsp;__rt_lib_init
</UL>

<P><STRONG><a name="[119]"></a>__rt_entry_postsh_1</STRONG> (Thumb, 0 bytes, Stack size unknown bytes, __rtentry2.o(.ARM.Collect$$rtentry$$00000009))

<P><STRONG><a name="[74]"></a>__rt_entry_main</STRONG> (Thumb, 0 bytes, Stack size unknown bytes, __rtentry2.o(.ARM.Collect$$rtentry$$0000000D))
<BR><BR>[Stack]<UL><LI>Max Depth = 320 + Unknown Stack Size
<LI>Call Chain = __rt_entry_main &rArr; main &rArr; SEGGER_RTT_printf &rArr; SEGGER_RTT_vprintf &rArr; _PrintUnsigned &rArr; SEGGER_RTT_Write &rArr; SEGGER_RTT_WriteNoLock
</UL>
<BR>[Calls]<UL><LI><a href="#[75]">&gt;&gt;</a>&nbsp;&nbsp;&nbsp;main
<LI><a href="#[76]">&gt;&gt;</a>&nbsp;&nbsp;&nbsp;exit
</UL>

<P><STRONG><a name="[11a]"></a>__rt_entry_postli_1</STRONG> (Thumb, 0 bytes, Stack size unknown bytes, __rtentry2.o(.ARM.Collect$$rtentry$$0000000C))

<P><STRONG><a name="[81]"></a>__rt_exit</STRONG> (Thumb, 0 bytes, Stack size unknown bytes, rtexit.o(.ARM.Collect$$rtexit$$00000000))
<BR><BR>[Called By]<UL><LI><a href="#[76]">&gt;&gt;</a>&nbsp;&nbsp;&nbsp;exit
</UL>

<P><STRONG><a name="[77]"></a>__rt_exit_ls</STRONG> (Thumb, 0 bytes, Stack size unknown bytes, rtexit2.o(.ARM.Collect$$rtexit$$00000003))
<BR><BR>[Calls]<UL><LI><a href="#[78]">&gt;&gt;</a>&nbsp;&nbsp;&nbsp;__rt_lib_shutdown
</UL>

<P><STRONG><a name="[11b]"></a>__rt_exit_prels_1</STRONG> (Thumb, 0 bytes, Stack size unknown bytes, rtexit2.o(.ARM.Collect$$rtexit$$00000002))

<P><STRONG><a name="[79]"></a>__rt_exit_exit</STRONG> (Thumb, 0 bytes, Stack size unknown bytes, rtexit2.o(.ARM.Collect$$rtexit$$00000004))
<BR><BR>[Calls]<UL><LI><a href="#[7a]">&gt;&gt;</a>&nbsp;&nbsp;&nbsp;_sys_exit
</UL>

<P><STRONG><a name="[10]"></a>Reset_Handler</STRONG> (Thumb, 8 bytes, Stack size 0 bytes, startup_gd32e10x.o(.text))
<BR>[Address Reference Count : 1]<UL><LI> startup_gd32e10x.o(RESET)
</UL>
<P><STRONG><a name="[2c]"></a>ADC0_1_IRQHandler</STRONG> (Thumb, 0 bytes, Stack size 0 bytes, startup_gd32e10x.o(.text))
<BR><BR>[Calls]<UL><LI><a href="#[2c]">&gt;&gt;</a>&nbsp;&nbsp;&nbsp;ADC0_1_IRQHandler
</UL>
<BR>[Called By]<UL><LI><a href="#[2c]">&gt;&gt;</a>&nbsp;&nbsp;&nbsp;ADC0_1_IRQHandler
</UL>
<BR>[Address Reference Count : 1]<UL><LI> startup_gd32e10x.o(RESET)
</UL>
<P><STRONG><a name="[25]"></a>DMA0_Channel0_IRQHandler</STRONG> (Thumb, 0 bytes, Stack size 0 bytes, startup_gd32e10x.o(.text))
<BR>[Address Reference Count : 1]<UL><LI> startup_gd32e10x.o(RESET)
</UL>
<P><STRONG><a name="[26]"></a>DMA0_Channel1_IRQHandler</STRONG> (Thumb, 0 bytes, Stack size 0 bytes, startup_gd32e10x.o(.text))
<BR>[Address Reference Count : 1]<UL><LI> startup_gd32e10x.o(RESET)
</UL>
<P><STRONG><a name="[27]"></a>DMA0_Channel2_IRQHandler</STRONG> (Thumb, 0 bytes, Stack size 0 bytes, startup_gd32e10x.o(.text))
<BR>[Address Reference Count : 1]<UL><LI> startup_gd32e10x.o(RESET)
</UL>
<P><STRONG><a name="[28]"></a>DMA0_Channel3_IRQHandler</STRONG> (Thumb, 0 bytes, Stack size 0 bytes, startup_gd32e10x.o(.text))
<BR>[Address Reference Count : 1]<UL><LI> startup_gd32e10x.o(RESET)
</UL>
<P><STRONG><a name="[29]"></a>DMA0_Channel4_IRQHandler</STRONG> (Thumb, 0 bytes, Stack size 0 bytes, startup_gd32e10x.o(.text))
<BR>[Address Reference Count : 1]<UL><LI> startup_gd32e10x.o(RESET)
</UL>
<P><STRONG><a name="[2a]"></a>DMA0_Channel5_IRQHandler</STRONG> (Thumb, 0 bytes, Stack size 0 bytes, startup_gd32e10x.o(.text))
<BR>[Address Reference Count : 1]<UL><LI> startup_gd32e10x.o(RESET)
</UL>
<P><STRONG><a name="[2b]"></a>DMA0_Channel6_IRQHandler</STRONG> (Thumb, 0 bytes, Stack size 0 bytes, startup_gd32e10x.o(.text))
<BR>[Address Reference Count : 1]<UL><LI> startup_gd32e10x.o(RESET)
</UL>
<P><STRONG><a name="[4c]"></a>DMA1_Channel0_IRQHandler</STRONG> (Thumb, 0 bytes, Stack size 0 bytes, startup_gd32e10x.o(.text))
<BR>[Address Reference Count : 1]<UL><LI> startup_gd32e10x.o(RESET)
</UL>
<P><STRONG><a name="[4d]"></a>DMA1_Channel1_IRQHandler</STRONG> (Thumb, 0 bytes, Stack size 0 bytes, startup_gd32e10x.o(.text))
<BR>[Address Reference Count : 1]<UL><LI> startup_gd32e10x.o(RESET)
</UL>
<P><STRONG><a name="[4e]"></a>DMA1_Channel2_IRQHandler</STRONG> (Thumb, 0 bytes, Stack size 0 bytes, startup_gd32e10x.o(.text))
<BR>[Address Reference Count : 1]<UL><LI> startup_gd32e10x.o(RESET)
</UL>
<P><STRONG><a name="[4f]"></a>DMA1_Channel3_IRQHandler</STRONG> (Thumb, 0 bytes, Stack size 0 bytes, startup_gd32e10x.o(.text))
<BR>[Address Reference Count : 1]<UL><LI> startup_gd32e10x.o(RESET)
</UL>
<P><STRONG><a name="[50]"></a>DMA1_Channel4_IRQHandler</STRONG> (Thumb, 0 bytes, Stack size 0 bytes, startup_gd32e10x.o(.text))
<BR>[Address Reference Count : 1]<UL><LI> startup_gd32e10x.o(RESET)
</UL>
<P><STRONG><a name="[45]"></a>EXMC_IRQHandler</STRONG> (Thumb, 0 bytes, Stack size 0 bytes, startup_gd32e10x.o(.text))
<BR>[Address Reference Count : 1]<UL><LI> startup_gd32e10x.o(RESET)
</UL>
<P><STRONG><a name="[20]"></a>EXTI0_IRQHandler</STRONG> (Thumb, 0 bytes, Stack size 0 bytes, startup_gd32e10x.o(.text))
<BR>[Address Reference Count : 1]<UL><LI> startup_gd32e10x.o(RESET)
</UL>
<P><STRONG><a name="[3e]"></a>EXTI10_15_IRQHandler</STRONG> (Thumb, 0 bytes, Stack size 0 bytes, startup_gd32e10x.o(.text))
<BR>[Address Reference Count : 1]<UL><LI> startup_gd32e10x.o(RESET)
</UL>
<P><STRONG><a name="[21]"></a>EXTI1_IRQHandler</STRONG> (Thumb, 0 bytes, Stack size 0 bytes, startup_gd32e10x.o(.text))
<BR>[Address Reference Count : 1]<UL><LI> startup_gd32e10x.o(RESET)
</UL>
<P><STRONG><a name="[22]"></a>EXTI2_IRQHandler</STRONG> (Thumb, 0 bytes, Stack size 0 bytes, startup_gd32e10x.o(.text))
<BR>[Address Reference Count : 1]<UL><LI> startup_gd32e10x.o(RESET)
</UL>
<P><STRONG><a name="[23]"></a>EXTI3_IRQHandler</STRONG> (Thumb, 0 bytes, Stack size 0 bytes, startup_gd32e10x.o(.text))
<BR>[Address Reference Count : 1]<UL><LI> startup_gd32e10x.o(RESET)
</UL>
<P><STRONG><a name="[24]"></a>EXTI4_IRQHandler</STRONG> (Thumb, 0 bytes, Stack size 0 bytes, startup_gd32e10x.o(.text))
<BR>[Address Reference Count : 1]<UL><LI> startup_gd32e10x.o(RESET)
</UL>
<P><STRONG><a name="[2d]"></a>EXTI5_9_IRQHandler</STRONG> (Thumb, 0 bytes, Stack size 0 bytes, startup_gd32e10x.o(.text))
<BR>[Address Reference Count : 1]<UL><LI> startup_gd32e10x.o(RESET)
</UL>
<P><STRONG><a name="[1e]"></a>FMC_IRQHandler</STRONG> (Thumb, 0 bytes, Stack size 0 bytes, startup_gd32e10x.o(.text))
<BR>[Address Reference Count : 1]<UL><LI> startup_gd32e10x.o(RESET)
</UL>
<P><STRONG><a name="[36]"></a>I2C0_ER_IRQHandler</STRONG> (Thumb, 0 bytes, Stack size 0 bytes, startup_gd32e10x.o(.text))
<BR>[Address Reference Count : 1]<UL><LI> startup_gd32e10x.o(RESET)
</UL>
<P><STRONG><a name="[35]"></a>I2C0_EV_IRQHandler</STRONG> (Thumb, 0 bytes, Stack size 0 bytes, startup_gd32e10x.o(.text))
<BR>[Address Reference Count : 1]<UL><LI> startup_gd32e10x.o(RESET)
</UL>
<P><STRONG><a name="[38]"></a>I2C1_ER_IRQHandler</STRONG> (Thumb, 0 bytes, Stack size 0 bytes, startup_gd32e10x.o(.text))
<BR>[Address Reference Count : 1]<UL><LI> startup_gd32e10x.o(RESET)
</UL>
<P><STRONG><a name="[37]"></a>I2C1_EV_IRQHandler</STRONG> (Thumb, 0 bytes, Stack size 0 bytes, startup_gd32e10x.o(.text))
<BR>[Address Reference Count : 1]<UL><LI> startup_gd32e10x.o(RESET)
</UL>
<P><STRONG><a name="[1b]"></a>LVD_IRQHandler</STRONG> (Thumb, 0 bytes, Stack size 0 bytes, startup_gd32e10x.o(.text))
<BR>[Address Reference Count : 1]<UL><LI> startup_gd32e10x.o(RESET)
</UL>
<P><STRONG><a name="[1f]"></a>RCU_CTC_IRQHandler</STRONG> (Thumb, 0 bytes, Stack size 0 bytes, startup_gd32e10x.o(.text))
<BR>[Address Reference Count : 1]<UL><LI> startup_gd32e10x.o(RESET)
</UL>
<P><STRONG><a name="[3f]"></a>RTC_Alarm_IRQHandler</STRONG> (Thumb, 0 bytes, Stack size 0 bytes, startup_gd32e10x.o(.text))
<BR>[Address Reference Count : 1]<UL><LI> startup_gd32e10x.o(RESET)
</UL>
<P><STRONG><a name="[1d]"></a>RTC_IRQHandler</STRONG> (Thumb, 0 bytes, Stack size 0 bytes, startup_gd32e10x.o(.text))
<BR>[Address Reference Count : 1]<UL><LI> startup_gd32e10x.o(RESET)
</UL>
<P><STRONG><a name="[39]"></a>SPI0_IRQHandler</STRONG> (Thumb, 0 bytes, Stack size 0 bytes, startup_gd32e10x.o(.text))
<BR>[Address Reference Count : 1]<UL><LI> startup_gd32e10x.o(RESET)
</UL>
<P><STRONG><a name="[3a]"></a>SPI1_IRQHandler</STRONG> (Thumb, 0 bytes, Stack size 0 bytes, startup_gd32e10x.o(.text))
<BR>[Address Reference Count : 1]<UL><LI> startup_gd32e10x.o(RESET)
</UL>
<P><STRONG><a name="[47]"></a>SPI2_IRQHandler</STRONG> (Thumb, 0 bytes, Stack size 0 bytes, startup_gd32e10x.o(.text))
<BR>[Address Reference Count : 1]<UL><LI> startup_gd32e10x.o(RESET)
</UL>
<P><STRONG><a name="[1c]"></a>TAMPER_IRQHandler</STRONG> (Thumb, 0 bytes, Stack size 0 bytes, startup_gd32e10x.o(.text))
<BR>[Address Reference Count : 1]<UL><LI> startup_gd32e10x.o(RESET)
</UL>
<P><STRONG><a name="[2e]"></a>TIMER0_BRK_TIMER8_IRQHandler</STRONG> (Thumb, 0 bytes, Stack size 0 bytes, startup_gd32e10x.o(.text))
<BR>[Address Reference Count : 1]<UL><LI> startup_gd32e10x.o(RESET)
</UL>
<P><STRONG><a name="[31]"></a>TIMER0_Channel_IRQHandler</STRONG> (Thumb, 0 bytes, Stack size 0 bytes, startup_gd32e10x.o(.text))
<BR>[Address Reference Count : 1]<UL><LI> startup_gd32e10x.o(RESET)
</UL>
<P><STRONG><a name="[30]"></a>TIMER0_TRG_CMT_TIMER10_IRQHandler</STRONG> (Thumb, 0 bytes, Stack size 0 bytes, startup_gd32e10x.o(.text))
<BR>[Address Reference Count : 1]<UL><LI> startup_gd32e10x.o(RESET)
</UL>
<P><STRONG><a name="[2f]"></a>TIMER0_UP_TIMER9_IRQHandler</STRONG> (Thumb, 0 bytes, Stack size 0 bytes, startup_gd32e10x.o(.text))
<BR>[Address Reference Count : 1]<UL><LI> startup_gd32e10x.o(RESET)
</UL>
<P><STRONG><a name="[32]"></a>TIMER1_IRQHandler</STRONG> (Thumb, 0 bytes, Stack size 0 bytes, startup_gd32e10x.o(.text))
<BR>[Address Reference Count : 1]<UL><LI> startup_gd32e10x.o(RESET)
</UL>
<P><STRONG><a name="[34]"></a>TIMER3_IRQHandler</STRONG> (Thumb, 0 bytes, Stack size 0 bytes, startup_gd32e10x.o(.text))
<BR>[Address Reference Count : 1]<UL><LI> startup_gd32e10x.o(RESET)
</UL>
<P><STRONG><a name="[46]"></a>TIMER4_IRQHandler</STRONG> (Thumb, 0 bytes, Stack size 0 bytes, startup_gd32e10x.o(.text))
<BR>[Address Reference Count : 1]<UL><LI> startup_gd32e10x.o(RESET)
</UL>
<P><STRONG><a name="[4a]"></a>TIMER5_IRQHandler</STRONG> (Thumb, 0 bytes, Stack size 0 bytes, startup_gd32e10x.o(.text))
<BR>[Address Reference Count : 1]<UL><LI> startup_gd32e10x.o(RESET)
</UL>
<P><STRONG><a name="[4b]"></a>TIMER6_IRQHandler</STRONG> (Thumb, 0 bytes, Stack size 0 bytes, startup_gd32e10x.o(.text))
<BR>[Address Reference Count : 1]<UL><LI> startup_gd32e10x.o(RESET)
</UL>
<P><STRONG><a name="[41]"></a>TIMER7_BRK_TIMER11_IRQHandler</STRONG> (Thumb, 0 bytes, Stack size 0 bytes, startup_gd32e10x.o(.text))
<BR>[Address Reference Count : 1]<UL><LI> startup_gd32e10x.o(RESET)
</UL>
<P><STRONG><a name="[44]"></a>TIMER7_Channel_IRQHandler</STRONG> (Thumb, 0 bytes, Stack size 0 bytes, startup_gd32e10x.o(.text))
<BR>[Address Reference Count : 1]<UL><LI> startup_gd32e10x.o(RESET)
</UL>
<P><STRONG><a name="[43]"></a>TIMER7_TRG_CMT_TIMER13_IRQHandler</STRONG> (Thumb, 0 bytes, Stack size 0 bytes, startup_gd32e10x.o(.text))
<BR>[Address Reference Count : 1]<UL><LI> startup_gd32e10x.o(RESET)
</UL>
<P><STRONG><a name="[42]"></a>TIMER7_UP_TIMER12_IRQHandler</STRONG> (Thumb, 0 bytes, Stack size 0 bytes, startup_gd32e10x.o(.text))
<BR>[Address Reference Count : 1]<UL><LI> startup_gd32e10x.o(RESET)
</UL>
<P><STRONG><a name="[48]"></a>UART3_IRQHandler</STRONG> (Thumb, 0 bytes, Stack size 0 bytes, startup_gd32e10x.o(.text))
<BR>[Address Reference Count : 1]<UL><LI> startup_gd32e10x.o(RESET)
</UL>
<P><STRONG><a name="[49]"></a>UART4_IRQHandler</STRONG> (Thumb, 0 bytes, Stack size 0 bytes, startup_gd32e10x.o(.text))
<BR>[Address Reference Count : 1]<UL><LI> startup_gd32e10x.o(RESET)
</UL>
<P><STRONG><a name="[3b]"></a>USART0_IRQHandler</STRONG> (Thumb, 0 bytes, Stack size 0 bytes, startup_gd32e10x.o(.text))
<BR>[Address Reference Count : 1]<UL><LI> startup_gd32e10x.o(RESET)
</UL>
<P><STRONG><a name="[3c]"></a>USART1_IRQHandler</STRONG> (Thumb, 0 bytes, Stack size 0 bytes, startup_gd32e10x.o(.text))
<BR>[Address Reference Count : 1]<UL><LI> startup_gd32e10x.o(RESET)
</UL>
<P><STRONG><a name="[3d]"></a>USART2_IRQHandler</STRONG> (Thumb, 0 bytes, Stack size 0 bytes, startup_gd32e10x.o(.text))
<BR>[Address Reference Count : 1]<UL><LI> startup_gd32e10x.o(RESET)
</UL>
<P><STRONG><a name="[1a]"></a>WWDGT_IRQHandler</STRONG> (Thumb, 0 bytes, Stack size 0 bytes, startup_gd32e10x.o(.text))
<BR>[Address Reference Count : 1]<UL><LI> startup_gd32e10x.o(RESET)
</UL>
<P><STRONG><a name="[80]"></a>__user_initial_stackheap</STRONG> (Thumb, 10 bytes, Stack size 0 bytes, startup_gd32e10x.o(.text))
<BR><BR>[Called By]<UL><LI><a href="#[71]">&gt;&gt;</a>&nbsp;&nbsp;&nbsp;__user_setup_stackheap
</UL>

<P><STRONG><a name="[94]"></a>__aeabi_memcpy</STRONG> (Thumb, 0 bytes, Stack size 0 bytes, rt_memcpy_v6.o(.text))
<BR><BR>[Called By]<UL><LI><a href="#[93]">&gt;&gt;</a>&nbsp;&nbsp;&nbsp;SEGGER_RTT_WriteNoLock
</UL>

<P><STRONG><a name="[7b]"></a>__rt_memcpy</STRONG> (Thumb, 138 bytes, Stack size 0 bytes, rt_memcpy_v6.o(.text), UNUSED)
<BR><BR>[Calls]<UL><LI><a href="#[7c]">&gt;&gt;</a>&nbsp;&nbsp;&nbsp;__aeabi_memcpy4
</UL>

<P><STRONG><a name="[11c]"></a>_memcpy_lastbytes</STRONG> (Thumb, 0 bytes, Stack size unknown bytes, rt_memcpy_v6.o(.text), UNUSED)

<P><STRONG><a name="[d4]"></a>__aeabi_memclr</STRONG> (Thumb, 0 bytes, Stack size unknown bytes, rt_memclr.o(.text))
<BR><BR>[Called By]<UL><LI><a href="#[8e]">&gt;&gt;</a>&nbsp;&nbsp;&nbsp;send_DHCP_DECLINE
<LI><a href="#[8a]">&gt;&gt;</a>&nbsp;&nbsp;&nbsp;send_DHCP_REQUEST
<LI><a href="#[89]">&gt;&gt;</a>&nbsp;&nbsp;&nbsp;send_DHCP_DISCOVER
</UL>

<P><STRONG><a name="[11d]"></a>__rt_memclr</STRONG> (Thumb, 0 bytes, Stack size unknown bytes, rt_memclr.o(.text), UNUSED)

<P><STRONG><a name="[7d]"></a>_memset</STRONG> (Thumb, 64 bytes, Stack size 0 bytes, rt_memclr.o(.text), UNUSED)
<BR><BR>[Calls]<UL><LI><a href="#[7e]">&gt;&gt;</a>&nbsp;&nbsp;&nbsp;_memset_w
</UL>

<P><STRONG><a name="[92]"></a>__aeabi_memclr4</STRONG> (Thumb, 0 bytes, Stack size unknown bytes, rt_memclr_w.o(.text))
<BR><BR>[Called By]<UL><LI><a href="#[d7]">&gt;&gt;</a>&nbsp;&nbsp;&nbsp;usb_basic_init
<LI><a href="#[b]">&gt;&gt;</a>&nbsp;&nbsp;&nbsp;hid_init
<LI><a href="#[91]">&gt;&gt;</a>&nbsp;&nbsp;&nbsp;SEGGER_RTT_Write
</UL>

<P><STRONG><a name="[11e]"></a>__aeabi_memclr8</STRONG> (Thumb, 0 bytes, Stack size unknown bytes, rt_memclr_w.o(.text), UNUSED)

<P><STRONG><a name="[11f]"></a>__rt_memclr_w</STRONG> (Thumb, 0 bytes, Stack size unknown bytes, rt_memclr_w.o(.text), UNUSED)

<P><STRONG><a name="[7e]"></a>_memset_w</STRONG> (Thumb, 74 bytes, Stack size 4 bytes, rt_memclr_w.o(.text), UNUSED)
<BR><BR>[Called By]<UL><LI><a href="#[7d]">&gt;&gt;</a>&nbsp;&nbsp;&nbsp;_memset
</UL>

<P><STRONG><a name="[120]"></a>__use_two_region_memory</STRONG> (Thumb, 2 bytes, Stack size 0 bytes, heapauxi.o(.text), UNUSED)

<P><STRONG><a name="[121]"></a>__rt_heap_escrow</STRONG> (Thumb, 2 bytes, Stack size 0 bytes, heapauxi.o(.text), UNUSED)

<P><STRONG><a name="[122]"></a>__rt_heap_expand</STRONG> (Thumb, 2 bytes, Stack size 0 bytes, heapauxi.o(.text), UNUSED)

<P><STRONG><a name="[7c]"></a>__aeabi_memcpy4</STRONG> (Thumb, 0 bytes, Stack size 8 bytes, rt_memcpy_w.o(.text), UNUSED)
<BR><BR>[Called By]<UL><LI><a href="#[7b]">&gt;&gt;</a>&nbsp;&nbsp;&nbsp;__rt_memcpy
</UL>

<P><STRONG><a name="[123]"></a>__aeabi_memcpy8</STRONG> (Thumb, 0 bytes, Stack size 8 bytes, rt_memcpy_w.o(.text), UNUSED)

<P><STRONG><a name="[124]"></a>__rt_memcpy_w</STRONG> (Thumb, 100 bytes, Stack size 8 bytes, rt_memcpy_w.o(.text), UNUSED)

<P><STRONG><a name="[125]"></a>_memcpy_lastbytes_aligned</STRONG> (Thumb, 0 bytes, Stack size unknown bytes, rt_memcpy_w.o(.text), UNUSED)

<P><STRONG><a name="[71]"></a>__user_setup_stackheap</STRONG> (Thumb, 74 bytes, Stack size 8 bytes, sys_stackheap_outer.o(.text))
<BR><BR>[Stack]<UL><LI>Max Depth = 8<LI>Call Chain = __user_setup_stackheap
</UL>
<BR>[Calls]<UL><LI><a href="#[80]">&gt;&gt;</a>&nbsp;&nbsp;&nbsp;__user_initial_stackheap
<LI><a href="#[7f]">&gt;&gt;</a>&nbsp;&nbsp;&nbsp;__user_perproc_libspace
</UL>
<BR>[Called By]<UL><LI><a href="#[70]">&gt;&gt;</a>&nbsp;&nbsp;&nbsp;__rt_entry_sh
</UL>

<P><STRONG><a name="[76]"></a>exit</STRONG> (Thumb, 18 bytes, Stack size 8 bytes, exit.o(.text))
<BR><BR>[Stack]<UL><LI>Max Depth = 8 + Unknown Stack Size
<LI>Call Chain = exit
</UL>
<BR>[Calls]<UL><LI><a href="#[81]">&gt;&gt;</a>&nbsp;&nbsp;&nbsp;__rt_exit
</UL>
<BR>[Called By]<UL><LI><a href="#[74]">&gt;&gt;</a>&nbsp;&nbsp;&nbsp;__rt_entry_main
</UL>

<P><STRONG><a name="[7a]"></a>_sys_exit</STRONG> (Thumb, 8 bytes, Stack size 0 bytes, sys_exit.o(.text))
<BR><BR>[Called By]<UL><LI><a href="#[79]">&gt;&gt;</a>&nbsp;&nbsp;&nbsp;__rt_exit_exit
</UL>

<P><STRONG><a name="[126]"></a>__user_libspace</STRONG> (Thumb, 8 bytes, Stack size 0 bytes, libspace.o(.text), UNUSED)

<P><STRONG><a name="[7f]"></a>__user_perproc_libspace</STRONG> (Thumb, 0 bytes, Stack size 0 bytes, libspace.o(.text))
<BR><BR>[Called By]<UL><LI><a href="#[71]">&gt;&gt;</a>&nbsp;&nbsp;&nbsp;__user_setup_stackheap
</UL>

<P><STRONG><a name="[127]"></a>__user_perthread_libspace</STRONG> (Thumb, 0 bytes, Stack size 0 bytes, libspace.o(.text), UNUSED)

<P><STRONG><a name="[128]"></a>__I$use$semihosting</STRONG> (Thumb, 0 bytes, Stack size 0 bytes, use_no_semi.o(.text), UNUSED)

<P><STRONG><a name="[129]"></a>__use_no_semihosting_swi</STRONG> (Thumb, 2 bytes, Stack size 0 bytes, use_no_semi.o(.text), UNUSED)

<P><STRONG><a name="[12a]"></a>__semihosting_library_function</STRONG> (Thumb, 0 bytes, Stack size unknown bytes, indicate_semi.o(.text), UNUSED)

<P><STRONG><a name="[14]"></a>BusFault_Handler</STRONG> (Thumb, 2 bytes, Stack size 0 bytes, gd32e10x_it.o(.text.BusFault_Handler))
<BR><BR>[Calls]<UL><LI><a href="#[14]">&gt;&gt;</a>&nbsp;&nbsp;&nbsp;BusFault_Handler
</UL>
<BR>[Called By]<UL><LI><a href="#[14]">&gt;&gt;</a>&nbsp;&nbsp;&nbsp;BusFault_Handler
</UL>
<BR>[Address Reference Count : 1]<UL><LI> startup_gd32e10x.o(RESET)
</UL>
<P><STRONG><a name="[82]"></a>DHCP_init</STRONG> (Thumb, 192 bytes, Stack size 32 bytes, dhcp.o(.text.DHCP_init))
<BR><BR>[Stack]<UL><LI>Max Depth = 64<LI>Call Chain = DHCP_init &rArr; WIZCHIP_WRITE_BUF
</UL>
<BR>[Calls]<UL><LI><a href="#[84]">&gt;&gt;</a>&nbsp;&nbsp;&nbsp;WIZCHIP_WRITE_BUF
<LI><a href="#[83]">&gt;&gt;</a>&nbsp;&nbsp;&nbsp;WIZCHIP_READ_BUF
</UL>
<BR>[Called By]<UL><LI><a href="#[75]">&gt;&gt;</a>&nbsp;&nbsp;&nbsp;main
</UL>

<P><STRONG><a name="[85]"></a>DHCP_run</STRONG> (Thumb, 534 bytes, Stack size 24 bytes, dhcp.o(.text.DHCP_run))
<BR><BR>[Stack]<UL><LI>Max Depth = 184 + Unknown Stack Size
<LI>Call Chain = DHCP_run &rArr; parseDHCPMSG &rArr; recvfrom &rArr; getSn_RX_RSR
</UL>
<BR>[Calls]<UL><LI><a href="#[8c]">&gt;&gt;</a>&nbsp;&nbsp;&nbsp;sendto
<LI><a href="#[8b]">&gt;&gt;</a>&nbsp;&nbsp;&nbsp;WIZCHIP_WRITE
<LI><a href="#[86]">&gt;&gt;</a>&nbsp;&nbsp;&nbsp;WIZCHIP_READ
<LI><a href="#[87]">&gt;&gt;</a>&nbsp;&nbsp;&nbsp;socket
<LI><a href="#[8d]">&gt;&gt;</a>&nbsp;&nbsp;&nbsp;check_DHCP_timeout
<LI><a href="#[88]">&gt;&gt;</a>&nbsp;&nbsp;&nbsp;parseDHCPMSG
<LI><a href="#[8e]">&gt;&gt;</a>&nbsp;&nbsp;&nbsp;send_DHCP_DECLINE
<LI><a href="#[8a]">&gt;&gt;</a>&nbsp;&nbsp;&nbsp;send_DHCP_REQUEST
<LI><a href="#[89]">&gt;&gt;</a>&nbsp;&nbsp;&nbsp;send_DHCP_DISCOVER
</UL>
<BR>[Called By]<UL><LI><a href="#[75]">&gt;&gt;</a>&nbsp;&nbsp;&nbsp;main
</UL>

<P><STRONG><a name="[8f]"></a>DHCP_stop</STRONG> (Thumb, 22 bytes, Stack size 8 bytes, dhcp.o(.text.DHCP_stop))
<BR><BR>[Stack]<UL><LI>Max Depth = 48<LI>Call Chain = DHCP_stop &rArr; close &rArr; WIZCHIP_WRITE
</UL>
<BR>[Calls]<UL><LI><a href="#[90]">&gt;&gt;</a>&nbsp;&nbsp;&nbsp;close
</UL>
<BR>[Called By]<UL><LI><a href="#[75]">&gt;&gt;</a>&nbsp;&nbsp;&nbsp;main
</UL>

<P><STRONG><a name="[17]"></a>DebugMon_Handler</STRONG> (Thumb, 2 bytes, Stack size 0 bytes, gd32e10x_it.o(.text.DebugMon_Handler))
<BR>[Address Reference Count : 1]<UL><LI> startup_gd32e10x.o(RESET)
</UL>
<P><STRONG><a name="[12]"></a>HardFault_Handler</STRONG> (Thumb, 2 bytes, Stack size 0 bytes, gd32e10x_it.o(.text.HardFault_Handler))
<BR><BR>[Calls]<UL><LI><a href="#[12]">&gt;&gt;</a>&nbsp;&nbsp;&nbsp;HardFault_Handler
</UL>
<BR>[Called By]<UL><LI><a href="#[12]">&gt;&gt;</a>&nbsp;&nbsp;&nbsp;HardFault_Handler
</UL>
<BR>[Address Reference Count : 1]<UL><LI> startup_gd32e10x.o(RESET)
</UL>
<P><STRONG><a name="[13]"></a>MemManage_Handler</STRONG> (Thumb, 2 bytes, Stack size 0 bytes, gd32e10x_it.o(.text.MemManage_Handler))
<BR><BR>[Calls]<UL><LI><a href="#[13]">&gt;&gt;</a>&nbsp;&nbsp;&nbsp;MemManage_Handler
</UL>
<BR>[Called By]<UL><LI><a href="#[13]">&gt;&gt;</a>&nbsp;&nbsp;&nbsp;MemManage_Handler
</UL>
<BR>[Address Reference Count : 1]<UL><LI> startup_gd32e10x.o(RESET)
</UL>
<P><STRONG><a name="[11]"></a>NMI_Handler</STRONG> (Thumb, 2 bytes, Stack size 0 bytes, gd32e10x_it.o(.text.NMI_Handler))
<BR>[Address Reference Count : 1]<UL><LI> startup_gd32e10x.o(RESET)
</UL>
<P><STRONG><a name="[18]"></a>PendSV_Handler</STRONG> (Thumb, 2 bytes, Stack size 0 bytes, gd32e10x_it.o(.text.PendSV_Handler))
<BR>[Address Reference Count : 1]<UL><LI> startup_gd32e10x.o(RESET)
</UL>
<P><STRONG><a name="[91]"></a>SEGGER_RTT_Write</STRONG> (Thumb, 178 bytes, Stack size 24 bytes, segger_rtt.o(.text.SEGGER_RTT_Write))
<BR><BR>[Stack]<UL><LI>Max Depth = 64 + Unknown Stack Size
<LI>Call Chain = SEGGER_RTT_Write &rArr; SEGGER_RTT_WriteNoLock
</UL>
<BR>[Calls]<UL><LI><a href="#[92]">&gt;&gt;</a>&nbsp;&nbsp;&nbsp;__aeabi_memclr4
<LI><a href="#[93]">&gt;&gt;</a>&nbsp;&nbsp;&nbsp;SEGGER_RTT_WriteNoLock
</UL>
<BR>[Called By]<UL><LI><a href="#[96]">&gt;&gt;</a>&nbsp;&nbsp;&nbsp;SEGGER_RTT_vprintf
<LI><a href="#[97]">&gt;&gt;</a>&nbsp;&nbsp;&nbsp;_PrintUnsigned
</UL>

<P><STRONG><a name="[93]"></a>SEGGER_RTT_WriteNoLock</STRONG> (Thumb, 406 bytes, Stack size 40 bytes, segger_rtt.o(.text.SEGGER_RTT_WriteNoLock))
<BR><BR>[Stack]<UL><LI>Max Depth = 40<LI>Call Chain = SEGGER_RTT_WriteNoLock
</UL>
<BR>[Calls]<UL><LI><a href="#[94]">&gt;&gt;</a>&nbsp;&nbsp;&nbsp;__aeabi_memcpy
</UL>
<BR>[Called By]<UL><LI><a href="#[91]">&gt;&gt;</a>&nbsp;&nbsp;&nbsp;SEGGER_RTT_Write
</UL>

<P><STRONG><a name="[95]"></a>SEGGER_RTT_printf</STRONG> (Thumb, 30 bytes, Stack size 24 bytes, segger_rtt_printf.o(.text.SEGGER_RTT_printf))
<BR><BR>[Stack]<UL><LI>Max Depth = 272 + Unknown Stack Size
<LI>Call Chain = SEGGER_RTT_printf &rArr; SEGGER_RTT_vprintf &rArr; _PrintUnsigned &rArr; SEGGER_RTT_Write &rArr; SEGGER_RTT_WriteNoLock
</UL>
<BR>[Calls]<UL><LI><a href="#[96]">&gt;&gt;</a>&nbsp;&nbsp;&nbsp;SEGGER_RTT_vprintf
</UL>
<BR>[Called By]<UL><LI><a href="#[f]">&gt;&gt;</a>&nbsp;&nbsp;&nbsp;hid_data_out
<LI><a href="#[75]">&gt;&gt;</a>&nbsp;&nbsp;&nbsp;main
<LI><a href="#[5c]">&gt;&gt;</a>&nbsp;&nbsp;&nbsp;w5500_dhcp_conflict
<LI><a href="#[a0]">&gt;&gt;</a>&nbsp;&nbsp;&nbsp;W5500_displayNetInfo
</UL>

<P><STRONG><a name="[96]"></a>SEGGER_RTT_vprintf</STRONG> (Thumb, 1598 bytes, Stack size 144 bytes, segger_rtt_printf.o(.text.SEGGER_RTT_vprintf))
<BR><BR>[Stack]<UL><LI>Max Depth = 248 + Unknown Stack Size
<LI>Call Chain = SEGGER_RTT_vprintf &rArr; _PrintUnsigned &rArr; SEGGER_RTT_Write &rArr; SEGGER_RTT_WriteNoLock
</UL>
<BR>[Calls]<UL><LI><a href="#[97]">&gt;&gt;</a>&nbsp;&nbsp;&nbsp;_PrintUnsigned
<LI><a href="#[91]">&gt;&gt;</a>&nbsp;&nbsp;&nbsp;SEGGER_RTT_Write
</UL>
<BR>[Called By]<UL><LI><a href="#[95]">&gt;&gt;</a>&nbsp;&nbsp;&nbsp;SEGGER_RTT_printf
</UL>

<P><STRONG><a name="[16]"></a>SVC_Handler</STRONG> (Thumb, 2 bytes, Stack size 0 bytes, gd32e10x_it.o(.text.SVC_Handler))
<BR>[Address Reference Count : 1]<UL><LI> startup_gd32e10x.o(RESET)
</UL>
<P><STRONG><a name="[19]"></a>SysTick_Handler</STRONG> (Thumb, 16 bytes, Stack size 0 bytes, gd32e10x_it.o(.text.SysTick_Handler))
<BR>[Address Reference Count : 1]<UL><LI> startup_gd32e10x.o(RESET)
</UL>
<P><STRONG><a name="[52]"></a>SystemInit</STRONG> (Thumb, 358 bytes, Stack size 0 bytes, system_gd32e10x.o(.text.SystemInit))
<BR><BR>[Calls]<UL><LI><a href="#[98]">&gt;&gt;</a>&nbsp;&nbsp;&nbsp;nvic_vector_table_set
</UL>
<BR>[Called By]<UL><LI><a href="#[40]">&gt;&gt;</a>&nbsp;&nbsp;&nbsp;USBFS_WKUP_IRQHandler
</UL>
<BR>[Address Reference Count : 1]<UL><LI> startup_gd32e10x.o(.text)
</UL>
<P><STRONG><a name="[33]"></a>TIMER2_IRQHandler</STRONG> (Thumb, 2 bytes, Stack size 0 bytes, gd32e10x_it.o(.text.TIMER2_IRQHandler))
<BR>[Address Reference Count : 1]<UL><LI> startup_gd32e10x.o(RESET)
</UL>
<P><STRONG><a name="[51]"></a>USBFS_IRQHandler</STRONG> (Thumb, 12 bytes, Stack size 0 bytes, gd32e10x_it.o(.text.USBFS_IRQHandler))
<BR><BR>[Stack]<UL><LI>Max Depth = 136<LI>Call Chain = USBFS_IRQHandler &rArr; usbd_isr &rArr; usbd_in_transc &rArr; usbd_ep_send &rArr; usb_transc_inxfer &rArr; usb_txfifo_write
</UL>
<BR>[Calls]<UL><LI><a href="#[99]">&gt;&gt;</a>&nbsp;&nbsp;&nbsp;usbd_isr
</UL>
<BR>[Address Reference Count : 1]<UL><LI> startup_gd32e10x.o(RESET)
</UL>
<P><STRONG><a name="[40]"></a>USBFS_WKUP_IRQHandler</STRONG> (Thumb, 64 bytes, Stack size 8 bytes, gd32e10x_it.o(.text.USBFS_WKUP_IRQHandler))
<BR><BR>[Stack]<UL><LI>Max Depth = 8<LI>Call Chain = USBFS_WKUP_IRQHandler
</UL>
<BR>[Calls]<UL><LI><a href="#[9d]">&gt;&gt;</a>&nbsp;&nbsp;&nbsp;exti_interrupt_flag_clear
<LI><a href="#[9c]">&gt;&gt;</a>&nbsp;&nbsp;&nbsp;usb_clock_active
<LI><a href="#[9b]">&gt;&gt;</a>&nbsp;&nbsp;&nbsp;rcu_periph_clock_enable
<LI><a href="#[9a]">&gt;&gt;</a>&nbsp;&nbsp;&nbsp;rcu_usb_clock_config
<LI><a href="#[52]">&gt;&gt;</a>&nbsp;&nbsp;&nbsp;SystemInit
</UL>
<BR>[Address Reference Count : 1]<UL><LI> startup_gd32e10x.o(RESET)
</UL>
<P><STRONG><a name="[15]"></a>UsageFault_Handler</STRONG> (Thumb, 2 bytes, Stack size 0 bytes, gd32e10x_it.o(.text.UsageFault_Handler))
<BR><BR>[Calls]<UL><LI><a href="#[15]">&gt;&gt;</a>&nbsp;&nbsp;&nbsp;UsageFault_Handler
</UL>
<BR>[Called By]<UL><LI><a href="#[15]">&gt;&gt;</a>&nbsp;&nbsp;&nbsp;UsageFault_Handler
</UL>
<BR>[Address Reference Count : 1]<UL><LI> startup_gd32e10x.o(RESET)
</UL>
<P><STRONG><a name="[9e]"></a>W25Q_init</STRONG> (Thumb, 124 bytes, Stack size 24 bytes, w25q.o(.text.W25Q_init))
<BR><BR>[Stack]<UL><LI>Max Depth = 32<LI>Call Chain = W25Q_init &rArr; delay
</UL>
<BR>[Calls]<UL><LI><a href="#[9f]">&gt;&gt;</a>&nbsp;&nbsp;&nbsp;delay
</UL>
<BR>[Called By]<UL><LI><a href="#[75]">&gt;&gt;</a>&nbsp;&nbsp;&nbsp;main
</UL>

<P><STRONG><a name="[a0]"></a>W5500_displayNetInfo</STRONG> (Thumb, 204 bytes, Stack size 64 bytes, main.o(.text.W5500_displayNetInfo))
<BR><BR>[Stack]<UL><LI>Max Depth = 336 + Unknown Stack Size
<LI>Call Chain = W5500_displayNetInfo &rArr; SEGGER_RTT_printf &rArr; SEGGER_RTT_vprintf &rArr; _PrintUnsigned &rArr; SEGGER_RTT_Write &rArr; SEGGER_RTT_WriteNoLock
</UL>
<BR>[Calls]<UL><LI><a href="#[95]">&gt;&gt;</a>&nbsp;&nbsp;&nbsp;SEGGER_RTT_printf
<LI><a href="#[a2]">&gt;&gt;</a>&nbsp;&nbsp;&nbsp;ctlwizchip
<LI><a href="#[a1]">&gt;&gt;</a>&nbsp;&nbsp;&nbsp;ctlnetwork
</UL>
<BR>[Called By]<UL><LI><a href="#[5b]">&gt;&gt;</a>&nbsp;&nbsp;&nbsp;w5500_dhcp_assign
</UL>

<P><STRONG><a name="[86]"></a>WIZCHIP_READ</STRONG> (Thumb, 98 bytes, Stack size 24 bytes, w5500.o(.text.WIZCHIP_READ))
<BR><BR>[Stack]<UL><LI>Max Depth = 24<LI>Call Chain = WIZCHIP_READ
</UL>
<BR>[Called By]<UL><LI><a href="#[cf]">&gt;&gt;</a>&nbsp;&nbsp;&nbsp;recvfrom
<LI><a href="#[8c]">&gt;&gt;</a>&nbsp;&nbsp;&nbsp;sendto
<LI><a href="#[90]">&gt;&gt;</a>&nbsp;&nbsp;&nbsp;close
<LI><a href="#[aa]">&gt;&gt;</a>&nbsp;&nbsp;&nbsp;wizphy_setphypmode
<LI><a href="#[a8]">&gt;&gt;</a>&nbsp;&nbsp;&nbsp;wizphy_setphyconf
<LI><a href="#[a6]">&gt;&gt;</a>&nbsp;&nbsp;&nbsp;wizchip_sw_reset
<LI><a href="#[ac]">&gt;&gt;</a>&nbsp;&nbsp;&nbsp;disconnect
<LI><a href="#[a5]">&gt;&gt;</a>&nbsp;&nbsp;&nbsp;connect
<LI><a href="#[cd]">&gt;&gt;</a>&nbsp;&nbsp;&nbsp;send
<LI><a href="#[87]">&gt;&gt;</a>&nbsp;&nbsp;&nbsp;socket
<LI><a href="#[85]">&gt;&gt;</a>&nbsp;&nbsp;&nbsp;DHCP_run
<LI><a href="#[a2]">&gt;&gt;</a>&nbsp;&nbsp;&nbsp;ctlwizchip
<LI><a href="#[a1]">&gt;&gt;</a>&nbsp;&nbsp;&nbsp;ctlnetwork
<LI><a href="#[2]">&gt;&gt;</a>&nbsp;&nbsp;&nbsp;default_ip_conflict
<LI><a href="#[1]">&gt;&gt;</a>&nbsp;&nbsp;&nbsp;default_ip_update
</UL>

<P><STRONG><a name="[83]"></a>WIZCHIP_READ_BUF</STRONG> (Thumb, 120 bytes, Stack size 24 bytes, w5500.o(.text.WIZCHIP_READ_BUF))
<BR><BR>[Stack]<UL><LI>Max Depth = 24<LI>Call Chain = WIZCHIP_READ_BUF
</UL>
<BR>[Called By]<UL><LI><a href="#[a6]">&gt;&gt;</a>&nbsp;&nbsp;&nbsp;wizchip_sw_reset
<LI><a href="#[87]">&gt;&gt;</a>&nbsp;&nbsp;&nbsp;socket
<LI><a href="#[82]">&gt;&gt;</a>&nbsp;&nbsp;&nbsp;DHCP_init
<LI><a href="#[a1]">&gt;&gt;</a>&nbsp;&nbsp;&nbsp;ctlnetwork
<LI><a href="#[8e]">&gt;&gt;</a>&nbsp;&nbsp;&nbsp;send_DHCP_DECLINE
<LI><a href="#[8a]">&gt;&gt;</a>&nbsp;&nbsp;&nbsp;send_DHCP_REQUEST
<LI><a href="#[89]">&gt;&gt;</a>&nbsp;&nbsp;&nbsp;send_DHCP_DISCOVER
</UL>

<P><STRONG><a name="[8b]"></a>WIZCHIP_WRITE</STRONG> (Thumb, 100 bytes, Stack size 24 bytes, w5500.o(.text.WIZCHIP_WRITE))
<BR><BR>[Stack]<UL><LI>Max Depth = 24<LI>Call Chain = WIZCHIP_WRITE
</UL>
<BR>[Called By]<UL><LI><a href="#[cf]">&gt;&gt;</a>&nbsp;&nbsp;&nbsp;recvfrom
<LI><a href="#[8c]">&gt;&gt;</a>&nbsp;&nbsp;&nbsp;sendto
<LI><a href="#[90]">&gt;&gt;</a>&nbsp;&nbsp;&nbsp;close
<LI><a href="#[aa]">&gt;&gt;</a>&nbsp;&nbsp;&nbsp;wizphy_setphypmode
<LI><a href="#[a9]">&gt;&gt;</a>&nbsp;&nbsp;&nbsp;wizchip_init
<LI><a href="#[a8]">&gt;&gt;</a>&nbsp;&nbsp;&nbsp;wizphy_setphyconf
<LI><a href="#[a7]">&gt;&gt;</a>&nbsp;&nbsp;&nbsp;wizchip_clrinterrupt
<LI><a href="#[a6]">&gt;&gt;</a>&nbsp;&nbsp;&nbsp;wizchip_sw_reset
<LI><a href="#[ac]">&gt;&gt;</a>&nbsp;&nbsp;&nbsp;disconnect
<LI><a href="#[a5]">&gt;&gt;</a>&nbsp;&nbsp;&nbsp;connect
<LI><a href="#[cd]">&gt;&gt;</a>&nbsp;&nbsp;&nbsp;send
<LI><a href="#[87]">&gt;&gt;</a>&nbsp;&nbsp;&nbsp;socket
<LI><a href="#[85]">&gt;&gt;</a>&nbsp;&nbsp;&nbsp;DHCP_run
<LI><a href="#[a2]">&gt;&gt;</a>&nbsp;&nbsp;&nbsp;ctlwizchip
<LI><a href="#[a1]">&gt;&gt;</a>&nbsp;&nbsp;&nbsp;ctlnetwork
<LI><a href="#[2]">&gt;&gt;</a>&nbsp;&nbsp;&nbsp;default_ip_conflict
<LI><a href="#[1]">&gt;&gt;</a>&nbsp;&nbsp;&nbsp;default_ip_update
</UL>

<P><STRONG><a name="[84]"></a>WIZCHIP_WRITE_BUF</STRONG> (Thumb, 126 bytes, Stack size 32 bytes, w5500.o(.text.WIZCHIP_WRITE_BUF))
<BR><BR>[Stack]<UL><LI>Max Depth = 32<LI>Call Chain = WIZCHIP_WRITE_BUF
</UL>
<BR>[Called By]<UL><LI><a href="#[8c]">&gt;&gt;</a>&nbsp;&nbsp;&nbsp;sendto
<LI><a href="#[a6]">&gt;&gt;</a>&nbsp;&nbsp;&nbsp;wizchip_sw_reset
<LI><a href="#[a5]">&gt;&gt;</a>&nbsp;&nbsp;&nbsp;connect
<LI><a href="#[82]">&gt;&gt;</a>&nbsp;&nbsp;&nbsp;DHCP_init
<LI><a href="#[a1]">&gt;&gt;</a>&nbsp;&nbsp;&nbsp;ctlnetwork
<LI><a href="#[2]">&gt;&gt;</a>&nbsp;&nbsp;&nbsp;default_ip_conflict
<LI><a href="#[1]">&gt;&gt;</a>&nbsp;&nbsp;&nbsp;default_ip_update
<LI><a href="#[0]">&gt;&gt;</a>&nbsp;&nbsp;&nbsp;default_ip_assign
</UL>

<P><STRONG><a name="[8d]"></a>check_DHCP_timeout</STRONG> (Thumb, 138 bytes, Stack size 16 bytes, dhcp.o(.text.check_DHCP_timeout))
<BR><BR>[Stack]<UL><LI>Max Depth = 152 + Unknown Stack Size
<LI>Call Chain = check_DHCP_timeout &rArr; send_DHCP_DISCOVER &rArr; sendto &rArr; getSn_TX_FSR
</UL>
<BR>[Calls]<UL><LI><a href="#[8a]">&gt;&gt;</a>&nbsp;&nbsp;&nbsp;send_DHCP_REQUEST
<LI><a href="#[89]">&gt;&gt;</a>&nbsp;&nbsp;&nbsp;send_DHCP_DISCOVER
</UL>
<BR>[Called By]<UL><LI><a href="#[85]">&gt;&gt;</a>&nbsp;&nbsp;&nbsp;DHCP_run
</UL>

<P><STRONG><a name="[90]"></a>close</STRONG> (Thumb, 116 bytes, Stack size 16 bytes, socket.o(.text.close))
<BR><BR>[Stack]<UL><LI>Max Depth = 40<LI>Call Chain = close &rArr; WIZCHIP_WRITE
</UL>
<BR>[Calls]<UL><LI><a href="#[8b]">&gt;&gt;</a>&nbsp;&nbsp;&nbsp;WIZCHIP_WRITE
<LI><a href="#[86]">&gt;&gt;</a>&nbsp;&nbsp;&nbsp;WIZCHIP_READ
</UL>
<BR>[Called By]<UL><LI><a href="#[cf]">&gt;&gt;</a>&nbsp;&nbsp;&nbsp;recvfrom
<LI><a href="#[cd]">&gt;&gt;</a>&nbsp;&nbsp;&nbsp;send
<LI><a href="#[8f]">&gt;&gt;</a>&nbsp;&nbsp;&nbsp;DHCP_stop
</UL>

<P><STRONG><a name="[a5]"></a>connect</STRONG> (Thumb, 252 bytes, Stack size 24 bytes, socket.o(.text.connect))
<BR><BR>[Stack]<UL><LI>Max Depth = 56<LI>Call Chain = connect &rArr; WIZCHIP_WRITE_BUF
</UL>
<BR>[Calls]<UL><LI><a href="#[84]">&gt;&gt;</a>&nbsp;&nbsp;&nbsp;WIZCHIP_WRITE_BUF
<LI><a href="#[8b]">&gt;&gt;</a>&nbsp;&nbsp;&nbsp;WIZCHIP_WRITE
<LI><a href="#[86]">&gt;&gt;</a>&nbsp;&nbsp;&nbsp;WIZCHIP_READ
</UL>
<BR>[Called By]<UL><LI><a href="#[75]">&gt;&gt;</a>&nbsp;&nbsp;&nbsp;main
</UL>

<P><STRONG><a name="[a1]"></a>ctlnetwork</STRONG> (Thumb, 302 bytes, Stack size 16 bytes, wizchip_conf.o(.text.ctlnetwork))
<BR><BR>[Stack]<UL><LI>Max Depth = 48<LI>Call Chain = ctlnetwork &rArr; WIZCHIP_WRITE_BUF
</UL>
<BR>[Calls]<UL><LI><a href="#[84]">&gt;&gt;</a>&nbsp;&nbsp;&nbsp;WIZCHIP_WRITE_BUF
<LI><a href="#[83]">&gt;&gt;</a>&nbsp;&nbsp;&nbsp;WIZCHIP_READ_BUF
<LI><a href="#[8b]">&gt;&gt;</a>&nbsp;&nbsp;&nbsp;WIZCHIP_WRITE
<LI><a href="#[86]">&gt;&gt;</a>&nbsp;&nbsp;&nbsp;WIZCHIP_READ
</UL>
<BR>[Called By]<UL><LI><a href="#[5b]">&gt;&gt;</a>&nbsp;&nbsp;&nbsp;w5500_dhcp_assign
<LI><a href="#[a0]">&gt;&gt;</a>&nbsp;&nbsp;&nbsp;W5500_displayNetInfo
</UL>

<P><STRONG><a name="[a2]"></a>ctlwizchip</STRONG> (Thumb, 550 bytes, Stack size 16 bytes, wizchip_conf.o(.text.ctlwizchip))
<BR><BR>[Stack]<UL><LI>Max Depth = 104<LI>Call Chain = ctlwizchip &rArr; wizchip_init &rArr; wizchip_sw_reset &rArr; WIZCHIP_WRITE_BUF
</UL>
<BR>[Calls]<UL><LI><a href="#[aa]">&gt;&gt;</a>&nbsp;&nbsp;&nbsp;wizphy_setphypmode
<LI><a href="#[8b]">&gt;&gt;</a>&nbsp;&nbsp;&nbsp;WIZCHIP_WRITE
<LI><a href="#[a9]">&gt;&gt;</a>&nbsp;&nbsp;&nbsp;wizchip_init
<LI><a href="#[86]">&gt;&gt;</a>&nbsp;&nbsp;&nbsp;WIZCHIP_READ
<LI><a href="#[a8]">&gt;&gt;</a>&nbsp;&nbsp;&nbsp;wizphy_setphyconf
<LI><a href="#[a7]">&gt;&gt;</a>&nbsp;&nbsp;&nbsp;wizchip_clrinterrupt
<LI><a href="#[a6]">&gt;&gt;</a>&nbsp;&nbsp;&nbsp;wizchip_sw_reset
</UL>
<BR>[Called By]<UL><LI><a href="#[75]">&gt;&gt;</a>&nbsp;&nbsp;&nbsp;main
<LI><a href="#[a0]">&gt;&gt;</a>&nbsp;&nbsp;&nbsp;W5500_displayNetInfo
</UL>

<P><STRONG><a name="[0]"></a>default_ip_assign</STRONG> (Thumb, 56 bytes, Stack size 8 bytes, dhcp.o(.text.default_ip_assign))
<BR><BR>[Stack]<UL><LI>Max Depth = 40<LI>Call Chain = default_ip_assign &rArr; WIZCHIP_WRITE_BUF
</UL>
<BR>[Calls]<UL><LI><a href="#[84]">&gt;&gt;</a>&nbsp;&nbsp;&nbsp;WIZCHIP_WRITE_BUF
</UL>
<BR>[Address Reference Count : 2]<UL><LI> dhcp.o(.data..L_MergedGlobals)
<LI> dhcp.o(.text.reg_dhcp_cbfunc)
</UL>
<P><STRONG><a name="[2]"></a>default_ip_conflict</STRONG> (Thumb, 42 bytes, Stack size 8 bytes, dhcp.o(.text.default_ip_conflict))
<BR><BR>[Stack]<UL><LI>Max Depth = 40<LI>Call Chain = default_ip_conflict &rArr; WIZCHIP_WRITE_BUF
</UL>
<BR>[Calls]<UL><LI><a href="#[84]">&gt;&gt;</a>&nbsp;&nbsp;&nbsp;WIZCHIP_WRITE_BUF
<LI><a href="#[8b]">&gt;&gt;</a>&nbsp;&nbsp;&nbsp;WIZCHIP_WRITE
<LI><a href="#[86]">&gt;&gt;</a>&nbsp;&nbsp;&nbsp;WIZCHIP_READ
</UL>
<BR>[Address Reference Count : 2]<UL><LI> dhcp.o(.data..L_MergedGlobals)
<LI> dhcp.o(.text.reg_dhcp_cbfunc)
</UL>
<P><STRONG><a name="[1]"></a>default_ip_update</STRONG> (Thumb, 84 bytes, Stack size 8 bytes, dhcp.o(.text.default_ip_update))
<BR><BR>[Stack]<UL><LI>Max Depth = 40<LI>Call Chain = default_ip_update &rArr; WIZCHIP_WRITE_BUF
</UL>
<BR>[Calls]<UL><LI><a href="#[84]">&gt;&gt;</a>&nbsp;&nbsp;&nbsp;WIZCHIP_WRITE_BUF
<LI><a href="#[8b]">&gt;&gt;</a>&nbsp;&nbsp;&nbsp;WIZCHIP_WRITE
<LI><a href="#[86]">&gt;&gt;</a>&nbsp;&nbsp;&nbsp;WIZCHIP_READ
</UL>
<BR>[Address Reference Count : 2]<UL><LI> dhcp.o(.data..L_MergedGlobals)
<LI> dhcp.o(.text.reg_dhcp_cbfunc)
</UL>
<P><STRONG><a name="[9f]"></a>delay</STRONG> (Thumb, 28 bytes, Stack size 8 bytes, delay.o(.text.delay))
<BR><BR>[Stack]<UL><LI>Max Depth = 8<LI>Call Chain = delay
</UL>
<BR>[Calls]<UL><LI><a href="#[ab]">&gt;&gt;</a>&nbsp;&nbsp;&nbsp;delayMicroseconds
</UL>
<BR>[Called By]<UL><LI><a href="#[9e]">&gt;&gt;</a>&nbsp;&nbsp;&nbsp;W25Q_init
<LI><a href="#[75]">&gt;&gt;</a>&nbsp;&nbsp;&nbsp;main
<LI><a href="#[da]">&gt;&gt;</a>&nbsp;&nbsp;&nbsp;usb_mdelay
</UL>

<P><STRONG><a name="[ab]"></a>delayMicroseconds</STRONG> (Thumb, 196 bytes, Stack size 0 bytes, delay.o(.text.delayMicroseconds))
<BR><BR>[Called By]<UL><LI><a href="#[9f]">&gt;&gt;</a>&nbsp;&nbsp;&nbsp;delay
<LI><a href="#[d9]">&gt;&gt;</a>&nbsp;&nbsp;&nbsp;usb_udelay
</UL>

<P><STRONG><a name="[ac]"></a>disconnect</STRONG> (Thumb, 242 bytes, Stack size 32 bytes, socket.o(.text.disconnect))
<BR><BR>[Stack]<UL><LI>Max Depth = 56<LI>Call Chain = disconnect &rArr; WIZCHIP_WRITE
</UL>
<BR>[Calls]<UL><LI><a href="#[8b]">&gt;&gt;</a>&nbsp;&nbsp;&nbsp;WIZCHIP_WRITE
<LI><a href="#[86]">&gt;&gt;</a>&nbsp;&nbsp;&nbsp;WIZCHIP_READ
</UL>
<BR>[Called By]<UL><LI><a href="#[75]">&gt;&gt;</a>&nbsp;&nbsp;&nbsp;main
</UL>

<P><STRONG><a name="[c3]"></a>dma_channel_enable</STRONG> (Thumb, 38 bytes, Stack size 0 bytes, gd32e10x_dma.o(.text.dma_channel_enable))
<BR><BR>[Called By]<UL><LI><a href="#[75]">&gt;&gt;</a>&nbsp;&nbsp;&nbsp;main
</UL>

<P><STRONG><a name="[c1]"></a>dma_circulation_disable</STRONG> (Thumb, 38 bytes, Stack size 0 bytes, gd32e10x_dma.o(.text.dma_circulation_disable))
<BR><BR>[Called By]<UL><LI><a href="#[75]">&gt;&gt;</a>&nbsp;&nbsp;&nbsp;main
</UL>

<P><STRONG><a name="[bf]"></a>dma_deinit</STRONG> (Thumb, 62 bytes, Stack size 0 bytes, gd32e10x_dma.o(.text.dma_deinit))
<BR><BR>[Called By]<UL><LI><a href="#[75]">&gt;&gt;</a>&nbsp;&nbsp;&nbsp;main
</UL>

<P><STRONG><a name="[c0]"></a>dma_init</STRONG> (Thumb, 118 bytes, Stack size 8 bytes, gd32e10x_dma.o(.text.dma_init))
<BR><BR>[Stack]<UL><LI>Max Depth = 8<LI>Call Chain = dma_init
</UL>
<BR>[Called By]<UL><LI><a href="#[75]">&gt;&gt;</a>&nbsp;&nbsp;&nbsp;main
</UL>

<P><STRONG><a name="[c2]"></a>dma_memory_to_memory_disable</STRONG> (Thumb, 38 bytes, Stack size 0 bytes, gd32e10x_dma.o(.text.dma_memory_to_memory_disable))
<BR><BR>[Called By]<UL><LI><a href="#[75]">&gt;&gt;</a>&nbsp;&nbsp;&nbsp;main
</UL>

<P><STRONG><a name="[c8]"></a>exti_init</STRONG> (Thumb, 158 bytes, Stack size 0 bytes, gd32e10x_exti.o(.text.exti_init))
<BR><BR>[Called By]<UL><LI><a href="#[75]">&gt;&gt;</a>&nbsp;&nbsp;&nbsp;main
</UL>

<P><STRONG><a name="[c9]"></a>exti_interrupt_enable</STRONG> (Thumb, 16 bytes, Stack size 0 bytes, gd32e10x_exti.o(.text.exti_interrupt_enable))
<BR><BR>[Called By]<UL><LI><a href="#[75]">&gt;&gt;</a>&nbsp;&nbsp;&nbsp;main
</UL>

<P><STRONG><a name="[9d]"></a>exti_interrupt_flag_clear</STRONG> (Thumb, 12 bytes, Stack size 0 bytes, gd32e10x_exti.o(.text.exti_interrupt_flag_clear))
<BR><BR>[Called By]<UL><LI><a href="#[75]">&gt;&gt;</a>&nbsp;&nbsp;&nbsp;main
<LI><a href="#[40]">&gt;&gt;</a>&nbsp;&nbsp;&nbsp;USBFS_WKUP_IRQHandler
</UL>

<P><STRONG><a name="[f6]"></a>getDNSfromDHCP</STRONG> (Thumb, 26 bytes, Stack size 0 bytes, dhcp.o(.text.getDNSfromDHCP))
<BR><BR>[Called By]<UL><LI><a href="#[5b]">&gt;&gt;</a>&nbsp;&nbsp;&nbsp;w5500_dhcp_assign
</UL>

<P><STRONG><a name="[f4]"></a>getGWfromDHCP</STRONG> (Thumb, 26 bytes, Stack size 0 bytes, dhcp.o(.text.getGWfromDHCP))
<BR><BR>[Called By]<UL><LI><a href="#[5b]">&gt;&gt;</a>&nbsp;&nbsp;&nbsp;w5500_dhcp_assign
</UL>

<P><STRONG><a name="[f3]"></a>getIPfromDHCP</STRONG> (Thumb, 26 bytes, Stack size 0 bytes, dhcp.o(.text.getIPfromDHCP))
<BR><BR>[Called By]<UL><LI><a href="#[5b]">&gt;&gt;</a>&nbsp;&nbsp;&nbsp;w5500_dhcp_assign
</UL>

<P><STRONG><a name="[f5]"></a>getSNfromDHCP</STRONG> (Thumb, 26 bytes, Stack size 0 bytes, dhcp.o(.text.getSNfromDHCP))
<BR><BR>[Called By]<UL><LI><a href="#[5b]">&gt;&gt;</a>&nbsp;&nbsp;&nbsp;w5500_dhcp_assign
</UL>

<P><STRONG><a name="[ce]"></a>getSn_RX_RSR</STRONG> (Thumb, 458 bytes, Stack size 56 bytes, w5500.o(.text.getSn_RX_RSR))
<BR><BR>[Stack]<UL><LI>Max Depth = 56<LI>Call Chain = getSn_RX_RSR
</UL>
<BR>[Called By]<UL><LI><a href="#[cf]">&gt;&gt;</a>&nbsp;&nbsp;&nbsp;recvfrom
<LI><a href="#[88]">&gt;&gt;</a>&nbsp;&nbsp;&nbsp;parseDHCPMSG
</UL>

<P><STRONG><a name="[d2]"></a>getSn_TX_FSR</STRONG> (Thumb, 458 bytes, Stack size 56 bytes, w5500.o(.text.getSn_TX_FSR))
<BR><BR>[Stack]<UL><LI>Max Depth = 56<LI>Call Chain = getSn_TX_FSR
</UL>
<BR>[Called By]<UL><LI><a href="#[8c]">&gt;&gt;</a>&nbsp;&nbsp;&nbsp;sendto
<LI><a href="#[cd]">&gt;&gt;</a>&nbsp;&nbsp;&nbsp;send
</UL>

<P><STRONG><a name="[b3]"></a>gpio_init</STRONG> (Thumb, 1008 bytes, Stack size 16 bytes, gd32e10x_gpio.o(.text.gpio_init))
<BR><BR>[Stack]<UL><LI>Max Depth = 16<LI>Call Chain = gpio_init
</UL>
<BR>[Called By]<UL><LI><a href="#[75]">&gt;&gt;</a>&nbsp;&nbsp;&nbsp;main
</UL>

<P><STRONG><a name="[b2]"></a>gpio_pin_remap_config</STRONG> (Thumb, 126 bytes, Stack size 16 bytes, gd32e10x_gpio.o(.text.gpio_pin_remap_config))
<BR><BR>[Stack]<UL><LI>Max Depth = 16<LI>Call Chain = gpio_pin_remap_config
</UL>
<BR>[Called By]<UL><LI><a href="#[75]">&gt;&gt;</a>&nbsp;&nbsp;&nbsp;main
</UL>

<P><STRONG><a name="[c5]"></a>hid_itfop_register</STRONG> (Thumb, 14 bytes, Stack size 0 bytes, custom_hid_core.o(.text.hid_itfop_register))
<BR><BR>[Called By]<UL><LI><a href="#[75]">&gt;&gt;</a>&nbsp;&nbsp;&nbsp;main
</UL>

<P><STRONG><a name="[b1]"></a>hid_report_send</STRONG> (Thumb, 16 bytes, Stack size 8 bytes, custom_hid_core.o(.text.hid_report_send), UNUSED)
<BR><BR>[Calls]<UL><LI><a href="#[ad]">&gt;&gt;</a>&nbsp;&nbsp;&nbsp;usbd_ep_send
</UL>

<P><STRONG><a name="[75]"></a>main</STRONG> (Thumb, 1360 bytes, Stack size 48 bytes, main.o(.text.main))
<BR><BR>[Stack]<UL><LI>Max Depth = 320 + Unknown Stack Size
<LI>Call Chain = main &rArr; SEGGER_RTT_printf &rArr; SEGGER_RTT_vprintf &rArr; _PrintUnsigned &rArr; SEGGER_RTT_Write &rArr; SEGGER_RTT_WriteNoLock
</UL>
<BR>[Calls]<UL><LI><a href="#[ac]">&gt;&gt;</a>&nbsp;&nbsp;&nbsp;disconnect
<LI><a href="#[a5]">&gt;&gt;</a>&nbsp;&nbsp;&nbsp;connect
<LI><a href="#[cd]">&gt;&gt;</a>&nbsp;&nbsp;&nbsp;send
<LI><a href="#[87]">&gt;&gt;</a>&nbsp;&nbsp;&nbsp;socket
<LI><a href="#[cc]">&gt;&gt;</a>&nbsp;&nbsp;&nbsp;reg_dhcp_cbfunc
<LI><a href="#[82]">&gt;&gt;</a>&nbsp;&nbsp;&nbsp;DHCP_init
<LI><a href="#[85]">&gt;&gt;</a>&nbsp;&nbsp;&nbsp;DHCP_run
<LI><a href="#[8f]">&gt;&gt;</a>&nbsp;&nbsp;&nbsp;DHCP_stop
<LI><a href="#[9e]">&gt;&gt;</a>&nbsp;&nbsp;&nbsp;W25Q_init
<LI><a href="#[c9]">&gt;&gt;</a>&nbsp;&nbsp;&nbsp;exti_interrupt_enable
<LI><a href="#[c8]">&gt;&gt;</a>&nbsp;&nbsp;&nbsp;exti_init
<LI><a href="#[c7]">&gt;&gt;</a>&nbsp;&nbsp;&nbsp;nvic_irq_enable
<LI><a href="#[c6]">&gt;&gt;</a>&nbsp;&nbsp;&nbsp;usbd_init
<LI><a href="#[c5]">&gt;&gt;</a>&nbsp;&nbsp;&nbsp;hid_itfop_register
<LI><a href="#[c4]">&gt;&gt;</a>&nbsp;&nbsp;&nbsp;rcu_clock_freq_get
<LI><a href="#[c3]">&gt;&gt;</a>&nbsp;&nbsp;&nbsp;dma_channel_enable
<LI><a href="#[c2]">&gt;&gt;</a>&nbsp;&nbsp;&nbsp;dma_memory_to_memory_disable
<LI><a href="#[c1]">&gt;&gt;</a>&nbsp;&nbsp;&nbsp;dma_circulation_disable
<LI><a href="#[c0]">&gt;&gt;</a>&nbsp;&nbsp;&nbsp;dma_init
<LI><a href="#[bf]">&gt;&gt;</a>&nbsp;&nbsp;&nbsp;dma_deinit
<LI><a href="#[be]">&gt;&gt;</a>&nbsp;&nbsp;&nbsp;timer_dma_enable
<LI><a href="#[bd]">&gt;&gt;</a>&nbsp;&nbsp;&nbsp;timer_channel_dma_request_source_select
<LI><a href="#[bc]">&gt;&gt;</a>&nbsp;&nbsp;&nbsp;timer_enable
<LI><a href="#[bb]">&gt;&gt;</a>&nbsp;&nbsp;&nbsp;timer_auto_reload_shadow_enable
<LI><a href="#[ba]">&gt;&gt;</a>&nbsp;&nbsp;&nbsp;timer_primary_output_config
<LI><a href="#[b9]">&gt;&gt;</a>&nbsp;&nbsp;&nbsp;timer_channel_output_shadow_config
<LI><a href="#[b8]">&gt;&gt;</a>&nbsp;&nbsp;&nbsp;timer_channel_output_mode_config
<LI><a href="#[b7]">&gt;&gt;</a>&nbsp;&nbsp;&nbsp;timer_channel_output_pulse_value_config
<LI><a href="#[b6]">&gt;&gt;</a>&nbsp;&nbsp;&nbsp;timer_channel_output_config
<LI><a href="#[b5]">&gt;&gt;</a>&nbsp;&nbsp;&nbsp;timer_init
<LI><a href="#[b4]">&gt;&gt;</a>&nbsp;&nbsp;&nbsp;timer_deinit
<LI><a href="#[b3]">&gt;&gt;</a>&nbsp;&nbsp;&nbsp;gpio_init
<LI><a href="#[b2]">&gt;&gt;</a>&nbsp;&nbsp;&nbsp;gpio_pin_remap_config
<LI><a href="#[9f]">&gt;&gt;</a>&nbsp;&nbsp;&nbsp;delay
<LI><a href="#[cb]">&gt;&gt;</a>&nbsp;&nbsp;&nbsp;reg_wizchip_spi_cbfunc
<LI><a href="#[ca]">&gt;&gt;</a>&nbsp;&nbsp;&nbsp;reg_wizchip_cs_cbfunc
<LI><a href="#[95]">&gt;&gt;</a>&nbsp;&nbsp;&nbsp;SEGGER_RTT_printf
<LI><a href="#[a2]">&gt;&gt;</a>&nbsp;&nbsp;&nbsp;ctlwizchip
<LI><a href="#[9d]">&gt;&gt;</a>&nbsp;&nbsp;&nbsp;exti_interrupt_flag_clear
<LI><a href="#[9b]">&gt;&gt;</a>&nbsp;&nbsp;&nbsp;rcu_periph_clock_enable
<LI><a href="#[9a]">&gt;&gt;</a>&nbsp;&nbsp;&nbsp;rcu_usb_clock_config
</UL>
<BR>[Called By]<UL><LI><a href="#[74]">&gt;&gt;</a>&nbsp;&nbsp;&nbsp;__rt_entry_main
</UL>

<P><STRONG><a name="[c7]"></a>nvic_irq_enable</STRONG> (Thumb, 102 bytes, Stack size 0 bytes, gd32e10x_misc.o(.text.nvic_irq_enable))
<BR><BR>[Called By]<UL><LI><a href="#[75]">&gt;&gt;</a>&nbsp;&nbsp;&nbsp;main
</UL>

<P><STRONG><a name="[98]"></a>nvic_vector_table_set</STRONG> (Thumb, 28 bytes, Stack size 0 bytes, gd32e10x_misc.o(.text.nvic_vector_table_set))
<BR><BR>[Called By]<UL><LI><a href="#[52]">&gt;&gt;</a>&nbsp;&nbsp;&nbsp;SystemInit
</UL>

<P><STRONG><a name="[88]"></a>parseDHCPMSG</STRONG> (Thumb, 542 bytes, Stack size 48 bytes, dhcp.o(.text.parseDHCPMSG))
<BR><BR>[Stack]<UL><LI>Max Depth = 160<LI>Call Chain = parseDHCPMSG &rArr; recvfrom &rArr; getSn_RX_RSR
</UL>
<BR>[Calls]<UL><LI><a href="#[cf]">&gt;&gt;</a>&nbsp;&nbsp;&nbsp;recvfrom
<LI><a href="#[ce]">&gt;&gt;</a>&nbsp;&nbsp;&nbsp;getSn_RX_RSR
</UL>
<BR>[Called By]<UL><LI><a href="#[85]">&gt;&gt;</a>&nbsp;&nbsp;&nbsp;DHCP_run
</UL>

<P><STRONG><a name="[ee]"></a>pmu_to_deepsleepmode</STRONG> (Thumb, 170 bytes, Stack size 0 bytes, gd32e10x_pmu.o(.text.pmu_to_deepsleepmode))
<BR><BR>[Called By]<UL><LI><a href="#[99]">&gt;&gt;</a>&nbsp;&nbsp;&nbsp;usbd_isr
</UL>

<P><STRONG><a name="[c4]"></a>rcu_clock_freq_get</STRONG> (Thumb, 236 bytes, Stack size 8 bytes, gd32e10x_rcu.o(.text.rcu_clock_freq_get))
<BR><BR>[Stack]<UL><LI>Max Depth = 8<LI>Call Chain = rcu_clock_freq_get
</UL>
<BR>[Called By]<UL><LI><a href="#[75]">&gt;&gt;</a>&nbsp;&nbsp;&nbsp;main
</UL>

<P><STRONG><a name="[9b]"></a>rcu_periph_clock_enable</STRONG> (Thumb, 30 bytes, Stack size 0 bytes, gd32e10x_rcu.o(.text.rcu_periph_clock_enable))
<BR><BR>[Called By]<UL><LI><a href="#[75]">&gt;&gt;</a>&nbsp;&nbsp;&nbsp;main
<LI><a href="#[40]">&gt;&gt;</a>&nbsp;&nbsp;&nbsp;USBFS_WKUP_IRQHandler
</UL>

<P><STRONG><a name="[d6]"></a>rcu_periph_reset_disable</STRONG> (Thumb, 32 bytes, Stack size 0 bytes, gd32e10x_rcu.o(.text.rcu_periph_reset_disable))
<BR><BR>[Called By]<UL><LI><a href="#[b4]">&gt;&gt;</a>&nbsp;&nbsp;&nbsp;timer_deinit
</UL>

<P><STRONG><a name="[d5]"></a>rcu_periph_reset_enable</STRONG> (Thumb, 30 bytes, Stack size 0 bytes, gd32e10x_rcu.o(.text.rcu_periph_reset_enable))
<BR><BR>[Called By]<UL><LI><a href="#[b4]">&gt;&gt;</a>&nbsp;&nbsp;&nbsp;timer_deinit
</UL>

<P><STRONG><a name="[9a]"></a>rcu_usb_clock_config</STRONG> (Thumb, 20 bytes, Stack size 0 bytes, gd32e10x_rcu.o(.text.rcu_usb_clock_config))
<BR><BR>[Called By]<UL><LI><a href="#[75]">&gt;&gt;</a>&nbsp;&nbsp;&nbsp;main
<LI><a href="#[40]">&gt;&gt;</a>&nbsp;&nbsp;&nbsp;USBFS_WKUP_IRQHandler
</UL>

<P><STRONG><a name="[cf]"></a>recvfrom</STRONG> (Thumb, 590 bytes, Stack size 56 bytes, socket.o(.text.recvfrom))
<BR><BR>[Stack]<UL><LI>Max Depth = 112<LI>Call Chain = recvfrom &rArr; getSn_RX_RSR
</UL>
<BR>[Calls]<UL><LI><a href="#[d1]">&gt;&gt;</a>&nbsp;&nbsp;&nbsp;wiz_recv_ignore
<LI><a href="#[d0]">&gt;&gt;</a>&nbsp;&nbsp;&nbsp;wiz_recv_data
<LI><a href="#[ce]">&gt;&gt;</a>&nbsp;&nbsp;&nbsp;getSn_RX_RSR
<LI><a href="#[90]">&gt;&gt;</a>&nbsp;&nbsp;&nbsp;close
<LI><a href="#[8b]">&gt;&gt;</a>&nbsp;&nbsp;&nbsp;WIZCHIP_WRITE
<LI><a href="#[86]">&gt;&gt;</a>&nbsp;&nbsp;&nbsp;WIZCHIP_READ
</UL>
<BR>[Called By]<UL><LI><a href="#[88]">&gt;&gt;</a>&nbsp;&nbsp;&nbsp;parseDHCPMSG
</UL>

<P><STRONG><a name="[cc]"></a>reg_dhcp_cbfunc</STRONG> (Thumb, 60 bytes, Stack size 8 bytes, dhcp.o(.text.reg_dhcp_cbfunc))
<BR><BR>[Stack]<UL><LI>Max Depth = 8<LI>Call Chain = reg_dhcp_cbfunc
</UL>
<BR>[Called By]<UL><LI><a href="#[75]">&gt;&gt;</a>&nbsp;&nbsp;&nbsp;main
</UL>

<P><STRONG><a name="[ca]"></a>reg_wizchip_cs_cbfunc</STRONG> (Thumb, 56 bytes, Stack size 0 bytes, wizchip_conf.o(.text.reg_wizchip_cs_cbfunc))
<BR><BR>[Called By]<UL><LI><a href="#[75]">&gt;&gt;</a>&nbsp;&nbsp;&nbsp;main
</UL>

<P><STRONG><a name="[cb]"></a>reg_wizchip_spi_cbfunc</STRONG> (Thumb, 68 bytes, Stack size 0 bytes, wizchip_conf.o(.text.reg_wizchip_spi_cbfunc))
<BR><BR>[Called By]<UL><LI><a href="#[75]">&gt;&gt;</a>&nbsp;&nbsp;&nbsp;main
</UL>

<P><STRONG><a name="[cd]"></a>send</STRONG> (Thumb, 334 bytes, Stack size 40 bytes, socket.o(.text.send))
<BR><BR>[Stack]<UL><LI>Max Depth = 96<LI>Call Chain = send &rArr; getSn_TX_FSR
</UL>
<BR>[Calls]<UL><LI><a href="#[d3]">&gt;&gt;</a>&nbsp;&nbsp;&nbsp;wiz_send_data
<LI><a href="#[d2]">&gt;&gt;</a>&nbsp;&nbsp;&nbsp;getSn_TX_FSR
<LI><a href="#[90]">&gt;&gt;</a>&nbsp;&nbsp;&nbsp;close
<LI><a href="#[8b]">&gt;&gt;</a>&nbsp;&nbsp;&nbsp;WIZCHIP_WRITE
<LI><a href="#[86]">&gt;&gt;</a>&nbsp;&nbsp;&nbsp;WIZCHIP_READ
</UL>
<BR>[Called By]<UL><LI><a href="#[75]">&gt;&gt;</a>&nbsp;&nbsp;&nbsp;main
</UL>

<P><STRONG><a name="[8e]"></a>send_DHCP_DECLINE</STRONG> (Thumb, 596 bytes, Stack size 32 bytes, dhcp.o(.text.send_DHCP_DECLINE))
<BR><BR>[Stack]<UL><LI>Max Depth = 128 + Unknown Stack Size
<LI>Call Chain = send_DHCP_DECLINE &rArr; sendto &rArr; getSn_TX_FSR
</UL>
<BR>[Calls]<UL><LI><a href="#[8c]">&gt;&gt;</a>&nbsp;&nbsp;&nbsp;sendto
<LI><a href="#[83]">&gt;&gt;</a>&nbsp;&nbsp;&nbsp;WIZCHIP_READ_BUF
<LI><a href="#[d4]">&gt;&gt;</a>&nbsp;&nbsp;&nbsp;__aeabi_memclr
</UL>
<BR>[Called By]<UL><LI><a href="#[85]">&gt;&gt;</a>&nbsp;&nbsp;&nbsp;DHCP_run
</UL>

<P><STRONG><a name="[89]"></a>send_DHCP_DISCOVER</STRONG> (Thumb, 1078 bytes, Stack size 40 bytes, dhcp.o(.text.send_DHCP_DISCOVER))
<BR><BR>[Stack]<UL><LI>Max Depth = 136 + Unknown Stack Size
<LI>Call Chain = send_DHCP_DISCOVER &rArr; sendto &rArr; getSn_TX_FSR
</UL>
<BR>[Calls]<UL><LI><a href="#[8c]">&gt;&gt;</a>&nbsp;&nbsp;&nbsp;sendto
<LI><a href="#[83]">&gt;&gt;</a>&nbsp;&nbsp;&nbsp;WIZCHIP_READ_BUF
<LI><a href="#[d4]">&gt;&gt;</a>&nbsp;&nbsp;&nbsp;__aeabi_memclr
</UL>
<BR>[Called By]<UL><LI><a href="#[85]">&gt;&gt;</a>&nbsp;&nbsp;&nbsp;DHCP_run
<LI><a href="#[8d]">&gt;&gt;</a>&nbsp;&nbsp;&nbsp;check_DHCP_timeout
</UL>

<P><STRONG><a name="[8a]"></a>send_DHCP_REQUEST</STRONG> (Thumb, 1244 bytes, Stack size 32 bytes, dhcp.o(.text.send_DHCP_REQUEST))
<BR><BR>[Stack]<UL><LI>Max Depth = 128 + Unknown Stack Size
<LI>Call Chain = send_DHCP_REQUEST &rArr; sendto &rArr; getSn_TX_FSR
</UL>
<BR>[Calls]<UL><LI><a href="#[8c]">&gt;&gt;</a>&nbsp;&nbsp;&nbsp;sendto
<LI><a href="#[83]">&gt;&gt;</a>&nbsp;&nbsp;&nbsp;WIZCHIP_READ_BUF
<LI><a href="#[d4]">&gt;&gt;</a>&nbsp;&nbsp;&nbsp;__aeabi_memclr
</UL>
<BR>[Called By]<UL><LI><a href="#[85]">&gt;&gt;</a>&nbsp;&nbsp;&nbsp;DHCP_run
<LI><a href="#[8d]">&gt;&gt;</a>&nbsp;&nbsp;&nbsp;check_DHCP_timeout
</UL>

<P><STRONG><a name="[8c]"></a>sendto</STRONG> (Thumb, 392 bytes, Stack size 40 bytes, socket.o(.text.sendto))
<BR><BR>[Stack]<UL><LI>Max Depth = 96<LI>Call Chain = sendto &rArr; getSn_TX_FSR
</UL>
<BR>[Calls]<UL><LI><a href="#[d3]">&gt;&gt;</a>&nbsp;&nbsp;&nbsp;wiz_send_data
<LI><a href="#[d2]">&gt;&gt;</a>&nbsp;&nbsp;&nbsp;getSn_TX_FSR
<LI><a href="#[84]">&gt;&gt;</a>&nbsp;&nbsp;&nbsp;WIZCHIP_WRITE_BUF
<LI><a href="#[8b]">&gt;&gt;</a>&nbsp;&nbsp;&nbsp;WIZCHIP_WRITE
<LI><a href="#[86]">&gt;&gt;</a>&nbsp;&nbsp;&nbsp;WIZCHIP_READ
</UL>
<BR>[Called By]<UL><LI><a href="#[85]">&gt;&gt;</a>&nbsp;&nbsp;&nbsp;DHCP_run
<LI><a href="#[8e]">&gt;&gt;</a>&nbsp;&nbsp;&nbsp;send_DHCP_DECLINE
<LI><a href="#[8a]">&gt;&gt;</a>&nbsp;&nbsp;&nbsp;send_DHCP_REQUEST
<LI><a href="#[89]">&gt;&gt;</a>&nbsp;&nbsp;&nbsp;send_DHCP_DISCOVER
</UL>

<P><STRONG><a name="[e9]"></a>serial_string_get</STRONG> (Thumb, 368 bytes, Stack size 16 bytes, usbd_enum.o(.text.serial_string_get))
<BR><BR>[Stack]<UL><LI>Max Depth = 16<LI>Call Chain = serial_string_get
</UL>
<BR>[Called By]<UL><LI><a href="#[c6]">&gt;&gt;</a>&nbsp;&nbsp;&nbsp;usbd_init
</UL>

<P><STRONG><a name="[87]"></a>socket</STRONG> (Thumb, 430 bytes, Stack size 56 bytes, socket.o(.text.socket))
<BR><BR>[Stack]<UL><LI>Max Depth = 80<LI>Call Chain = socket &rArr; WIZCHIP_READ_BUF
</UL>
<BR>[Calls]<UL><LI><a href="#[83]">&gt;&gt;</a>&nbsp;&nbsp;&nbsp;WIZCHIP_READ_BUF
<LI><a href="#[8b]">&gt;&gt;</a>&nbsp;&nbsp;&nbsp;WIZCHIP_WRITE
<LI><a href="#[86]">&gt;&gt;</a>&nbsp;&nbsp;&nbsp;WIZCHIP_READ
</UL>
<BR>[Called By]<UL><LI><a href="#[85]">&gt;&gt;</a>&nbsp;&nbsp;&nbsp;DHCP_run
<LI><a href="#[75]">&gt;&gt;</a>&nbsp;&nbsp;&nbsp;main
</UL>

<P><STRONG><a name="[bb]"></a>timer_auto_reload_shadow_enable</STRONG> (Thumb, 10 bytes, Stack size 0 bytes, gd32e10x_timer.o(.text.timer_auto_reload_shadow_enable))
<BR><BR>[Called By]<UL><LI><a href="#[75]">&gt;&gt;</a>&nbsp;&nbsp;&nbsp;main
</UL>

<P><STRONG><a name="[bd]"></a>timer_channel_dma_request_source_select</STRONG> (Thumb, 30 bytes, Stack size 0 bytes, gd32e10x_timer.o(.text.timer_channel_dma_request_source_select))
<BR><BR>[Called By]<UL><LI><a href="#[75]">&gt;&gt;</a>&nbsp;&nbsp;&nbsp;main
</UL>

<P><STRONG><a name="[b6]"></a>timer_channel_output_config</STRONG> (Thumb, 588 bytes, Stack size 8 bytes, gd32e10x_timer.o(.text.timer_channel_output_config))
<BR><BR>[Stack]<UL><LI>Max Depth = 8<LI>Call Chain = timer_channel_output_config
</UL>
<BR>[Called By]<UL><LI><a href="#[75]">&gt;&gt;</a>&nbsp;&nbsp;&nbsp;main
</UL>

<P><STRONG><a name="[b8]"></a>timer_channel_output_mode_config</STRONG> (Thumb, 64 bytes, Stack size 0 bytes, gd32e10x_timer.o(.text.timer_channel_output_mode_config))
<BR><BR>[Called By]<UL><LI><a href="#[75]">&gt;&gt;</a>&nbsp;&nbsp;&nbsp;main
</UL>

<P><STRONG><a name="[b7]"></a>timer_channel_output_pulse_value_config</STRONG> (Thumb, 12 bytes, Stack size 0 bytes, gd32e10x_timer.o(.text.timer_channel_output_pulse_value_config))
<BR><BR>[Called By]<UL><LI><a href="#[75]">&gt;&gt;</a>&nbsp;&nbsp;&nbsp;main
</UL>

<P><STRONG><a name="[b9]"></a>timer_channel_output_shadow_config</STRONG> (Thumb, 64 bytes, Stack size 0 bytes, gd32e10x_timer.o(.text.timer_channel_output_shadow_config))
<BR><BR>[Called By]<UL><LI><a href="#[75]">&gt;&gt;</a>&nbsp;&nbsp;&nbsp;main
</UL>

<P><STRONG><a name="[b4]"></a>timer_deinit</STRONG> (Thumb, 350 bytes, Stack size 8 bytes, gd32e10x_timer.o(.text.timer_deinit))
<BR><BR>[Stack]<UL><LI>Max Depth = 8<LI>Call Chain = timer_deinit
</UL>
<BR>[Calls]<UL><LI><a href="#[d6]">&gt;&gt;</a>&nbsp;&nbsp;&nbsp;rcu_periph_reset_disable
<LI><a href="#[d5]">&gt;&gt;</a>&nbsp;&nbsp;&nbsp;rcu_periph_reset_enable
</UL>
<BR>[Called By]<UL><LI><a href="#[75]">&gt;&gt;</a>&nbsp;&nbsp;&nbsp;main
</UL>

<P><STRONG><a name="[be]"></a>timer_dma_enable</STRONG> (Thumb, 8 bytes, Stack size 0 bytes, gd32e10x_timer.o(.text.timer_dma_enable))
<BR><BR>[Called By]<UL><LI><a href="#[75]">&gt;&gt;</a>&nbsp;&nbsp;&nbsp;main
</UL>

<P><STRONG><a name="[bc]"></a>timer_enable</STRONG> (Thumb, 10 bytes, Stack size 0 bytes, gd32e10x_timer.o(.text.timer_enable))
<BR><BR>[Called By]<UL><LI><a href="#[75]">&gt;&gt;</a>&nbsp;&nbsp;&nbsp;main
</UL>

<P><STRONG><a name="[b5]"></a>timer_init</STRONG> (Thumb, 194 bytes, Stack size 8 bytes, gd32e10x_timer.o(.text.timer_init))
<BR><BR>[Stack]<UL><LI>Max Depth = 8<LI>Call Chain = timer_init
</UL>
<BR>[Called By]<UL><LI><a href="#[75]">&gt;&gt;</a>&nbsp;&nbsp;&nbsp;main
</UL>

<P><STRONG><a name="[ba]"></a>timer_primary_output_config</STRONG> (Thumb, 18 bytes, Stack size 0 bytes, gd32e10x_timer.o(.text.timer_primary_output_config))
<BR><BR>[Called By]<UL><LI><a href="#[75]">&gt;&gt;</a>&nbsp;&nbsp;&nbsp;main
</UL>

<P><STRONG><a name="[d7]"></a>usb_basic_init</STRONG> (Thumb, 546 bytes, Stack size 40 bytes, drv_usb_core.o(.text.usb_basic_init))
<BR><BR>[Stack]<UL><LI>Max Depth = 40 + Unknown Stack Size
<LI>Call Chain = usb_basic_init
</UL>
<BR>[Calls]<UL><LI><a href="#[92]">&gt;&gt;</a>&nbsp;&nbsp;&nbsp;__aeabi_memclr4
</UL>
<BR>[Called By]<UL><LI><a href="#[c6]">&gt;&gt;</a>&nbsp;&nbsp;&nbsp;usbd_init
</UL>

<P><STRONG><a name="[9c]"></a>usb_clock_active</STRONG> (Thumb, 28 bytes, Stack size 0 bytes, drv_usb_dev.o(.text.usb_clock_active))
<BR><BR>[Called By]<UL><LI><a href="#[40]">&gt;&gt;</a>&nbsp;&nbsp;&nbsp;USBFS_WKUP_IRQHandler
</UL>

<P><STRONG><a name="[d8]"></a>usb_core_init</STRONG> (Thumb, 190 bytes, Stack size 16 bytes, drv_usb_core.o(.text.usb_core_init))
<BR><BR>[Stack]<UL><LI>Max Depth = 24<LI>Call Chain = usb_core_init &rArr; usb_mdelay &rArr; delay
</UL>
<BR>[Calls]<UL><LI><a href="#[da]">&gt;&gt;</a>&nbsp;&nbsp;&nbsp;usb_mdelay
<LI><a href="#[d9]">&gt;&gt;</a>&nbsp;&nbsp;&nbsp;usb_udelay
</UL>
<BR>[Called By]<UL><LI><a href="#[c6]">&gt;&gt;</a>&nbsp;&nbsp;&nbsp;usbd_init
</UL>

[...]
</UL>

<P><STRONG><a name="[a3]"></a>usbd_ep_stall_clear</STRONG> (Thumb, 52 bytes, Stack size 8 bytes, usbd_core.o(.text.usbd_ep_stall_clear))
<BR><BR>[Stack]<UL><LI>Max Depth = 8<LI>Call Chain = usbd_ep_stall_clear
</UL>
<BR>[Calls]<UL><LI><a href="#[e7]">&gt;&gt;</a>&nbsp;&nbsp;&nbsp;usb_transc_clrstall
</UL>
<BR>[Called By]<UL><LI><a href="#[60]">&gt;&gt;</a>&nbsp;&nbsp;&nbsp;_usb_std_clearfeature
</UL>

<P><STRONG><a name="[e8]"></a>usbd_in_transc</STRONG> (Thumb, 178 bytes, Stack size 16 bytes, usbd_transc.o(.text.usbd_in_transc))
<BR><BR>[Stack]<UL><LI>Max Depth = 56<LI>Call Chain = usbd_in_transc &rArr; usbd_ep_send &rArr; usb_transc_inxfer &rArr; usb_txfifo_write
</UL>
<BR>[Calls]<UL><LI><a href="#[e2]">&gt;&gt;</a>&nbsp;&nbsp;&nbsp;usb_ctlep_startout
<LI><a href="#[ad]">&gt;&gt;</a>&nbsp;&nbsp;&nbsp;usbd_ep_send
<LI><a href="#[ae]">&gt;&gt;</a>&nbsp;&nbsp;&nbsp;usbd_ep_recev
</UL>
<BR>[Called By]<UL><LI><a href="#[99]">&gt;&gt;</a>&nbsp;&nbsp;&nbsp;usbd_isr
</UL>

<P><STRONG><a name="[c6]"></a>usbd_init</STRONG> (Thumb, 124 bytes, Stack size 24 bytes, usbd_core.o(.text.usbd_init))
<BR><BR>[Stack]<UL><LI>Max Depth = 84 + Unknown Stack Size
<LI>Call Chain = usbd_init &rArr; usb_devcore_init &rArr; usb_set_txfifo
</UL>
<BR>[Calls]<UL><LI><a href="#[e9]">&gt;&gt;</a>&nbsp;&nbsp;&nbsp;serial_string_get
<LI><a href="#[db]">&gt;&gt;</a>&nbsp;&nbsp;&nbsp;usb_devcore_init
<LI><a href="#[ea]">&gt;&gt;</a>&nbsp;&nbsp;&nbsp;usb_curmode_set
<LI><a href="#[d8]">&gt;&gt;</a>&nbsp;&nbsp;&nbsp;usb_core_init
<LI><a href="#[d7]">&gt;&gt;</a>&nbsp;&nbsp;&nbsp;usb_basic_init
<LI><a href="#[da]">&gt;&gt;</a>&nbsp;&nbsp;&nbsp;usb_mdelay
</UL>
<BR>[Called By]<UL><LI><a href="#[75]">&gt;&gt;</a>&nbsp;&nbsp;&nbsp;main
</UL>

<P><STRONG><a name="[99]"></a>usbd_isr</STRONG> (Thumb, 1238 bytes, Stack size 80 bytes, drv_usbd_int.o(.text.usbd_isr))
<BR><BR>[Stack]<UL><LI>Max Depth = 136<LI>Call Chain = usbd_isr &rArr; usbd_in_transc &rArr; usbd_ep_send &rArr; usb_transc_inxfer &rArr; usb_txfifo_write
</UL>
<BR>[Calls]<UL><LI><a href="#[e8]">&gt;&gt;</a>&nbsp;&nbsp;&nbsp;usbd_in_transc
<LI><a href="#[ec]">&gt;&gt;</a>&nbsp;&nbsp;&nbsp;usbd_setup_transc
<LI><a href="#[eb]">&gt;&gt;</a>&nbsp;&nbsp;&nbsp;usbd_out_transc
<LI><a href="#[e2]">&gt;&gt;</a>&nbsp;&nbsp;&nbsp;usb_ctlep_startout
<LI><a href="#[ed]">&gt;&gt;</a>&nbsp;&nbsp;&nbsp;usb_iepintr_read
<LI><a href="#[e5]">&gt;&gt;</a>&nbsp;&nbsp;&nbsp;usb_transc_active
<LI><a href="#[dd]">&gt;&gt;</a>&nbsp;&nbsp;&nbsp;usb_txfifo_flush
<LI><a href="#[ef]">&gt;&gt;</a>&nbsp;&nbsp;&nbsp;usb_rxfifo_read
<LI><a href="#[e0]">&gt;&gt;</a>&nbsp;&nbsp;&nbsp;usb_txfifo_write
<LI><a href="#[ee]">&gt;&gt;</a>&nbsp;&nbsp;&nbsp;pmu_to_deepsleepmode
</UL>
<BR>[Called By]<UL><LI><a href="#[51]">&gt;&gt;</a>&nbsp;&nbsp;&nbsp;USBFS_IRQHandler
</UL>

<P><STRONG><a name="[eb]"></a>usbd_out_transc</STRONG> (Thumb, 150 bytes, Stack size 8 bytes, usbd_transc.o(.text.usbd_out_transc))
<BR><BR>[Stack]<UL><LI>Max Depth = 48<LI>Call Chain = usbd_out_transc &rArr; usbd_ep_send &rArr; usb_transc_inxfer &rArr; usb_txfifo_write
</UL>
<BR>[Calls]<UL><LI><a href="#[e2]">&gt;&gt;</a>&nbsp;&nbsp;&nbsp;usb_ctlep_startout
<LI><a href="#[ad]">&gt;&gt;</a>&nbsp;&nbsp;&nbsp;usbd_ep_send
<LI><a href="#[ae]">&gt;&gt;</a>&nbsp;&nbsp;&nbsp;usbd_ep_recev
</UL>
<BR>[Called By]<UL><LI><a href="#[99]">&gt;&gt;</a>&nbsp;&nbsp;&nbsp;usbd_isr
</UL>

<P><STRONG><a name="[ec]"></a>usbd_setup_transc</STRONG> (Thumb, 214 bytes, Stack size 16 bytes, usbd_transc.o(.text.usbd_setup_transc))
<BR><BR>[Stack]<UL><LI>Max Depth = 56<LI>Call Chain = usbd_setup_transc &rArr; usbd_ep_send &rArr; usb_transc_inxfer &rArr; usb_txfifo_write
</UL>
<BR>[Calls]<UL><LI><a href="#[e1]">&gt;&gt;</a>&nbsp;&nbsp;&nbsp;usbd_enum_error
<LI><a href="#[f1]">&gt;&gt;</a>&nbsp;&nbsp;&nbsp;usbd_vendor_request
<LI><a href="#[f2]">&gt;&gt;</a>&nbsp;&nbsp;&nbsp;usbd_class_request
<LI><a href="#[f0]">&gt;&gt;</a>&nbsp;&nbsp;&nbsp;usbd_standard_request
<LI><a href="#[e2]">&gt;&gt;</a>&nbsp;&nbsp;&nbsp;usb_ctlep_startout
<LI><a href="#[ad]">&gt;&gt;</a>&nbsp;&nbsp;&nbsp;usbd_ep_send
<LI><a href="#[ae]">&gt;&gt;</a>&nbsp;&nbsp;&nbsp;usbd_ep_recev
</UL>
<BR>[Called By]<UL><LI><a href="#[99]">&gt;&gt;</a>&nbsp;&nbsp;&nbsp;usbd_isr
</UL>

<P><STRONG><a name="[f0]"></a>usbd_standard_request</STRONG> (Thumb, 12 bytes, Stack size 0 bytes, usbd_enum.o(.text.usbd_standard_request))
<BR><BR>[Called By]<UL><LI><a href="#[ec]">&gt;&gt;</a>&nbsp;&nbsp;&nbsp;usbd_setup_transc
</UL>

<P><STRONG><a name="[f1]"></a>usbd_vendor_request</STRONG> (Thumb, 4 bytes, Stack size 0 bytes, usbd_enum.o(.text.usbd_vendor_request))
<BR><BR>[Called By]<UL><LI><a href="#[ec]">&gt;&gt;</a>&nbsp;&nbsp;&nbsp;usbd_setup_transc
</UL>

<P><STRONG><a name="[5b]"></a>w5500_dhcp_assign</STRONG> (Thumb, 60 bytes, Stack size 8 bytes, main.o(.text.w5500_dhcp_assign))
<BR><BR>[Stack]<UL><LI>Max Depth = 344 + Unknown Stack Size
<LI>Call Chain = w5500_dhcp_assign &rArr; W5500_displayNetInfo &rArr; SEGGER_RTT_printf &rArr; SEGGER_RTT_vprintf &rArr; _PrintUnsigned &rArr; SEGGER_RTT_Write &rArr; SEGGER_RTT_WriteNoLock
</UL>
<BR>[Calls]<UL><LI><a href="#[f6]">&gt;&gt;</a>&nbsp;&nbsp;&nbsp;getDNSfromDHCP
<LI><a href="#[f5]">&gt;&gt;</a>&nbsp;&nbsp;&nbsp;getSNfromDHCP
<LI><a href="#[f4]">&gt;&gt;</a>&nbsp;&nbsp;&nbsp;getGWfromDHCP
<LI><a href="#[f3]">&gt;&gt;</a>&nbsp;&nbsp;&nbsp;getIPfromDHCP
<LI><a href="#[a1]">&gt;&gt;</a>&nbsp;&nbsp;&nbsp;ctlnetwork
<LI><a href="#[a0]">&gt;&gt;</a>&nbsp;&nbsp;&nbsp;W5500_displayNetInfo
</UL>
<BR>[Address Reference Count : 1]<UL><LI> main.o(.text.main)
</UL>
<P><STRONG><a name="[5c]"></a>w5500_dhcp_conflict</STRONG> (Thumb, 8 bytes, Stack size 0 bytes, main.o(.text.w5500_dhcp_conflict))
<BR><BR>[Stack]<UL><LI>Max Depth = 272 + Unknown Stack Size
<LI>Call Chain = w5500_dhcp_conflict &rArr; SEGGER_RTT_printf &rArr; SEGGER_RTT_vprintf &rArr; _PrintUnsigned &rArr; SEGGER_RTT_Write &rArr; SEGGER_RTT_WriteNoLock
</UL>
<BR>[Calls]<UL><LI><a href="#[95]">&gt;&gt;</a>&nbsp;&nbsp;&nbsp;SEGGER_RTT_printf
</UL>
<BR>[Address Reference Count : 1]<UL><LI> main.o(.text.main)
</UL>
<P><STRONG><a name="[d0]"></a>wiz_recv_data</STRONG> (Thumb, 490 bytes, Stack size 40 bytes, w5500.o(.text.wiz_recv_data))
<BR><BR>[Stack]<UL><LI>Max Depth = 40<LI>Call Chain = wiz_recv_data
</UL>
<BR>[Called By]<UL><LI><a href="#[cf]">&gt;&gt;</a>&nbsp;&nbsp;&nbsp;recvfrom
</UL>

<P><STRONG><a name="[d1]"></a>wiz_recv_ignore</STRONG> (Thumb, 372 bytes, Stack size 48 bytes, w5500.o(.text.wiz_recv_ignore))
<BR><BR>[Stack]<UL><LI>Max Depth = 48<LI>Call Chain = wiz_recv_ignore
</UL>
<BR>[Called By]<UL><LI><a href="#[cf]">&gt;&gt;</a>&nbsp;&nbsp;&nbsp;recvfrom
</UL>

<P><STRONG><a name="[d3]"></a>wiz_send_data</STRONG> (Thumb, 490 bytes, Stack size 48 bytes, w5500.o(.text.wiz_send_data))
<BR><BR>[Stack]<UL><LI>Max Depth = 48<LI>Call Chain = wiz_send_data
</UL>
<BR>[Called By]<UL><LI><a href="#[8c]">&gt;&gt;</a>&nbsp;&nbsp;&nbsp;sendto
<LI><a href="#[cd]">&gt;&gt;</a>&nbsp;&nbsp;&nbsp;send
</UL>

<P><STRONG><a name="[7]"></a>wizchip_bus_readdata</STRONG> (Thumb, 4 bytes, Stack size 0 bytes, wizchip_conf.o(.text.wizchip_bus_readdata))
<BR>[Address Reference Count : 1]<UL><LI> wizchip_conf.o(.data.WIZCHIP)
</UL>
<P><STRONG><a name="[8]"></a>wizchip_bus_writedata</STRONG> (Thumb, 4 bytes, Stack size 0 bytes, wizchip_conf.o(.text.wizchip_bus_writedata))
<BR>[Address Reference Count : 1]<UL><LI> wizchip_conf.o(.data.WIZCHIP)
</UL>
<P><STRONG><a name="[a7]"></a>wizchip_clrinterrupt</STRONG> (Thumb, 162 bytes, Stack size 8 bytes, wizchip_conf.o(.text.wizchip_clrinterrupt))
<BR><BR>[Stack]<UL><LI>Max Depth = 32<LI>Call Chain = wizchip_clrinterrupt &rArr; WIZCHIP_WRITE
</UL>
<BR>[Calls]<UL><LI><a href="#[8b]">&gt;&gt;</a>&nbsp;&nbsp;&nbsp;WIZCHIP_WRITE
</UL>
<BR>[Called By]<UL><LI><a href="#[a2]">&gt;&gt;</a>&nbsp;&nbsp;&nbsp;ctlwizchip
</UL>

<P><STRONG><a name="[3]"></a>wizchip_cris_enter</STRONG> (Thumb, 2 bytes, Stack size 0 bytes, wizchip_conf.o(.text.wizchip_cris_enter))
<BR>[Address Reference Count : 1]<UL><LI> wizchip_conf.o(.data.WIZCHIP)
</UL>
<P><STRONG><a name="[4]"></a>wizchip_cris_exit</STRONG> (Thumb, 2 bytes, Stack size 0 bytes, wizchip_conf.o(.text.wizchip_cris_exit))
<BR>[Address Reference Count : 1]<UL><LI> wizchip_conf.o(.data.WIZCHIP)
</UL>
<P><STRONG><a name="[6]"></a>wizchip_cs_deselect</STRONG> (Thumb, 2 bytes, Stack size 0 bytes, wizchip_conf.o(.text.wizchip_cs_deselect))
<BR>[Address Reference Count : 2]<UL><LI> wizchip_conf.o(.text.reg_wizchip_cs_cbfunc)
<LI> wizchip_conf.o(.data.WIZCHIP)
</UL>
<P><STRONG><a name="[5]"></a>wizchip_cs_select</STRONG> (Thumb, 2 bytes, Stack size 0 bytes, wizchip_conf.o(.text.wizchip_cs_select))
<BR>[Address Reference Count : 2]<UL><LI> wizchip_conf.o(.text.reg_wizchip_cs_cbfunc)
<LI> wizchip_conf.o(.data.WIZCHIP)
</UL>
<P><STRONG><a name="[a9]"></a>wizchip_init</STRONG> (Thumb, 376 bytes, Stack size 16 bytes, wizchip_conf.o(.text.wizchip_init))
<BR><BR>[Stack]<UL><LI>Max Depth = 88<LI>Call Chain = wizchip_init &rArr; wizchip_sw_reset &rArr; WIZCHIP_WRITE_BUF
</UL>
<BR>[Calls]<UL><LI><a href="#[8b]">&gt;&gt;</a>&nbsp;&nbsp;&nbsp;WIZCHIP_WRITE
<LI><a href="#[a6]">&gt;&gt;</a>&nbsp;&nbsp;&nbsp;wizchip_sw_reset
</UL>
<BR>[Called By]<UL><LI><a href="#[a2]">&gt;&gt;</a>&nbsp;&nbsp;&nbsp;ctlwizchip
</UL>

<P><STRONG><a name="[5d]"></a>wizchip_spi_readbyte</STRONG> (Thumb, 4 bytes, Stack size 0 bytes, wizchip_conf.o(.text.wizchip_spi_readbyte))
<BR>[Address Reference Count : 1]<UL><LI> wizchip_conf.o(.text.reg_wizchip_spi_cbfunc)
</UL>
<P><STRONG><a name="[5e]"></a>wizchip_spi_writebyte</STRONG> (Thumb, 2 bytes, Stack size 0 bytes, wizchip_conf.o(.text.wizchip_spi_writebyte))
<BR>[Address Reference Count : 1]<UL><LI> wizchip_conf.o(.text.reg_wizchip_spi_cbfunc)
</UL>
<P><STRONG><a name="[a6]"></a>wizchip_sw_reset</STRONG> (Thumb, 128 bytes, Stack size 40 bytes, wizchip_conf.o(.text.wizchip_sw_reset))
<BR><BR>[Stack]<UL><LI>Max Depth = 72<LI>Call Chain = wizchip_sw_reset &rArr; WIZCHIP_WRITE_BUF
</UL>
<BR>[Calls]<UL><LI><a href="#[84]">&gt;&gt;</a>&nbsp;&nbsp;&nbsp;WIZCHIP_WRITE_BUF
<LI><a href="#[83]">&gt;&gt;</a>&nbsp;&nbsp;&nbsp;WIZCHIP_READ_BUF
<LI><a href="#[8b]">&gt;&gt;</a>&nbsp;&nbsp;&nbsp;WIZCHIP_WRITE
<LI><a href="#[86]">&gt;&gt;</a>&nbsp;&nbsp;&nbsp;WIZCHIP_READ
</UL>
<BR>[Called By]<UL><LI><a href="#[a9]">&gt;&gt;</a>&nbsp;&nbsp;&nbsp;wizchip_init
<LI><a href="#[a2]">&gt;&gt;</a>&nbsp;&nbsp;&nbsp;ctlwizchip
</UL>

<P><STRONG><a name="[a8]"></a>wizphy_setphyconf</STRONG> (Thumb, 112 bytes, Stack size 8 bytes, wizchip_conf.o(.text.wizphy_setphyconf))
<BR><BR>[Stack]<UL><LI>Max Depth = 32<LI>Call Chain = wizphy_setphyconf &rArr; WIZCHIP_WRITE
</UL>
<BR>[Calls]<UL><LI><a href="#[8b]">&gt;&gt;</a>&nbsp;&nbsp;&nbsp;WIZCHIP_WRITE
<LI><a href="#[86]">&gt;&gt;</a>&nbsp;&nbsp;&nbsp;WIZCHIP_READ
</UL>
<BR>[Called By]<UL><LI><a href="#[a2]">&gt;&gt;</a>&nbsp;&nbsp;&nbsp;ctlwizchip
</UL>

<P><STRONG><a name="[aa]"></a>wizphy_setphypmode</STRONG> (Thumb, 120 bytes, Stack size 8 bytes, wizchip_conf.o(.text.wizphy_setphypmode))
<BR><BR>[Stack]<UL><LI>Max Depth = 32<LI>Call Chain = wizphy_setphypmode &rArr; WIZCHIP_WRITE
</UL>
<BR>[Calls]<UL><LI><a href="#[8b]">&gt;&gt;</a>&nbsp;&nbsp;&nbsp;WIZCHIP_WRITE
<LI><a href="#[86]">&gt;&gt;</a>&nbsp;&nbsp;&nbsp;WIZCHIP_READ
</UL>
<BR>[Called By]<UL><LI><a href="#[a2]">&gt;&gt;</a>&nbsp;&nbsp;&nbsp;ctlwizchip
</UL>

<P><STRONG><a name="[6f]"></a>_fp_init</STRONG> (Thumb, 26 bytes, Stack size 0 bytes, fpinit.o(x$fpl$fpinit))
<BR><BR>[Called By]<UL><LI><a href="#[6e]">&gt;&gt;</a>&nbsp;&nbsp;&nbsp;__rt_lib_init_fp_1
</UL>

<P><STRONG><a name="[12b]"></a>__fplib_config_fpu_vfp</STRONG> (Thumb, 0 bytes, Stack size unknown bytes, fpinit.o(x$fpl$fpinit), UNUSED)

<P><STRONG><a name="[12c]"></a>__fplib_config_pureend_doubles</STRONG> (Thumb, 0 bytes, Stack size unknown bytes, fpinit.o(x$fpl$fpinit), UNUSED)
<P>
<H3>
Local Symbols
</H3>
<P><STRONG><a name="[9]"></a>key_config</STRONG> (Thumb, 2 bytes, Stack size 0 bytes, hid_keyboard_itf.o(.text.key_config))
<BR>[Address Reference Count : 1]<UL><LI> hid_keyboard_itf.o(.data.fop_handler)
</UL>
<P><STRONG><a name="[a]"></a>hid_key_data_send</STRONG> (Thumb, 24 bytes, Stack size 0 bytes, hid_keyboard_itf.o(.text.hid_key_data_send))
<BR>[Address Reference Count : 1]<UL><LI> hid_keyboard_itf.o(.data.fop_handler)
</UL>
<P><STRONG><a name="[54]"></a>W5500_select</STRONG> (Thumb, 30 bytes, Stack size 0 bytes, main.o(.text.W5500_select))
<BR>[Address Reference Count : 1]<UL><LI> main.o(.text.main)
</UL>
<P><STRONG><a name="[55]"></a>W5500_deselect</STRONG> (Thumb, 16 bytes, Stack size 0 bytes, main.o(.text.W5500_deselect))
<BR>[Address Reference Count : 1]<UL><LI> main.o(.text.main)
</UL>
<P><STRONG><a name="[56]"></a>SPI_recvByte</STRONG> (Thumb, 128 bytes, Stack size 8 bytes, main.o(.text.SPI_recvByte))
<BR><BR>[Stack]<UL><LI>Max Depth = 8<LI>Call Chain = SPI_recvByte
</UL>
<BR>[Address Reference Count : 1]<UL><LI> main.o(.text.main)
</UL>
<P><STRONG><a name="[57]"></a>SPI_transByte</STRONG> (Thumb, 174 bytes, Stack size 0 bytes, main.o(.text.SPI_transByte))
<BR>[Address Reference Count : 1]<UL><LI> main.o(.text.main)
</UL>
<P><STRONG><a name="[58]"></a>SPI_transfer</STRONG> (Thumb, 270 bytes, Stack size 20 bytes, main.o(.text.SPI_transfer))
<BR><BR>[Stack]<UL><LI>Max Depth = 20<LI>Call Chain = SPI_transfer
</UL>
<BR>[Address Reference Count : 1]<UL><LI> main.o(.text.main)
</UL>
<P><STRONG><a name="[59]"></a>W25Q_select</STRONG> (Thumb, 24 bytes, Stack size 0 bytes, main.o(.text.W25Q_select))
<BR>[Address Reference Count : 1]<UL><LI> main.o(.text.main)
</UL>
<P><STRONG><a name="[5a]"></a>W25Q_deselect</STRONG> (Thumb, 16 bytes, Stack size 0 bytes, main.o(.text.W25Q_deselect))
<BR>[Address Reference Count : 1]<UL><LI> main.o(.text.main)
</UL>
<P><STRONG><a name="[b]"></a>hid_init</STRONG> (Thumb, 78 bytes, Stack size 16 bytes, custom_hid_core.o(.text.hid_init))
<BR><BR>[Stack]<UL><LI>Max Depth = 40 + Unknown Stack Size
<LI>Call Chain = hid_init &rArr; usbd_ep_recev &rArr; usb_transc_outxfer
</UL>
<BR>[Calls]<UL><LI><a href="#[ae]">&gt;&gt;</a>&nbsp;&nbsp;&nbsp;usbd_ep_recev
<LI><a href="#[b0]">&gt;&gt;</a>&nbsp;&nbsp;&nbsp;usbd_ep_setup
<LI><a href="#[92]">&gt;&gt;</a>&nbsp;&nbsp;&nbsp;__aeabi_memclr4
</UL>
<BR>[Address Reference Count : 1]<UL><LI> custom_hid_core.o(.data.usbd_hid_cb)
</UL>
<P><STRONG><a name="[c]"></a>hid_deinit</STRONG> (Thumb, 22 bytes, Stack size 8 bytes, custom_hid_core.o(.text.hid_deinit))
<BR><BR>[Stack]<UL><LI>Max Depth = 16<LI>Call Chain = hid_deinit &rArr; usbd_ep_clear
</UL>
<BR>[Calls]<UL><LI><a href="#[af]">&gt;&gt;</a>&nbsp;&nbsp;&nbsp;usbd_ep_clear
</UL>
<BR>[Address Reference Count : 1]<UL><LI> custom_hid_core.o(.data.usbd_hid_cb)
</UL>
<P><STRONG><a name="[d]"></a>hid_req</STRONG> (Thumb, 134 bytes, Stack size 0 bytes, custom_hid_core.o(.text.hid_req))
<BR>[Address Reference Count : 1]<UL><LI> custom_hid_core.o(.data.usbd_hid_cb)
</UL>
<P><STRONG><a name="[e]"></a>hid_data_in</STRONG> (Thumb, 18 bytes, Stack size 8 bytes, custom_hid_core.o(.text.hid_data_in))
<BR><BR>[Stack]<UL><LI>Max Depth = 48<LI>Call Chain = hid_data_in &rArr; usbd_ep_send &rArr; usb_transc_inxfer &rArr; usb_txfifo_write
</UL>
<BR>[Calls]<UL><LI><a href="#[ad]">&gt;&gt;</a>&nbsp;&nbsp;&nbsp;usbd_ep_send
</UL>
<BR>[Address Reference Count : 1]<UL><LI> custom_hid_core.o(.data.usbd_hid_cb)
</UL>
<P><STRONG><a name="[f]"></a>hid_data_out</STRONG> (Thumb, 48 bytes, Stack size 16 bytes, custom_hid_core.o(.text.hid_data_out))
<BR><BR>[Stack]<UL><LI>Max Depth = 288 + Unknown Stack Size
<LI>Call Chain = hid_data_out &rArr; SEGGER_RTT_printf &rArr; SEGGER_RTT_vprintf &rArr; _PrintUnsigned &rArr; SEGGER_RTT_Write &rArr; SEGGER_RTT_WriteNoLock
</UL>
<BR>[Calls]<UL><LI><a href="#[ad]">&gt;&gt;</a>&nbsp;&nbsp;&nbsp;usbd_ep_send
<LI><a href="#[ae]">&gt;&gt;</a>&nbsp;&nbsp;&nbsp;usbd_ep_recev
<LI><a href="#[95]">&gt;&gt;</a>&nbsp;&nbsp;&nbsp;SEGGER_RTT_printf
</UL>
<BR>[Address Reference Count : 1]<UL><LI> custom_hid_core.o(.data.usbd_hid_cb)
</UL>
<P><STRONG><a name="[5f]"></a>_usb_std_getstatus</STRONG> (Thumb, 166 bytes, Stack size 0 bytes, usbd_enum.o(.text._usb_std_getstatus))
<BR>[Address Reference Count : 1]<UL><LI> usbd_enum.o(.text.usbd_standard_request)
</UL>
<P><STRONG><a name="[60]"></a>_usb_std_clearfeature</STRONG> (Thumb, 104 bytes, Stack size 16 bytes, usbd_enum.o(.text._usb_std_clearfeature))
<BR><BR>[Stack]<UL><LI>Max Depth = 24<LI>Call Chain = _usb_std_clearfeature &rArr; usbd_ep_stall_clear
</UL>
<BR>[Calls]<UL><LI><a href="#[a3]">&gt;&gt;</a>&nbsp;&nbsp;&nbsp;usbd_ep_stall_clear
</UL>
<BR>[Address Reference Count : 1]<UL><LI> usbd_enum.o(.text.usbd_standard_request)
</UL>
<P><STRONG><a name="[61]"></a>_usb_std_reserved</STRONG> (Thumb, 4 bytes, Stack size 0 bytes, usbd_enum.o(.text._usb_std_reserved))
<BR>[Address Reference Count : 1]<UL><LI> usbd_enum.o(.text.usbd_standard_request)
</UL>
<P><STRONG><a name="[62]"></a>_usb_std_setfeature</STRONG> (Thumb, 98 bytes, Stack size 8 bytes, usbd_enum.o(.text._usb_std_setfeature))
<BR><BR>[Stack]<UL><LI>Max Depth = 16<LI>Call Chain = _usb_std_setfeature &rArr; usbd_ep_stall
</UL>
<BR>[Calls]<UL><LI><a href="#[a4]">&gt;&gt;</a>&nbsp;&nbsp;&nbsp;usbd_ep_stall
</UL>
<BR>[Address Reference Count : 1]<UL><LI> usbd_enum.o(.text.usbd_standard_request)
</UL>
<P><STRONG><a name="[63]"></a>_usb_std_setaddress</STRONG> (Thumb, 68 bytes, Stack size 0 bytes, usbd_enum.o(.text._usb_std_setaddress))
<BR>[Address Reference Count : 1]<UL><LI> usbd_enum.o(.text.usbd_standard_request)
</UL>
<P><STRONG><a name="[64]"></a>_usb_std_getdescriptor</STRONG> (Thumb, 256 bytes, Stack size 16 bytes, usbd_enum.o(.text._usb_std_getdescriptor))
<BR><BR>[Stack]<UL><LI>Max Depth = 16<LI>Call Chain = _usb_std_getdescriptor
</UL>
<BR>[Address Reference Count : 1]<UL><LI> usbd_enum.o(.text.usbd_standard_request)
</UL>
<P><STRONG><a name="[65]"></a>_usb_std_setdescriptor</STRONG> (Thumb, 4 bytes, Stack size 0 bytes, usbd_enum.o(.text._usb_std_setdescriptor))
<BR>[Address Reference Count : 1]<UL><LI> usbd_enum.o(.text.usbd_standard_request)
</UL>
<P><STRONG><a name="[66]"></a>_usb_std_getconfiguration</STRONG> (Thumb, 52 bytes, Stack size 0 bytes, usbd_enum.o(.text._usb_std_getconfiguration))
<BR>[Address Reference Count : 1]<UL><LI> usbd_enum.o(.text.usbd_standard_request)
</UL>
<P><STRONG><a name="[67]"></a>_usb_std_setconfiguration</STRONG> (Thumb, 150 bytes, Stack size 16 bytes, usbd_enum.o(.text._usb_std_setconfiguration))
<BR><BR>[Stack]<UL><LI>Max Depth = 16<LI>Call Chain = _usb_std_setconfiguration
</UL>
<BR>[Address Reference Count : 1]<UL><LI> usbd_enum.o(.text.usbd_standard_request)
</UL>
<P><STRONG><a name="[68]"></a>_usb_std_getinterface</STRONG> (Thumb, 46 bytes, Stack size 0 bytes, usbd_enum.o(.text._usb_std_getinterface))
<BR>[Address Reference Count : 1]<UL><LI> usbd_enum.o(.text.usbd_standard_request)
</UL>
<P><STRONG><a name="[69]"></a>_usb_std_setinterface</STRONG> (Thumb, 38 bytes, Stack size 8 bytes, usbd_enum.o(.text._usb_std_setinterface))
<BR><BR>[Stack]<UL><LI>Max Depth = 8<LI>Call Chain = _usb_std_setinterface
</UL>
<BR>[Address Reference Count : 1]<UL><LI> usbd_enum.o(.text.usbd_standard_request)
</UL>
<P><STRONG><a name="[6a]"></a>_usb_std_synchframe</STRONG> (Thumb, 4 bytes, Stack size 0 bytes, usbd_enum.o(.text._usb_std_synchframe))
<BR>[Address Reference Count : 1]<UL><LI> usbd_enum.o(.text.usbd_standard_request)
</UL>
<P><STRONG><a name="[97]"></a>_PrintUnsigned</STRONG> (Thumb, 492 bytes, Stack size 40 bytes, segger_rtt_printf.o(.text._PrintUnsigned))
<BR><BR>[Stack]<UL><LI>Max Depth = 104 + Unknown Stack Size
<LI>Call Chain = _PrintUnsigned &rArr; SEGGER_RTT_Write &rArr; SEGGER_RTT_WriteNoLock
</UL>
<BR>[Calls]<UL><LI><a href="#[91]">&gt;&gt;</a>&nbsp;&nbsp;&nbsp;SEGGER_RTT_Write
</UL>
<BR>[Called By]<UL><LI><a href="#[96]">&gt;&gt;</a>&nbsp;&nbsp;&nbsp;SEGGER_RTT_vprintf
</UL>
<P>
<H3>
Undefined Global Symbols
</H3><HR></body></html>
