<html>
<body>
<pre>
<h1>µVision Build Log</h1>
<h2>Tool Versions:</h2>
IDE-Version: µVision V5.38.0.0
Copyright (C) 2022 ARM Ltd and ARM Germany GmbH. All rights reserved.
License Information: gag fgsdfg, shsrgsr, LIC=----
 
Tool Versions:
Toolchain:       MDK-ARM Professional  Version: 5.38.0.0
Toolchain Path:  C:\Keil_v5\ARM\ARMCLANG\Bin
C Compiler:      ArmClang.exe V6.19
Assembler:       Armasm.exe V6.19
Linker/Locator:  ArmLink.exe V6.19
Library Manager: ArmAr.exe V6.19
Hex Converter:   FromElf.exe V6.19
CPU DLL:         SARMCM3.DLL V5.38.0.0
Dialog DLL:      DCM.DLL V1.17.5.0
Target DLL:      Segger\JL2CM3.dll V2.99.42.0
Dialog DLL:      TCM.DLL V1.56.4.0
 
<h2>Project:</h2>
F:\1.work\3.Makerbox\Projects\2.Outsource\A.NangDoan\Gameshow\firmware\GS_master\Keil\GS_master.uvprojx
Project File Date:  07/13/2023

<h2>Output:</h2>
*** Using Compiler 'V6.19', folder: 'C:\Keil_v5\ARM\ARMCLANG\Bin'
Rebuild target 'GameShow Master'
compiling gd32e10x_it.c...
creating preprocessor file for custom_hid_core.c...
creating preprocessor file for gd32e10x_it.c...
creating preprocessor file for hid_keyboard_itf.c...
creating preprocessor file for main.c...
compiling hid_keyboard_itf.c...
creating preprocessor file for gd32e10x_dma.c...
creating preprocessor file for system_gd32e10x.c...
creating preprocessor file for gd32e10x_gpio.c...
compiling system_gd32e10x.c...
compiling custom_hid_core.c...
creating preprocessor file for gd32e10x_misc.c...
compiling gd32e10x_dma.c...
compiling main.c...
creating preprocessor file for gd32e10x_rcu.c...
compiling gd32e10x_misc.c...
compiling gd32e10x_gpio.c...
creating preprocessor file for gd32e10x_timer.c...
creating preprocessor file for gd32e10x_exti.c...
creating preprocessor file for gd32e10x_pmu.c...
compiling gd32e10x_exti.c...
compiling gd32e10x_rcu.c...
assembling startup_gd32e10x.s...
compiling gd32e10x_pmu.c...
creating preprocessor file for drv_usb_core.c...
creating preprocessor file for drv_usb_dev.c...
creating preprocessor file for drv_usbd_int.c...
compiling gd32e10x_timer.c...
../GD32E10x_Firmware_Library/GD32E10x_usbfs_library/driver/Source/drv_usb_core.c(201): warning: '__packed__' attribute ignored when parsing type [-Wignored-attributes]
        *fifo = *((__packed uint32_t *)src_buf);
                   ^~~~~~~~
../source\usb_conf.h(121): note: expanded from macro '__packed'
        #define __packed __attribute__ ((__packed__))
                                         ^~~~~~~~~~
../GD32E10x_Firmware_Library/GD32E10x_usbfs_library/driver/Source/drv_usb_core.c(224): warning: '__packed__' attribute ignored when parsing type [-Wignored-attributes]
        *(__packed uint32_t *)dest_buf = *fifo;
          ^~~~~~~~
../source\usb_conf.h(121): note: expanded from macro '__packed'
        #define __packed __attribute__ ((__packed__))
                                         ^~~~~~~~~~
2 warnings generated.
compiling drv_usb_core.c...
creating preprocessor file for usbd_core.c...
compiling drv_usb_dev.c...
creating preprocessor file for usbd_enum.c...
compiling drv_usbd_int.c...
compiling usbd_core.c...
creating preprocessor file for usbd_transc.c...
creating preprocessor file for wizchip_conf.c...
creating preprocessor file for socket.c...
compiling usbd_enum.c...
compiling usbd_transc.c...
creating preprocessor file for w5500.c...
creating preprocessor file for delay.c...
compiling wizchip_conf.c...
creating preprocessor file for millis.c...
compiling delay.c...
creating preprocessor file for W25Q.c...
compiling millis.c...
compiling w5500.c...
compiling socket.c...
creating preprocessor file for dhcp.c...
creating preprocessor file for SEGGER_RTT_printf.c...
creating preprocessor file for SEGGER_RTT.c...
compiling W25Q.c...
creating preprocessor file for SEGGER_RTT_Syscalls_KEIL.c...
compiling SEGGER_RTT_Syscalls_KEIL.c...
compiling SEGGER_RTT_printf.c...
compiling dhcp.c...
compiling SEGGER_RTT.c...
linking...
Program Size: Code=29302 RO-data=54842 RW-data=308 ZI-data=6604  
FromELF: creating hex file...
".\Objects\test.axf" - 0 Error(s), 2 Warning(s).

<h2>Software Packages used:</h2>

Package Vendor: GigaDevice
                https://gd32mcu.com/data/documents/pack/GigaDevice.GD32E10x_DFP.1.2.1.pack
                GigaDevice.GD32E10x_DFP.1.2.1
                GigaDevice GD32E10x Series Device Support and Examples

<h2>Collection of Component include folders:</h2>
  C:/Users/guing/AppData/Local/Arm/Packs/GigaDevice/GD32E10x_DFP/1.2.1/Device/Include

<h2>Collection of Component Files used:</h2>
Build Time Elapsed:  00:00:04
</pre>
</body>
</html>
