Component: Arm Compiler for Embedded 6.19 Tool: armlink [5e73cb00]

==============================================================================

Section Cross References

    gd32e10x_it.o(.ARM.exidx.text.NMI_Handler) refers to gd32e10x_it.o(.text.NMI_Handler) for [Anonymous Symbol]
    gd32e10x_it.o(.ARM.exidx.text.HardFault_Handler) refers to gd32e10x_it.o(.text.HardFault_Handler) for [Anonymous Symbol]
    gd32e10x_it.o(.ARM.exidx.text.MemManage_Handler) refers to gd32e10x_it.o(.text.MemManage_Handler) for [Anonymous Symbol]
    gd32e10x_it.o(.ARM.exidx.text.BusFault_Handler) refers to gd32e10x_it.o(.text.BusFault_Handler) for [Anonymous Symbol]
    gd32e10x_it.o(.ARM.exidx.text.UsageFault_Handler) refers to gd32e10x_it.o(.text.UsageFault_Handler) for [Anonymous Symbol]
    gd32e10x_it.o(.ARM.exidx.text.SVC_Handler) refers to gd32e10x_it.o(.text.SVC_Handler) for [Anonymous Symbol]
    gd32e10x_it.o(.ARM.exidx.text.DebugMon_Handler) refers to gd32e10x_it.o(.text.DebugMon_Handler) for [Anonymous Symbol]
    gd32e10x_it.o(.ARM.exidx.text.PendSV_Handler) refers to gd32e10x_it.o(.text.PendSV_Handler) for [Anonymous Symbol]
    gd32e10x_it.o(.text.SysTick_Handler) refers to millis.o(.bss.__tick_ms_counter) for __tick_ms_counter
    gd32e10x_it.o(.ARM.exidx.text.SysTick_Handler) refers to gd32e10x_it.o(.text.SysTick_Handler) for [Anonymous Symbol]
    gd32e10x_it.o(.ARM.exidx.text.TIMER2_IRQHandler) refers to gd32e10x_it.o(.text.TIMER2_IRQHandler) for [Anonymous Symbol]
    gd32e10x_it.o(.text.USBFS_IRQHandler) refers to main.o(.bss.hid_gsConfig) for hid_gsConfig
    gd32e10x_it.o(.text.USBFS_IRQHandler) refers to drv_usbd_int.o(.text.usbd_isr) for usbd_isr
    gd32e10x_it.o(.ARM.exidx.text.USBFS_IRQHandler) refers to gd32e10x_it.o(.text.USBFS_IRQHandler) for [Anonymous Symbol]
    gd32e10x_it.o(.text.USBFS_WKUP_IRQHandler) refers to main.o(.bss.hid_gsConfig) for hid_gsConfig
    gd32e10x_it.o(.text.USBFS_WKUP_IRQHandler) refers to system_gd32e10x.o(.text.SystemInit) for SystemInit
    gd32e10x_it.o(.text.USBFS_WKUP_IRQHandler) refers to main.o(.bss..L_MergedGlobals) for usbfs_prescaler
    gd32e10x_it.o(.text.USBFS_WKUP_IRQHandler) refers to gd32e10x_rcu.o(.text.rcu_usb_clock_config) for rcu_usb_clock_config
    gd32e10x_it.o(.text.USBFS_WKUP_IRQHandler) refers to gd32e10x_rcu.o(.text.rcu_periph_clock_enable) for rcu_periph_clock_enable
    gd32e10x_it.o(.text.USBFS_WKUP_IRQHandler) refers to drv_usb_dev.o(.text.usb_clock_active) for usb_clock_active
    gd32e10x_it.o(.text.USBFS_WKUP_IRQHandler) refers to gd32e10x_exti.o(.text.exti_interrupt_flag_clear) for exti_interrupt_flag_clear
    gd32e10x_it.o(.ARM.exidx.text.USBFS_WKUP_IRQHandler) refers to gd32e10x_it.o(.text.USBFS_WKUP_IRQHandler) for [Anonymous Symbol]
    hid_keyboard_itf.o(.ARM.exidx.text.key_config) refers to hid_keyboard_itf.o(.text.key_config) for [Anonymous Symbol]
    hid_keyboard_itf.o(.text.hid_key_data_send) refers to custom_hid_core.o(.text.hid_report_send) for hid_report_send
    hid_keyboard_itf.o(.ARM.exidx.text.hid_key_data_send) refers to hid_keyboard_itf.o(.text.hid_key_data_send) for [Anonymous Symbol]
    hid_keyboard_itf.o(.data.fop_handler) refers to hid_keyboard_itf.o(.text.key_config) for key_config
    hid_keyboard_itf.o(.data.fop_handler) refers to hid_keyboard_itf.o(.text.hid_key_data_send) for hid_key_data_send
    main.o(.text.W5500_displayNetInfo) refers to wizchip_conf.o(.text.ctlnetwork) for ctlnetwork
    main.o(.text.W5500_displayNetInfo) refers to wizchip_conf.o(.text.ctlwizchip) for ctlwizchip
    main.o(.text.W5500_displayNetInfo) refers to main.o(.rodata.str1.1) for .L.str
    main.o(.text.W5500_displayNetInfo) refers to segger_rtt_printf.o(.text.SEGGER_RTT_printf) for SEGGER_RTT_printf
    main.o(.ARM.exidx.text.W5500_displayNetInfo) refers to main.o(.text.W5500_displayNetInfo) for [Anonymous Symbol]
    main.o(.text.W5500_init) refers to main.o(.text.W5500_select) for W5500_select
    main.o(.text.W5500_init) refers to main.o(.text.W5500_deselect) for W5500_deselect
    main.o(.text.W5500_init) refers to wizchip_conf.o(.text.reg_wizchip_cs_cbfunc) for reg_wizchip_cs_cbfunc
    main.o(.text.W5500_init) refers to main.o(.text.SPI_recvByte) for SPI_recvByte
    main.o(.text.W5500_init) refers to main.o(.text.SPI_transByte) for SPI_transByte
    main.o(.text.W5500_init) refers to wizchip_conf.o(.text.reg_wizchip_spi_cbfunc) for reg_wizchip_spi_cbfunc
    main.o(.text.W5500_init) refers to wizchip_conf.o(.text.ctlwizchip) for ctlwizchip
    main.o(.text.W5500_init) refers to main.o(.rodata.str1.1) for .L.str.7
    main.o(.text.W5500_init) refers to segger_rtt_printf.o(.text.SEGGER_RTT_printf) for SEGGER_RTT_printf
    main.o(.ARM.exidx.text.W5500_init) refers to main.o(.text.W5500_init) for [Anonymous Symbol]
    main.o(.ARM.exidx.text.W5500_deselect) refers to main.o(.text.W5500_deselect) for [Anonymous Symbol]
    main.o(.ARM.exidx.text.W5500_select) refers to main.o(.text.W5500_select) for [Anonymous Symbol]
[...]
    [Anonymous Symbol]                       0x08003c64   Section        0  gd32e10x_rcu.o(.text.rcu_usb_clock_config)
    [Anonymous Symbol]                       0x08003c78   Section        0  socket.o(.text.recvfrom)
    [Anonymous Symbol]                       0x08003ec8   Section        0  dhcp.o(.text.reg_dhcp_cbfunc)
    [Anonymous Symbol]                       0x08003f04   Section        0  wizchip_conf.o(.text.reg_wizchip_cs_cbfunc)
    [Anonymous Symbol]                       0x08003f3c   Section        0  wizchip_conf.o(.text.reg_wizchip_spi_cbfunc)
    [Anonymous Symbol]                       0x08003f80   Section        0  socket.o(.text.send)
    [Anonymous Symbol]                       0x080040d0   Section        0  dhcp.o(.text.send_DHCP_DECLINE)
    [Anonymous Symbol]                       0x08004324   Section        0  dhcp.o(.text.send_DHCP_DISCOVER)
    [Anonymous Symbol]                       0x0800475c   Section        0  dhcp.o(.text.send_DHCP_REQUEST)
    [Anonymous Symbol]                       0x08004c38   Section        0  socket.o(.text.sendto)
    [Anonymous Symbol]                       0x08004dc0   Section        0  usbd_enum.o(.text.serial_string_get)
    [Anonymous Symbol]                       0x08004f30   Section        0  socket.o(.text.socket)
    [Anonymous Symbol]                       0x080050e0   Section        0  gd32e10x_timer.o(.text.timer_auto_reload_shadow_enable)
    [Anonymous Symbol]                       0x080050ec   Section        0  gd32e10x_timer.o(.text.timer_channel_dma_request_source_select)
    [Anonymous Symbol]                       0x0800510c   Section        0  gd32e10x_timer.o(.text.timer_channel_output_config)
    [Anonymous Symbol]                       0x08005358   Section        0  gd32e10x_timer.o(.text.timer_channel_output_mode_config)
    [Anonymous Symbol]                       0x08005398   Section        0  gd32e10x_timer.o(.text.timer_channel_output_pulse_value_config)
    [Anonymous Symbol]                       0x080053a4   Section        0  gd32e10x_timer.o(.text.timer_channel_output_shadow_config)
    [Anonymous Symbol]                       0x080053e4   Section        0  gd32e10x_timer.o(.text.timer_deinit)
    [Anonymous Symbol]                       0x08005544   Section        0  gd32e10x_timer.o(.text.timer_dma_enable)
    [Anonymous Symbol]                       0x0800554c   Section        0  gd32e10x_timer.o(.text.timer_enable)
    [Anonymous Symbol]                       0x08005558   Section        0  gd32e10x_timer.o(.text.timer_init)
    [Anonymous Symbol]                       0x0800561c   Section        0  gd32e10x_timer.o(.text.timer_primary_output_config)
    [Anonymous Symbol]                       0x08005630   Section        0  drv_usb_core.o(.text.usb_basic_init)
    [Anonymous Symbol]                       0x08005854   Section        0  drv_usb_dev.o(.text.usb_clock_active)
    [Anonymous Symbol]                       0x08005870   Section        0  drv_usb_core.o(.text.usb_core_init)
    [Anonymous Symbol]                       0x08005930   Section        0  drv_usb_dev.o(.text.usb_ctlep_startout)
    [Anonymous Symbol]                       0x0800593c   Section        0  drv_usb_core.o(.text.usb_curmode_set)
    [Anonymous Symbol]                       0x08005968   Section        0  drv_usb_dev.o(.text.usb_devcore_init)
    [Anonymous Symbol]                       0x08005bfc   Section        0  drv_usb_dev.o(.text.usb_iepintr_read)
    [Anonymous Symbol]                       0x08005c18   Section        0  main.o(.text.usb_mdelay)
    [Anonymous Symbol]                       0x08005c1c   Section        0  drv_usb_core.o(.text.usb_rxfifo_flush)
    [Anonymous Symbol]                       0x08005c48   Section        0  drv_usb_core.o(.text.usb_rxfifo_read)
    [Anonymous Symbol]                       0x08005cc8   Section        0  drv_usb_core.o(.text.usb_set_txfifo)
    [Anonymous Symbol]                       0x08005dbc   Section        0  drv_usb_dev.o(.text.usb_transc_active)
    [Anonymous Symbol]                       0x08005e58   Section        0  drv_usb_dev.o(.text.usb_transc_clrstall)
    [Anonymous Symbol]                       0x08005e90   Section        0  drv_usb_dev.o(.text.usb_transc_deactivate)
    [Anonymous Symbol]                       0x08005ecc   Section        0  drv_usb_dev.o(.text.usb_transc_inxfer)
    [Anonymous Symbol]                       0x08005fb4   Section        0  drv_usb_dev.o(.text.usb_transc_outxfer)
    [Anonymous Symbol]                       0x08006020   Section        0  drv_usb_dev.o(.text.usb_transc_stall)
    [Anonymous Symbol]                       0x08006058   Section        0  drv_usb_core.o(.text.usb_txfifo_flush)
    [Anonymous Symbol]                       0x08006088   Section        0  drv_usb_core.o(.text.usb_txfifo_write)
    [Anonymous Symbol]                       0x08006100   Section        0  main.o(.text.usb_udelay)
    [Anonymous Symbol]                       0x08006104   Section        0  usbd_enum.o(.text.usbd_class_request)
    [Anonymous Symbol]                       0x08006128   Section        0  usbd_enum.o(.text.usbd_enum_error)
    [Anonymous Symbol]                       0x08006144   Section        0  usbd_core.o(.text.usbd_ep_clear)
    [Anonymous Symbol]                       0x0800617c   Section        0  usbd_core.o(.text.usbd_ep_recev)
    [Anonymous Symbol]                       0x080061a4   Section        0  usbd_core.o(.text.usbd_ep_send)
    [Anonymous Symbol]                       0x080061cc   Section        0  usbd_core.o(.text.usbd_ep_setup)
    [Anonymous Symbol]                       0x0800623c   Section        0  usbd_core.o(.text.usbd_ep_stall)
    [Anonymous Symbol]                       0x08006270   Section        0  usbd_core.o(.text.usbd_ep_stall_clear)
    [Anonymous Symbol]                       0x080062a4   Section        0  usbd_transc.o(.text.usbd_in_transc)
    [Anonymous Symbol]                       0x08006358   Section        0  usbd_core.o(.text.usbd_init)
    [Anonymous Symbol]                       0x080063d4   Section        0  drv_usbd_int.o(.text.usbd_isr)
    [Anonymous Symbol]                       0x080068ac   Section        0  usbd_transc.o(.text.usbd_out_transc)
    [Anonymous Symbol]                       0x08006944   Section        0  usbd_transc.o(.text.usbd_setup_transc)
    [Anonymous Symbol]                       0x08006a1c   Section        0  usbd_enum.o(.text.usbd_standard_request)
    _std_dev_req                             0x08006a28   Number         0  usbd_enum.o(.text.usbd_standard_request)
    [Anonymous Symbol]                       0x08006a5c   Section        0  usbd_enum.o(.text.usbd_vendor_request)
    [Anonymous Symbol]                       0x08006a60   Section        0  main.o(.text.w5500_dhcp_assign)
    [Anonymous Symbol]                       0x08006a9c   Section        0  main.o(.text.w5500_dhcp_conflict)
    [Anonymous Symbol]                       0x08006abc   Section        0  w5500.o(.text.wiz_recv_data)
    [Anonymous Symbol]                       0x08006ca8   Section        0  w5500.o(.text.wiz_recv_ignore)
    [Anonymous Symbol]                       0x08006e1c   Section        0  w5500.o(.text.wiz_send_data)
    [Anonymous Symbol]                       0x08007008   Section        0  wizchip_conf.o(.text.wizchip_bus_readdata)
    [Anonymous Symbol]                       0x0800700c   Section        0  wizchip_conf.o(.text.wizchip_bus_writedata)
    [Anonymous Symbol]                       0x08007010   Section        0  wizchip_conf.o(.text.wizchip_clrinterrupt)
    [Anonymous Symbol]                       0x080070b4   Section        0  wizchip_conf.o(.text.wizchip_cris_enter)
    [Anonymous Symbol]                       0x080070b8   Section        0  wizchip_conf.o(.text.wizchip_cris_exit)
    [Anonymous Symbol]                       0x080070bc   Section        0  wizchip_conf.o(.text.wizchip_cs_deselect)
    [Anonymous Symbol]                       0x080070c0   Section        0  wizchip_conf.o(.text.wizchip_cs_select)
    [Anonymous Symbol]                       0x080070c4   Section        0  wizchip_conf.o(.text.wizchip_init)
    [Anonymous Symbol]                       0x0800723c   Section        0  wizchip_conf.o(.text.wizchip_spi_readbyte)
    [Anonymous Symbol]                       0x08007240   Section        0  wizchip_conf.o(.text.wizchip_spi_writebyte)
    [Anonymous Symbol]                       0x08007244   Section        0  wizchip_conf.o(.text.wizchip_sw_reset)
    [Anonymous Symbol]                       0x080072c4   Section        0  wizchip_conf.o(.text.wizphy_setphyconf)
    [Anonymous Symbol]                       0x08007334   Section        0  wizchip_conf.o(.text.wizphy_setphypmode)
    $v0                                      0x080073ac   Number         0  fpinit.o(x$fpl$fpinit)
    x$fpl$fpinit                             0x080073ac   Section       26  fpinit.o(x$fpl$fpinit)
    EP0_MAXLEN                               0x080073c6   Data           4  drv_usb_dev.o(.rodata.cst4)
    [Anonymous Symbol]                       0x080073c6   Section        0  drv_usb_dev.o(.rodata.cst4)
    .L__const.rcu_clock_freq_get.apb2_exp    0x080073ca   Data           8  gd32e10x_rcu.o(.rodata.cst8)
    manufacturer_string                      0x08007441   Data         130  custom_hid_core.o(.rodata.manufacturer_string)
    [Anonymous Symbol]                       0x08007441   Section        0  custom_hid_core.o(.rodata.manufacturer_string)
    product_string                           0x080074c3   Data         130  custom_hid_core.o(.rodata.product_string)
    [Anonymous Symbol]                       0x080074c3   Section        0  custom_hid_core.o(.rodata.product_string)
    .L.str.9                                 0x080147b6   Data          74  main.o(.rodata.str1.1)
    [Anonymous Symbol]                       0x080147b6   Section        0  main.o(.rodata.str1.1)
    .L.str.7                                 0x08014800   Data          28  main.o(.rodata.str1.1)
    .L.str                                   0x0801481c   Data          24  main.o(.rodata.str1.1)
    .L.str.12                                0x08014834   Data          21  main.o(.rodata.str1.1)
    .L.str.13                                0x08014849   Data          24  main.o(.rodata.str1.1)
    .L.str                                   0x08014861   Data          18  dhcp.o(.rodata.str1.1)
    [Anonymous Symbol]                       0x08014861   Section        0  dhcp.o(.rodata.str1.1)
    .L.str                                   0x08014873   Data           9  segger_rtt.o(.rodata.str1.1)
    [Anonymous Symbol]                       0x08014873   Section        0  segger_rtt.o(.rodata.str1.1)
    .L_MergedGlobals                         0x20000000   Data          20  dhcp.o(.data..L_MergedGlobals)
    [Anonymous Symbol]                       0x20000000   Section        0  dhcp.o(.data..L_MergedGlobals)
    serial_string                            0x20000080   Data         130  custom_hid_core.o(.data.serial_string)
    [Anonymous Symbol]                       0x20000080   Section        0  custom_hid_core.o(.data.serial_string)
    sock_any_port                            0x20000102   Data           2  socket.o(.data.sock_any_port)
    [Anonymous Symbol]                       0x20000102   Section        0  socket.o(.data.sock_any_port)
    .bss                                     0x20000138   Section       96  libspace.o(.bss)
    .L_MergedGlobals                         0x20000198   Data          48  main.o(.bss..L_MergedGlobals)
    [Anonymous Symbol]                       0x20000198   Section        0  main.o(.bss..L_MergedGlobals)
    .L_MergedGlobals                         0x200001c8   Data          16  gd32e10x_pmu.o(.bss..L_MergedGlobals)
    pmu_to_deepsleepmode.reg_snap.0          0x200001c8   Data           4  gd32e10x_pmu.o(.bss..L_MergedGlobals)
    [Anonymous Symbol]                       0x200001c8   Section        0  gd32e10x_pmu.o(.bss..L_MergedGlobals)
    pmu_to_deepsleepmode.reg_snap.1          0x200001cc   Data           4  gd32e10x_pmu.o(.bss..L_MergedGlobals)
    pmu_to_deepsleepmode.reg_snap.2          0x200001d0   Data           4  gd32e10x_pmu.o(.bss..L_MergedGlobals)
    pmu_to_deepsleepmode.reg_snap.3          0x200001d4   Data           4  gd32e10x_pmu.o(.bss..L_MergedGlobals)
    .L_MergedGlobals                         0x200001d8   Data           8  wizchip_conf.o(.bss..L_MergedGlobals)
    _DNS_.0                                  0x200001d8   Data           1  wizchip_conf.o(.bss..L_MergedGlobals)
    [Anonymous Symbol]                       0x200001d8   Section        0  wizchip_conf.o(.bss..L_MergedGlobals)
    _DNS_.1                                  0x200001d9   Data           1  wizchip_conf.o(.bss..L_MergedGlobals)
    _DNS_.2                                  0x200001da   Data           1  wizchip_conf.o(.bss..L_MergedGlobals)
    _DNS_.3                                  0x200001db   Data           1  wizchip_conf.o(.bss..L_MergedGlobals)
    _DHCP_                                   0x200001dc   Data           4  wizchip_conf.o(.bss..L_MergedGlobals)
    .L_MergedGlobals                         0x200001e0   Data          28  socket.o(.bss..L_MergedGlobals)
    sock_io_mode                             0x200001e0   Data           2  socket.o(.bss..L_MergedGlobals)
    [Anonymous Symbol]                       0x200001e0   Section        0  socket.o(.bss..L_MergedGlobals)
    sock_is_sending                          0x200001e2   Data           2  socket.o(.bss..L_MergedGlobals)
    sock_remained_size                       0x200001ec   Data          16  socket.o(.bss..L_MergedGlobals)
    .L_MergedGlobals                         0x200001fc   Data          17  segger_rtt.o(.bss..L_MergedGlobals)
    _ActiveTerminal                          0x200001fc   Data           1  segger_rtt.o(.bss..L_MergedGlobals)
    [Anonymous Symbol]                       0x200001fc   Section        0  segger_rtt.o(.bss..L_MergedGlobals)
    _acDownBuffer                            0x200001fd   Data          16  segger_rtt.o(.bss..L_MergedGlobals)
    .L_MergedGlobals.1                       0x20000210   Data          50  dhcp.o(.bss..L_MergedGlobals.1)
    [Anonymous Symbol]                       0x20000210   Section        0  dhcp.o(.bss..L_MergedGlobals.1)
    _acUpBuffer                              0x200002f0   Data        1024  segger_rtt.o(.bss._acUpBuffer)
    [Anonymous Symbol]                       0x200002f0   Section        0  segger_rtt.o(.bss._acUpBuffer)
    _usb_std_getstatus.status                0x200006f0   Data           2  usbd_enum.o(.bss._usb_std_getstatus.status)
    [Anonymous Symbol]                       0x200006f0   Section        0  usbd_enum.o(.bss._usb_std_getstatus.status)
    _usb_std_setconfiguration.config         0x200006f2   Data           1  usbd_enum.o(.bss._usb_std_setconfiguration.config)
    [Anonymous Symbol]                       0x200006f2   Section        0  usbd_enum.o(.bss._usb_std_setconfiguration.config)
    hid_init.hid_handler                     0x200012b8   Data          64  custom_hid_core.o(.bss.hid_init.hid_handler)
    [Anonymous Symbol]                       0x200012b8   Section        0  custom_hid_core.o(.bss.hid_init.hid_handler)
    hid_req.index                            0x200012f8   Data           1  custom_hid_core.o(.bss.hid_req.index)
    [Anonymous Symbol]                       0x200012f8   Section        0  custom_hid_core.o(.bss.hid_req.index)
    Heap_Mem                                 0x20001300   Data        1024  startup_gd32e10x.o(HEAP)
    HEAP                                     0x20001300   Section     1024  startup_gd32e10x.o(HEAP)
    Stack_Mem                                0x20001700   Data        1024  startup_gd32e10x.o(STACK)
    STACK                                    0x20001700   Section     1024  startup_gd32e10x.o(STACK)
    __initial_sp                             0x20001b00   Data           0  startup_gd32e10x.o(STACK)

    Global Symbols

    Symbol Name                              Value     Ov Type        Size  Object(Section)

    BuildAttributes$$THM_ISAv4$E$P$D$K$B$S$7EM$VFPi3$EXTD16$VFPS$VFMA$PE$A:L22UL41UL21$X:L11$S22US41US21$IEEE1$IW$~IW$USESV6$~STKCKD$USESV7$WCHAR32$ENUMINT$~SHL$OTIME$ROPI$EBA8$UX$STANDARDLIB$REQ8$PRES8$EABIv2 0x00000000   Number         0  anon$$obj.o ABSOLUTE
    __ARM_exceptions_init                     - Undefined Weak Reference
    __alloca_initialize                       - Undefined Weak Reference
    __arm_preinit_                            - Undefined Weak Reference
    __arm_relocate_pie_                       - Undefined Weak Reference
    __cpp_initialize__aeabi_                  - Undefined Weak Reference
    __cxa_finalize                            - Undefined Weak Reference
    __rt_locale                               - Undefined Weak Reference
    __sigvec_lookup                           - Undefined Weak Reference
    __user_heap_extent                        - Undefined Weak Reference
    _atexit_init                              - Undefined Weak Reference
    _call_atexit_fns                          - Undefined Weak Reference
    _clock_init                               - Undefined Weak Reference
    _fp_trap_init                             - Undefined Weak Reference
    _fp_trap_shutdown                         - Undefined Weak Reference
    _get_lc_collate                           - Undefined Weak Reference
    _get_lc_ctype                             - Undefined Weak Reference
    _get_lc_monetary                          - Undefined Weak Reference
    _get_lc_numeric                           - Undefined Weak Reference
    _get_lc_time                              - Undefined Weak Reference
    _getenv_init                              - Undefined Weak Reference
    _handle_redirection                       - Undefined Weak Reference
    _mutex_acquire                            - Undefined Weak Reference
    _mutex_free                               - Undefined Weak Reference
    _mutex_release                            - Undefined Weak Reference
    _rand_init                                - Undefined Weak Reference
    _signal_finish                            - Undefined Weak Reference
    _signal_init                              - Undefined Weak Reference
    __Vectors_Size                           0x00000150   Number         0  startup_gd32e10x.o ABSOLUTE
    __Vectors                                0x08000000   Data           4  startup_gd32e10x.o(RESET)
    __Vectors_End                            0x08000150   Data           0  startup_gd32e10x.o(RESET)
    __main                                   0x08000151   Thumb Code     8  __main.o(!!!main)
    __scatterload                            0x08000159   Thumb Code     0  __scatter.o(!!!scatter)
    __scatterload_rt2                        0x08000159   Thumb Code    44  __scatter.o(!!!scatter)
    __scatterload_rt2_thumb_only             0x08000159   Thumb Code     0  __scatter.o(!!!scatter)
    __scatterload_null                       0x08000167   Thumb Code     0  __scatter.o(!!!scatter)
    __decompress                             0x0800018d   Thumb Code    58  __dczerorl.o(!!dczerorl)
    __decompress0                            0x0800018d   Thumb Code     0  __dczerorl.o(!!dczerorl)
    __scatterload_zeroinit                   0x080001c9   Thumb Code    28  __scatter_zi.o(!!handler_zi)
    __rt_lib_init                            0x080001e5   Thumb Code     0  libinit.o(.ARM.Collect$$libinit$$00000000)
    __rt_lib_init_fp_1                       0x080001e7   Thumb Code     0  libinit2.o(.ARM.Collect$$libinit$$00000001)
    __rt_lib_init_alloca_1                   0x080001eb   Thumb Code     0  libinit2.o(.ARM.Collect$$libinit$$00000030)
    __rt_lib_init_argv_1                     0x080001eb   Thumb Code     0  libinit2.o(.ARM.Collect$$libinit$$0000002E)
    __rt_lib_init_atexit_1                   0x080001eb   Thumb Code     0  libinit2.o(.ARM.Collect$$libinit$$0000001D)
    __rt_lib_init_clock_1                    0x080001eb   Thumb Code     0  libinit2.o(.ARM.Collect$$libinit$$00000023)
    __rt_lib_init_cpp_1                      0x080001eb   Thumb Code     0  libinit2.o(.ARM.Collect$$libinit$$00000034)
    __rt_lib_init_exceptions_1               0x080001eb   Thumb Code     0  libinit2.o(.ARM.Collect$$libinit$$00000032)
    __rt_lib_init_fp_trap_1                  0x080001eb   Thumb Code     0  libinit2.o(.ARM.Collect$$libinit$$00000021)
    __rt_lib_init_getenv_1                   0x080001eb   Thumb Code     0  libinit2.o(.ARM.Collect$$libinit$$00000025)
    __rt_lib_init_heap_1                     0x080001eb   Thumb Code     0  libinit2.o(.ARM.Collect$$libinit$$0000000C)
    __rt_lib_init_lc_collate_1               0x080001eb   Thumb Code     0  libinit2.o(.ARM.Collect$$libinit$$00000013)
    __rt_lib_init_lc_ctype_1                 0x080001eb   Thumb Code     0  libinit2.o(.ARM.Collect$$libinit$$00000015)
    __rt_lib_init_lc_monetary_1              0x080001eb   Thumb Code     0  libinit2.o(.ARM.Collect$$libinit$$00000017)
    __rt_lib_init_lc_numeric_1               0x080001eb   Thumb Code     0  libinit2.o(.ARM.Collect$$libinit$$00000019)
    __rt_lib_init_lc_time_1                  0x080001eb   Thumb Code     0  libinit2.o(.ARM.Collect$$libinit$$0000001B)
    __rt_lib_init_preinit_1                  0x080001eb   Thumb Code     0  libinit2.o(.ARM.Collect$$libinit$$00000006)
    __rt_lib_init_rand_1                     0x080001eb   Thumb Code     0  libinit2.o(.ARM.Collect$$libinit$$00000010)
    __rt_lib_init_relocate_pie_1             0x080001eb   Thumb Code     0  libinit2.o(.ARM.Collect$$libinit$$00000004)
    __rt_lib_init_return                     0x080001eb   Thumb Code     0  libinit2.o(.ARM.Collect$$libinit$$00000035)
    __rt_lib_init_signal_1                   0x080001eb   Thumb Code     0  libinit2.o(.ARM.Collect$$libinit$$0000001F)
    __rt_lib_init_stdio_1                    0x080001eb   Thumb Code     0  libinit2.o(.ARM.Collect$$libinit$$00000027)
    __rt_lib_init_user_alloc_1               0x080001eb   Thumb Code     0  libinit2.o(.ARM.Collect$$libinit$$0000000E)
    __rt_lib_shutdown                        0x080001ed   Thumb Code     0  libshutdown.o(.ARM.Collect$$libshutdown$$00000000)
    __rt_lib_shutdown_cpp_1                  0x080001ef   Thumb Code     0  libshutdown2.o(.ARM.Collect$$libshutdown$$00000002)
    __rt_lib_shutdown_fp_trap_1              0x080001ef   Thumb Code     0  libshutdown2.o(.ARM.Collect$$libshutdown$$00000007)
    __rt_lib_shutdown_heap_1                 0x080001ef   Thumb Code     0  libshutdown2.o(.ARM.Collect$$libshutdown$$0000000F)
    __rt_lib_shutdown_return                 0x080001ef   Thumb Code     0  libshutdown2.o(.ARM.Collect$$libshutdown$$00000010)
    __rt_lib_shutdown_signal_1               0x080001ef   Thumb Code     0  libshutdown2.o(.ARM.Collect$$libshutdown$$0000000A)
    __rt_lib_shutdown_stdio_1                0x080001ef   Thumb Code     0  libshutdown2.o(.ARM.Collect$$libshutdown$$00000004)
    __rt_lib_shutdown_user_alloc_1           0x080001ef   Thumb Code     0  libshutdown2.o(.ARM.Collect$$libshutdown$$0000000C)
    __rt_entry                               0x080001f1   Thumb Code     0  __rtentry.o(.ARM.Collect$$rtentry$$00000000)
    __rt_entry_presh_1                       0x080001f1   Thumb Code     0  __rtentry2.o(.ARM.Collect$$rtentry$$00000002)
    __rt_entry_sh                            0x080001f1   Thumb Code     0  __rtentry4.o(.ARM.Collect$$rtentry$$00000004)
    __rt_entry_li                            0x080001f7   Thumb Code     0  __rtentry2.o(.ARM.Collect$$rtentry$$0000000A)
    __rt_entry_postsh_1                      0x080001f7   Thumb Code     0  __rtentry2.o(.ARM.Collect$$rtentry$$00000009)
    __rt_entry_main                          0x080001fb   Thumb Code     0  __rtentry2.o(.ARM.Collect$$rtentry$$0000000D)
    __rt_entry_postli_1                      0x080001fb   Thumb Code     0  __rtentry2.o(.ARM.Collect$$rtentry$$0000000C)
    __rt_exit                                0x08000203   Thumb Code     0  rtexit.o(.ARM.Collect$$rtexit$$00000000)
    __rt_exit_ls                             0x08000205   Thumb Code     0  rtexit2.o(.ARM.Collect$$rtexit$$00000003)
    __rt_exit_prels_1                        0x08000205   Thumb Code     0  rtexit2.o(.ARM.Collect$$rtexit$$00000002)
    __rt_exit_exit                           0x08000209   Thumb Code     0  rtexit2.o(.ARM.Collect$$rtexit$$00000004)
    Reset_Handler                            0x08000211   Thumb Code     8  startup_gd32e10x.o(.text)
    ADC0_1_IRQHandler                        0x0800022b   Thumb Code     0  startup_gd32e10x.o(.text)
    DMA0_Channel0_IRQHandler                 0x0800022b   Thumb Code     0  startup_gd32e10x.o(.text)
    DMA0_Channel1_IRQHandler                 0x0800022b   Thumb Code     0  startup_gd32e10x.o(.text)
    DMA0_Channel2_IRQHandler                 0x0800022b   Thumb Code     0  startup_gd32e10x.o(.text)
    DMA0_Channel3_IRQHandler                 0x0800022b   Thumb Code     0  startup_gd32e10x.o(.text)
    DMA0_Channel4_IRQHandler                 0x0800022b   Thumb Code     0  startup_gd32e10x.o(.text)
    DMA0_Channel5_IRQHandler                 0x0800022b   Thumb Code     0  startup_gd32e10x.o(.text)
    DMA0_Channel6_IRQHandler                 0x0800022b   Thumb Code     0  startup_gd32e10x.o(.text)
    DMA1_Channel0_IRQHandler                 0x0800022b   Thumb Code     0  startup_gd32e10x.o(.text)
    DMA1_Channel1_IRQHandler                 0x0800022b   Thumb Code     0  startup_gd32e10x.o(.text)
    DMA1_Channel2_IRQHandler                 0x0800022b   Thumb Code     0  startup_gd32e10x.o(.text)
    DMA1_Channel3_IRQHandler                 0x0800022b   Thumb Code     0  startup_gd32e10x.o(.text)
    DMA1_Channel4_IRQHandler                 0x0800022b   Thumb Code     0  startup_gd32e10x.o(.text)
    EXMC_IRQHandler                          0x0800022b   Thumb Code     0  startup_gd32e10x.o(.text)
    EXTI0_IRQHandler                         0x0800022b   Thumb Code     0  startup_gd32e10x.o(.text)
    EXTI10_15_IRQHandler                     0x0800022b   Thumb Code     0  startup_gd32e10x.o(.text)
    EXTI1_IRQHandler                         0x0800022b   Thumb Code     0  startup_gd32e10x.o(.text)
    EXTI2_IRQHandler                         0x0800022b   Thumb Code     0  startup_gd32e10x.o(.text)
    EXTI3_IRQHandler                         0x0800022b   Thumb Code     0  startup_gd32e10x.o(.text)
    EXTI4_IRQHandler                         0x0800022b   Thumb Code     0  startup_gd32e10x.o(.text)
    EXTI5_9_IRQHandler                       0x0800022b   Thumb Code     0  startup_gd32e10x.o(.text)
    FMC_IRQHandler                           0x0800022b   Thumb Code     0  startup_gd32e10x.o(.text)
    I2C0_ER_IRQHandler                       0x0800022b   Thumb Code     0  startup_gd32e10x.o(.text)
    I2C0_EV_IRQHandler                       0x0800022b   Thumb Code     0  startup_gd32e10x.o(.text)
    I2C1_ER_IRQHandler                       0x0800022b   Thumb Code     0  startup_gd32e10x.o(.text)
    I2C1_EV_IRQHandler                       0x0800022b   Thumb Code     0  startup_gd32e10x.o(.text)
    LVD_IRQHandler                           0x0800022b   Thumb Code     0  startup_gd32e10x.o(.text)
    RCU_CTC_IRQHandler                       0x0800022b   Thumb Code     0  startup_gd32e10x.o(.text)
    RTC_Alarm_IRQHandler                     0x0800022b   Thumb Code     0  startup_gd32e10x.o(.text)
    RTC_IRQHandler                           0x0800022b   Thumb Code     0  startup_gd32e10x.o(.text)
    SPI0_IRQHandler                          0x0800022b   Thumb Code     0  startup_gd32e10x.o(.text)
    SPI1_IRQHandler                          0x0800022b   Thumb Code     0  startup_gd32e10x.o(.text)
    SPI2_IRQHandler                          0x0800022b   Thumb Code     0  startup_gd32e10x.o(.text)
    TAMPER_IRQHandler                        0x0800022b   Thumb Code     0  startup_gd32e10x.o(.text)
    TIMER0_BRK_TIMER8_IRQHandler             0x0800022b   Thumb Code     0  startup_gd32e10x.o(.text)
    TIMER0_Channel_IRQHandler                0x0800022b   Thumb Code     0  startup_gd32e10x.o(.text)
    TIMER0_TRG_CMT_TIMER10_IRQHandler        0x0800022b   Thumb Code     0  startup_gd32e10x.o(.text)
    TIMER0_UP_TIMER9_IRQHandler              0x0800022b   Thumb Code     0  startup_gd32e10x.o(.text)
    TIMER1_IRQHandler                        0x0800022b   Thumb Code     0  startup_gd32e10x.o(.text)
    TIMER3_IRQHandler                        0x0800022b   Thumb Code     0  startup_gd32e10x.o(.text)
    TIMER4_IRQHandler                        0x0800022b   Thumb Code     0  startup_gd32e10x.o(.text)
    TIMER5_IRQHandler                        0x0800022b   Thumb Code     0  startup_gd32e10x.o(.text)
    TIMER6_IRQHandler                        0x0800022b   Thumb Code     0  startup_gd32e10x.o(.text)
    TIMER7_BRK_TIMER11_IRQHandler            0x0800022b   Thumb Code     0  startup_gd32e10x.o(.text)
    TIMER7_Channel_IRQHandler                0x0800022b   Thumb Code     0  startup_gd32e10x.o(.text)
    TIMER7_TRG_CMT_TIMER13_IRQHandler        0x0800022b   Thumb Code     0  startup_gd32e10x.o(.text)
    TIMER7_UP_TIMER12_IRQHandler             0x0800022b   Thumb Code     0  startup_gd32e10x.o(.text)
    UART3_IRQHandler                         0x0800022b   Thumb Code     0  startup_gd32e10x.o(.text)
    UART4_IRQHandler                         0x0800022b   Thumb Code     0  startup_gd32e10x.o(.text)
    USART0_IRQHandler                        0x0800022b   Thumb Code     0  startup_gd32e10x.o(.text)
    USART1_IRQHandler                        0x0800022b   Thumb Code     0  startup_gd32e10x.o(.text)
    USART2_IRQHandler                        0x0800022b   Thumb Code     0  startup_gd32e10x.o(.text)
    WWDGT_IRQHandler                         0x0800022b   Thumb Code     0  startup_gd32e10x.o(.text)
    __user_initial_stackheap                 0x0800022d   Thumb Code    10  startup_gd32e10x.o(.text)
    __aeabi_memcpy                           0x08000251   Thumb Code     0  rt_memcpy_v6.o(.text)
    __rt_memcpy                              0x08000251   Thumb Code   138  rt_memcpy_v6.o(.text)
    _memcpy_lastbytes                        0x080002b7   Thumb Code     0  rt_memcpy_v6.o(.text)
    __aeabi_memclr                           0x080002db   Thumb Code     0  rt_memclr.o(.text)
    __rt_memclr                              0x080002db   Thumb Code     0  rt_memclr.o(.text)
    _memset                                  0x080002df   Thumb Code    64  rt_memclr.o(.text)
    __aeabi_memclr4                          0x0800031f   Thumb Code     0  rt_memclr_w.o(.text)
    __aeabi_memclr8                          0x0800031f   Thumb Code     0  rt_memclr_w.o(.text)
    __rt_memclr_w                            0x0800031f   Thumb Code     0  rt_memclr_w.o(.text)
    _memset_w                                0x08000323   Thumb Code    74  rt_memclr_w.o(.text)
    __use_two_region_memory                  0x0800036d   Thumb Code     2  heapauxi.o(.text)
    __rt_heap_escrow                         0x0800036f   Thumb Code     2  heapauxi.o(.text)
    __rt_heap_expand                         0x08000371   Thumb Code     2  heapauxi.o(.text)
    __aeabi_memcpy4                          0x08000373   Thumb Code     0  rt_memcpy_w.o(.text)
    __aeabi_memcpy8                          0x08000373   Thumb Code     0  rt_memcpy_w.o(.text)
    __rt_memcpy_w                            0x08000373   Thumb Code   100  rt_memcpy_w.o(.text)
    _memcpy_lastbytes_aligned                0x080003bb   Thumb Code     0  rt_memcpy_w.o(.text)
    __user_setup_stackheap                   0x080003d7   Thumb Code    74  sys_stackheap_outer.o(.text)
    exit                                     0x08000421   Thumb Code    18  exit.o(.text)
    _sys_exit                                0x08000435   Thumb Code     8  sys_exit.o(.text)
    __user_libspace                          0x08000441   Thumb Code     8  libspace.o(.text)
    __user_perproc_libspace                  0x08000441   Thumb Code     0  libspace.o(.text)
    __user_perthread_libspace                0x08000441   Thumb Code     0  libspace.o(.text)
    __I$use$semihosting                      0x08000449   Thumb Code     0  use_no_semi.o(.text)
    __use_no_semihosting_swi                 0x08000449   Thumb Code     2  use_no_semi.o(.text)
    __semihosting_library_function           0x0800044b   Thumb Code     0  indicate_semi.o(.text)
    BusFault_Handler                         0x0800044d   Thumb Code     2  gd32e10x_it.o(.text.BusFault_Handler)
    DHCP_init                                0x08000451   Thumb Code   192  dhcp.o(.text.DHCP_init)
    DHCP_run                                 0x08000511   Thumb Code   534  dhcp.o(.text.DHCP_run)
    DHCP_stop                                0x08000729   Thumb Code    22  dhcp.o(.text.DHCP_stop)
    DebugMon_Handler                         0x08000741   Thumb Code     2  gd32e10x_it.o(.text.DebugMon_Handler)
    HardFault_Handler                        0x08000745   Thumb Code     2  gd32e10x_it.o(.text.HardFault_Handler)
    MemManage_Handler                        0x08000749   Thumb Code     2  gd32e10x_it.o(.text.MemManage_Handler)
    NMI_Handler                              0x0800074d   Thumb Code     2  gd32e10x_it.o(.text.NMI_Handler)
    PendSV_Handler                           0x08000751   Thumb Code     2  gd32e10x_it.o(.text.PendSV_Handler)
    SEGGER_RTT_Write                         0x08000755   Thumb Code   178  segger_rtt.o(.text.SEGGER_RTT_Write)
    SEGGER_RTT_WriteNoLock                   0x08000809   Thumb Code   406  segger_rtt.o(.text.SEGGER_RTT_WriteNoLock)
    SEGGER_RTT_printf                        0x080009a1   Thumb Code    30  segger_rtt_printf.o(.text.SEGGER_RTT_printf)
    SEGGER_RTT_vprintf                       0x080009c1   Thumb Code  1598  segger_rtt_printf.o(.text.SEGGER_RTT_vprintf)
    SVC_Handler                              0x08001241   Thumb Code     2  gd32e10x_it.o(.text.SVC_Handler)
    SysTick_Handler                          0x08001245   Thumb Code    16  gd32e10x_it.o(.text.SysTick_Handler)
    SystemInit                               0x08001255   Thumb Code   358  system_gd32e10x.o(.text.SystemInit)
    TIMER2_IRQHandler                        0x080013bd   Thumb Code     2  gd32e10x_it.o(.text.TIMER2_IRQHandler)
    USBFS_IRQHandler                         0x080013c1   Thumb Code    12  gd32e10x_it.o(.text.USBFS_IRQHandler)
    USBFS_WKUP_IRQHandler                    0x080013cd   Thumb Code    64  gd32e10x_it.o(.text.USBFS_WKUP_IRQHandler)
    UsageFault_Handler                       0x0800140d   Thumb Code     2  gd32e10x_it.o(.text.UsageFault_Handler)
    W25Q_init                                0x08001421   Thumb Code   124  w25q.o(.text.W25Q_init)
    W5500_displayNetInfo                     0x080014ed   Thumb Code   204  main.o(.text.W5500_displayNetInfo)
    WIZCHIP_READ                             0x0800166d   Thumb Code    98  w5500.o(.text.WIZCHIP_READ)
    WIZCHIP_READ_BUF                         0x080016d1   Thumb Code   120  w5500.o(.text.WIZCHIP_READ_BUF)
    WIZCHIP_WRITE                            0x08001749   Thumb Code   100  w5500.o(.text.WIZCHIP_WRITE)
    WIZCHIP_WRITE_BUF                        0x080017ad   Thumb Code   126  w5500.o(.text.WIZCHIP_WRITE_BUF)
    check_DHCP_timeout                       0x08001e11   Thumb Code   138  dhcp.o(.text.check_DHCP_timeout)
    close                                    0x08001e9d   Thumb Code   116  socket.o(.text.close)
    connect                                  0x08001f11   Thumb Code   252  socket.o(.text.connect)
    ctlnetwork                               0x0800200d   Thumb Code   302  wizchip_conf.o(.text.ctlnetwork)
    ctlwizchip                               0x0800213d   Thumb Code   550  wizchip_conf.o(.text.ctlwizchip)
    default_ip_assign                        0x08002365   Thumb Code    56  dhcp.o(.text.default_ip_assign)
    default_ip_conflict                      0x0800239d   Thumb Code    42  dhcp.o(.text.default_ip_conflict)
    default_ip_update                        0x080023c9   Thumb Code    84  dhcp.o(.text.default_ip_update)
    delay                                    0x0800241d   Thumb Code    28  delay.o(.text.delay)
    delayMicroseconds                        0x08002439   Thumb Code   196  delay.o(.text.delayMicroseconds)
    disconnect                               0x080024fd   Thumb Code   242  socket.o(.text.disconnect)
    dma_channel_enable                       0x080025f1   Thumb Code    38  gd32e10x_dma.o(.text.dma_channel_enable)
    dma_circulation_disable                  0x08002619   Thumb Code    38  gd32e10x_dma.o(.text.dma_circulation_disable)
    dma_deinit                               0x08002641   Thumb Code    62  gd32e10x_dma.o(.text.dma_deinit)
    dma_init                                 0x08002681   Thumb Code   118  gd32e10x_dma.o(.text.dma_init)
    dma_memory_to_memory_disable             0x080026f9   Thumb Code    38  gd32e10x_dma.o(.text.dma_memory_to_memory_disable)
    exti_init                                0x08002721   Thumb Code   158  gd32e10x_exti.o(.text.exti_init)
    exti_interrupt_enable                    0x080027c1   Thumb Code    16  gd32e10x_exti.o(.text.exti_interrupt_enable)
    exti_interrupt_flag_clear                0x080027d1   Thumb Code    12  gd32e10x_exti.o(.text.exti_interrupt_flag_clear)
    getDNSfromDHCP                           0x080027dd   Thumb Code    26  dhcp.o(.text.getDNSfromDHCP)
    getGWfromDHCP                            0x080027f9   Thumb Code    26  dhcp.o(.text.getGWfromDHCP)
    getIPfromDHCP                            0x08002815   Thumb Code    26  dhcp.o(.text.getIPfromDHCP)
    getSNfromDHCP                            0x08002831   Thumb Code    26  dhcp.o(.text.getSNfromDHCP)
    getSn_RX_RSR                             0x0800284d   Thumb Code   458  w5500.o(.text.getSn_RX_RSR)
    getSn_TX_FSR                             0x08002a19   Thumb Code   458  w5500.o(.text.getSn_TX_FSR)
    gpio_init                                0x08002be5   Thumb Code  1008  gd32e10x_gpio.o(.text.gpio_init)
    gpio_pin_remap_config                    0x08002fd5   Thumb Code   126  gd32e10x_gpio.o(.text.gpio_pin_remap_config)
    hid_itfop_register                       0x0800311d   Thumb Code    14  custom_hid_core.o(.text.hid_itfop_register)
    hid_report_send                          0x08003145   Thumb Code    16  custom_hid_core.o(.text.hid_report_send)
    main                                     0x080031e1   Thumb Code  1360  main.o(.text.main)
    nvic_irq_enable                          0x080037b9   Thumb Code   102  gd32e10x_misc.o(.text.nvic_irq_enable)
    nvic_vector_table_set                    0x08003821   Thumb Code    28  gd32e10x_misc.o(.text.nvic_vector_table_set)
    parseDHCPMSG                             0x0800383d   Thumb Code   542  dhcp.o(.text.parseDHCPMSG)
    pmu_to_deepsleepmode                     0x08003a5d   Thumb Code   170  gd32e10x_pmu.o(.text.pmu_to_deepsleepmode)
    rcu_clock_freq_get                       0x08003b09   Thumb Code   236  gd32e10x_rcu.o(.text.rcu_clock_freq_get)
    rcu_periph_clock_enable                  0x08003c05   Thumb Code    30  gd32e10x_rcu.o(.text.rcu_periph_clock_enable)
    rcu_periph_reset_disable                 0x08003c25   Thumb Code    32  gd32e10x_rcu.o(.text.rcu_periph_reset_disable)
    rcu_periph_reset_enable                  0x08003c45   Thumb Code    30  gd32e10x_rcu.o(.text.rcu_periph_reset_enable)
    rcu_usb_clock_config                     0x08003c65   Thumb Code    20  gd32e10x_rcu.o(.text.rcu_usb_clock_config)
    recvfrom                                 0x08003c79   Thumb Code   590  socket.o(.text.recvfrom)
    reg_dhcp_cbfunc                          0x08003ec9   Thumb Code    60  dhcp.o(.text.reg_dhcp_cbfunc)
    reg_wizchip_cs_cbfunc                    0x08003f05   Thumb Code    56  wizchip_conf.o(.text.reg_wizchip_cs_cbfunc)
    reg_wizchip_spi_cbfunc                   0x08003f3d   Thumb Code    68  wizchip_conf.o(.text.reg_wizchip_spi_cbfunc)
    send                                     0x08003f81   Thumb Code   334  socket.o(.text.send)
    send_DHCP_DECLINE                        0x080040d1   Thumb Code   596  dhcp.o(.text.send_DHCP_DECLINE)
    send_DHCP_DISCOVER                       0x08004325   Thumb Code  1078  dhcp.o(.text.send_DHCP_DISCOVER)
    send_DHCP_REQUEST                        0x0800475d   Thumb Code  1244  dhcp.o(.text.send_DHCP_REQUEST)
    sendto                                   0x08004c39   Thumb Code   392  socket.o(.text.sendto)
    serial_string_get                        0x08004dc1   Thumb Code   368  usbd_enum.o(.text.serial_string_get)
    socket                                   0x08004f31   Thumb Code   430  socket.o(.text.socket)
    timer_auto_reload_shadow_enable          0x080050e1   Thumb Code    10  gd32e10x_timer.o(.text.timer_auto_reload_shadow_enable)
    timer_channel_dma_request_source_select  0x080050ed   Thumb Code    30  gd32e10x_timer.o(.text.timer_channel_dma_request_source_select)
    timer_channel_output_config              0x0800510d   Thumb Code   588  gd32e10x_timer.o(.text.timer_channel_output_config)
    timer_channel_output_mode_config         0x08005359   Thumb Code    64  gd32e10x_timer.o(.text.timer_channel_output_mode_config)
    timer_channel_output_pulse_value_config  0x08005399   Thumb Code    12  gd32e10x_timer.o(.text.timer_channel_output_pulse_value_config)
    timer_channel_output_shadow_config       0x080053a5   Thumb Code    64  gd32e10x_timer.o(.text.timer_channel_output_shadow_config)
    timer_deinit                             0x080053e5   Thumb Code   350  gd32e10x_timer.o(.text.timer_deinit)
    timer_dma_enable                         0x08005545   Thumb Code     8  gd32e10x_timer.o(.text.timer_dma_enable)
    timer_enable                             0x0800554d   Thumb Code    10  gd32e10x_timer.o(.text.timer_enable)
    timer_init                               0x08005559   Thumb Code   194  gd32e10x_timer.o(.text.timer_init)
    timer_primary_output_config              0x0800561d   Thumb Code    18  gd32e10x_timer.o(.text.timer_primary_output_config)
    usb_basic_init                           0x08005631   Thumb Code   546  drv_usb_core.o(.text.usb_basic_init)
    usb_clock_active                         0x08005855   Thumb Code    28  drv_usb_dev.o(.text.usb_clock_active)
    usb_core_init                            0x08005871   Thumb Code   190  drv_usb_core.o(.text.usb_core_init)
    usb_ctlep_startout                       0x08005931   Thumb Code    12  drv_usb_dev.o(.text.usb_ctlep_startout)
    usb_curmode_set                          0x0800593d   Thumb Code    44  drv_usb_core.o(.text.usb_curmode_set)
    usb_devcore_init                         0x08005969   Thumb Code   660  drv_usb_dev.o(.text.usb_devcore_init)
    usb_iepintr_read                         0x08005bfd   Thumb Code    28  drv_usb_dev.o(.text.usb_iepintr_read)
    usb_mdelay                               0x08005c19   Thumb Code     4  main.o(.text.usb_mdelay)
    usb_rxfifo_flush                         0x08005c1d   Thumb Code    44  drv_usb_core.o(.text.usb_rxfifo_flush)
    usb_rxfifo_read                          0x08005c49   Thumb Code   126  drv_usb_core.o(.text.usb_rxfifo_read)
    usb_set_txfifo                           0x08005cc9   Thumb Code   244  drv_usb_core.o(.text.usb_set_txfifo)
    usb_transc_active                        0x08005dbd   Thumb Code   156  drv_usb_dev.o(.text.usb_transc_active)
    usb_transc_clrstall                      0x08005e59   Thumb Code    56  drv_usb_dev.o(.text.usb_transc_clrstall)
    usb_transc_deactivate                    0x08005e91   Thumb Code    58  drv_usb_dev.o(.text.usb_transc_deactivate)
    usb_transc_inxfer                        0x08005ecd   Thumb Code   232  drv_usb_dev.o(.text.usb_transc_inxfer)
    usb_transc_outxfer                       0x08005fb5   Thumb Code   106  drv_usb_dev.o(.text.usb_transc_outxfer)
    usb_transc_stall                         0x08006021   Thumb Code    54  drv_usb_dev.o(.text.usb_transc_stall)
    usb_txfifo_flush                         0x08006059   Thumb Code    46  drv_usb_core.o(.text.usb_txfifo_flush)
    usb_txfifo_write                         0x08006089   Thumb Code   120  drv_usb_core.o(.text.usb_txfifo_write)
    usb_udelay                               0x08006101   Thumb Code     4  main.o(.text.usb_udelay)
    usbd_class_request                       0x08006105   Thumb Code    34  usbd_enum.o(.text.usbd_class_request)
    usbd_enum_error                          0x08006129   Thumb Code    28  usbd_enum.o(.text.usbd_enum_error)
    usbd_ep_clear                            0x08006145   Thumb Code    56  usbd_core.o(.text.usbd_ep_clear)
    usbd_ep_recev                            0x0800617d   Thumb Code    38  usbd_core.o(.text.usbd_ep_recev)
    usbd_ep_send                             0x080061a5   Thumb Code    38  usbd_core.o(.text.usbd_ep_send)
    usbd_ep_setup                            0x080061cd   Thumb Code   112  usbd_core.o(.text.usbd_ep_setup)
    usbd_ep_stall                            0x0800623d   Thumb Code    52  usbd_core.o(.text.usbd_ep_stall)
    usbd_ep_stall_clear                      0x08006271   Thumb Code    52  usbd_core.o(.text.usbd_ep_stall_clear)
    usbd_in_transc                           0x080062a5   Thumb Code   178  usbd_transc.o(.text.usbd_in_transc)
    usbd_init                                0x08006359   Thumb Code   124  usbd_core.o(.text.usbd_init)
    usbd_isr                                 0x080063d5   Thumb Code  1238  drv_usbd_int.o(.text.usbd_isr)
    usbd_out_transc                          0x080068ad   Thumb Code   150  usbd_transc.o(.text.usbd_out_transc)
    usbd_setup_transc                        0x08006945   Thumb Code   214  usbd_transc.o(.text.usbd_setup_transc)
    usbd_standard_request                    0x08006a1d   Thumb Code    12  usbd_enum.o(.text.usbd_standard_request)
    usbd_vendor_request                      0x08006a5d   Thumb Code     4  usbd_enum.o(.text.usbd_vendor_request)
    w5500_dhcp_assign                        0x08006a61   Thumb Code    60  main.o(.text.w5500_dhcp_assign)
    w5500_dhcp_conflict                      0x08006a9d   Thumb Code     8  main.o(.text.w5500_dhcp_conflict)
    wiz_recv_data                            0x08006abd   Thumb Code   490  w5500.o(.text.wiz_recv_data)
    wiz_recv_ignore                          0x08006ca9   Thumb Code   372  w5500.o(.text.wiz_recv_ignore)
    wiz_send_data                            0x08006e1d   Thumb Code   490  w5500.o(.text.wiz_send_data)
    wizchip_bus_readdata                     0x08007009   Thumb Code     4  wizchip_conf.o(.text.wizchip_bus_readdata)
    wizchip_bus_writedata                    0x0800700d   Thumb Code     4  wizchip_conf.o(.text.wizchip_bus_writedata)
    wizchip_clrinterrupt                     0x08007011   Thumb Code   162  wizchip_conf.o(.text.wizchip_clrinterrupt)
    wizchip_cris_enter                       0x080070b5   Thumb Code     2  wizchip_conf.o(.text.wizchip_cris_enter)
    wizchip_cris_exit                        0x080070b9   Thumb Code     2  wizchip_conf.o(.text.wizchip_cris_exit)
    wizchip_cs_deselect                      0x080070bd   Thumb Code     2  wizchip_conf.o(.text.wizchip_cs_deselect)
    wizchip_cs_select                        0x080070c1   Thumb Code     2  wizchip_conf.o(.text.wizchip_cs_select)
    wizchip_init                             0x080070c5   Thumb Code   376  wizchip_conf.o(.text.wizchip_init)
    wizchip_spi_readbyte                     0x0800723d   Thumb Code     4  wizchip_conf.o(.text.wizchip_spi_readbyte)
    wizchip_spi_writebyte                    0x08007241   Thumb Code     2  wizchip_conf.o(.text.wizchip_spi_writebyte)
    wizchip_sw_reset                         0x08007245   Thumb Code   128  wizchip_conf.o(.text.wizchip_sw_reset)
    wizphy_setphyconf                        0x080072c5   Thumb Code   112  wizchip_conf.o(.text.wizphy_setphyconf)
    wizphy_setphypmode                       0x08007335   Thumb Code   120  wizchip_conf.o(.text.wizphy_setphypmode)
    _fp_init                                 0x080073ad   Thumb Code    26  fpinit.o(x$fpl$fpinit)
    __fplib_config_fpu_vfp                   0x080073c5   Thumb Code     0  fpinit.o(x$fpl$fpinit)
    __fplib_config_pureend_doubles           0x080073c5   Thumb Code     0  fpinit.o(x$fpl$fpinit)
    ep_type                                  0x080073d4   Data          16  usbd_core.o(.rodata.ep_type)
    hid_config_desc                          0x080073e4   Data          41  custom_hid_core.o(.rodata.hid_config_desc)
    hid_dev_desc                             0x0800740e   Data          18  custom_hid_core.o(.rodata.hid_dev_desc)
    hid_report_desc                          0x08007420   Data          33  custom_hid_core.o(.rodata.hid_report_desc)
    soundArray                               0x08007545   Data       53873  main.o(.rodata.soundArray)
    usbd_hid_strings                         0x0801487c   Data          16  custom_hid_core.o(.rodata.usbd_hid_strings)
    usbd_language_id_desc                    0x0801488c   Data           4  custom_hid_core.o(.rodata.usbd_language_id_desc)
    Region$$Table$$Base                      0x08014890   Number         0  anon$$obj.o(Region$$Table)
    Region$$Table$$Limit                     0x080148b0   Number         0  anon$$obj.o(Region$$Table)
    dhcp_lease_time                          0x20000000   Data           4  dhcp.o(.data..L_MergedGlobals)
    dhcp_tick_next                           0x20000004   Data           4  dhcp.o(.data..L_MergedGlobals)
    dhcp_ip_assign                           0x20000008   Data           4  dhcp.o(.data..L_MergedGlobals)
    dhcp_ip_update                           0x2000000c   Data           4  dhcp.o(.data..L_MergedGlobals)
    dhcp_ip_conflict                         0x20000010   Data           4  dhcp.o(.data..L_MergedGlobals)
    HOST_NAME                                0x20000014   Data           8  dhcp.o(.data.HOST_NAME)
    SystemCoreClock                          0x2000001c   Data           4  system_gd32e10x.o(.data.SystemCoreClock)
    WIZCHIP                                  0x20000020   Data          44  wizchip_conf.o(.data.WIZCHIP)
    fop_handler                              0x2000004c   Data           8  hid_keyboard_itf.o(.data.fop_handler)
    gWIZNETINFO                              0x20000054   Data          28  main.o(.data.gWIZNETINFO)
    hid_desc                                 0x20000070   Data          16  custom_hid_core.o(.data.hid_desc)
    usbd_hid_cb                              0x20000104   Data          48  custom_hid_core.o(.data.usbd_hid_cb)
    __libspace_start                         0x20000138   Data          96  libspace.o(.bss)
    __temporary_stack_top$libspace           0x20000198   Data           0  libspace.o(.bss)
    usbfs_prescaler                          0x20000198   Data           4  main.o(.bss..L_MergedGlobals)
    W25Q_flash                               0x2000019c   Data          44  main.o(.bss..L_MergedGlobals)
    sock_pack_info                           0x200001e4   Data           8  socket.o(.bss..L_MergedGlobals)
    dhcp_state                               0x20000210   Data           1  dhcp.o(.bss..L_MergedGlobals.1)
    dhcp_retry_count                         0x20000211   Data           1  dhcp.o(.bss..L_MergedGlobals.1)
    DHCP_SOCKET                              0x20000212   Data           1  dhcp.o(.bss..L_MergedGlobals.1)
    OLD_allocated_ip                         0x20000213   Data           4  dhcp.o(.bss..L_MergedGlobals.1)
    DHCP_allocated_ip                        0x20000218   Data           4  dhcp.o(.bss..L_MergedGlobals.1)
    DHCP_allocated_gw                        0x2000021c   Data           4  dhcp.o(.bss..L_MergedGlobals.1)
    DHCP_allocated_sn                        0x20000220   Data           4  dhcp.o(.bss..L_MergedGlobals.1)
    DHCP_allocated_dns                       0x20000224   Data           4  dhcp.o(.bss..L_MergedGlobals.1)
    dhcp_tick_1s                             0x20000228   Data           4  dhcp.o(.bss..L_MergedGlobals.1)
    pDHCPMSG                                 0x2000022c   Data           4  dhcp.o(.bss..L_MergedGlobals.1)
    DHCP_XID                                 0x20000230   Data           4  dhcp.o(.bss..L_MergedGlobals.1)
    DHCP_SIP                                 0x20000234   Data           4  dhcp.o(.bss..L_MergedGlobals.1)
    DHCP_REAL_SIP                            0x20000238   Data           4  dhcp.o(.bss..L_MergedGlobals.1)
    DHCP_CHADDR                              0x2000023c   Data           6  dhcp.o(.bss..L_MergedGlobals.1)
    _SEGGER_RTT                              0x20000244   Data         168  segger_rtt.o(.bss._SEGGER_RTT)
    __tick_ms_counter                        0x200002ec   Data           4  millis.o(.bss.__tick_ms_counter)
    ethernetTxBuffer                         0x200006f3   Data        2048  main.o(.bss.ethernetTxBuffer)
    hid_gsConfig                             0x20000ef4   Data         964  main.o(.bss.hid_gsConfig)



==============================================================================

Memory Map of the image

  Image Entry point : 0x08000151

  Load Region LR_IROM1 (Base: 0x08000000, Size: 0x000149e8, Max: 0x00020000, ABSOLUTE, COMPRESSED[0x00014938])

    Execution Region ER_IROM1 (Exec base: 0x08000000, Load base: 0x08000000, Size: 0x000148b0, Max: 0x00020000, ABSOLUTE)

    Exec Addr    Load Addr    Size         Type   Attr      Idx    E Section Name        Object

    0x08000000   0x08000000   0x00000150   Data   RO          589    RESET               startup_gd32e10x.o
    0x08000150   0x08000150   0x00000008   Code   RO         1165  * !!!main             c_wu.l(__main.o)
    0x08000158   0x08000158   0x00000034   Code   RO         1478    !!!scatter          c_wu.l(__scatter.o)
    0x0800018c   0x0800018c   0x0000003a   Code   RO         1476    !!dczerorl          c_wu.l(__dczerorl.o)
    0x080001c6   0x080001c6   0x00000002   PAD
    0x080001c8   0x080001c8   0x0000001c   Code   RO         1480    !!handler_zi        c_wu.l(__scatter_zi.o)
    0x080001e4   0x080001e4   0x00000002   Code   RO         1398    .ARM.Collect$$libinit$$00000000  c_wu.l(libinit.o)
    0x080001e6   0x080001e6   0x00000004   Code   RO         1284    .ARM.Collect$$libinit$$00000001  c_wu.l(libinit2.o)
    0x080001ea   0x080001ea   0x00000000   Code   RO         1287    .ARM.Collect$$libinit$$00000004  c_wu.l(libinit2.o)
    0x080001ea   0x080001ea   0x00000000   Code   RO         1289    .ARM.Collect$$libinit$$00000006  c_wu.l(libinit2.o)
    0x080001ea   0x080001ea   0x00000000   Code   RO         1292    .ARM.Collect$$libinit$$0000000C  c_wu.l(libinit2.o)
    0x080001ea   0x080001ea   0x00000000   Code   RO         1294    .ARM.Collect$$libinit$$0000000E  c_wu.l(libinit2.o)
    0x080001ea   0x080001ea   0x00000000   Code   RO         1296    .ARM.Collect$$libinit$$00000010  c_wu.l(libinit2.o)
    0x080001ea   0x080001ea   0x00000000   Code   RO         1299    .ARM.Collect$$libinit$$00000013  c_wu.l(libinit2.o)
    0x080001ea   0x080001ea   0x00000000   Code   RO         1301    .ARM.Collect$$libinit$$00000015  c_wu.l(libinit2.o)
    0x080001ea   0x080001ea   0x00000000   Code   RO         1303    .ARM.Collect$$libinit$$00000017  c_wu.l(libinit2.o)
    0x080001ea   0x080001ea   0x00000000   Code   RO         1305    .ARM.Collect$$libinit$$00000019  c_wu.l(libinit2.o)
    0x080001ea   0x080001ea   0x00000000   Code   RO         1307    .ARM.Collect$$libinit$$0000001B  c_wu.l(libinit2.o)
    0x080001ea   0x080001ea   0x00000000   Code   RO         1309    .ARM.Collect$$libinit$$0000001D  c_wu.l(libinit2.o)
    0x080001ea   0x080001ea   0x00000000   Code   RO         1311    .ARM.Collect$$libinit$$0000001F  c_wu.l(libinit2.o)
    0x080001ea   0x080001ea   0x00000000   Code   RO         1313    .ARM.Collect$$libinit$$00000021  c_wu.l(libinit2.o)
    0x080001ea   0x080001ea   0x00000000   Code   RO         1315    .ARM.Collect$$libinit$$00000023  c_wu.l(libinit2.o)
    0x080001ea   0x080001ea   0x00000000   Code   RO         1317    .ARM.Collect$$libinit$$00000025  c_wu.l(libinit2.o)
    0x080001ea   0x080001ea   0x00000000   Code   RO         1319    .ARM.Collect$$libinit$$00000027  c_wu.l(libinit2.o)
    0x080001ea   0x080001ea   0x00000000   Code   RO         1323    .ARM.Collect$$libinit$$0000002E  c_wu.l(libinit2.o)
    0x080001ea   0x080001ea   0x00000000   Code   RO         1325    .ARM.Collect$$libinit$$00000030  c_wu.l(libinit2.o)
    0x080001ea   0x080001ea   0x00000000   Code   RO         1327    .ARM.Collect$$libinit$$00000032  c_wu.l(libinit2.o)
    0x080001ea   0x080001ea   0x00000000   Code   RO         1329    .ARM.Collect$$libinit$$00000034  c_wu.l(libinit2.o)
    0x080001ea   0x080001ea   0x00000002   Code   RO         1330    .ARM.Collect$$libinit$$00000035  c_wu.l(libinit2.o)
    0x080001ec   0x080001ec   0x00000002   Code   RO         1473    .ARM.Collect$$libshutdown$$00000000  c_wu.l(libshutdown.o)
    0x080001ee   0x080001ee   0x00000000   Code   RO         1332    .ARM.Collect$$libshutdown$$00000002  c_wu.l(libshutdown2.o)
    0x080001ee   0x080001ee   0x00000000   Code   RO         1334    .ARM.Collect$$libshutdown$$00000004  c_wu.l(libshutdown2.o)
    0x080001ee   0x080001ee   0x00000000   Code   RO         1337    .ARM.Collect$$libshutdown$$00000007  c_wu.l(libshutdown2.o)
    0x080001ee   0x080001ee   0x00000000   Code   RO         1340    .ARM.Collect$$libshutdown$$0000000A  c_wu.l(libshutdown2.o)
    0x080001ee   0x080001ee   0x00000000   Code   RO         1342    .ARM.Collect$$libshutdown$$0000000C  c_wu.l(libshutdown2.o)
    0x080001ee   0x080001ee   0x00000000   Code   RO         1345    .ARM.Collect$$libshutdown$$0000000F  c_wu.l(libshutdown2.o)
    0x080001ee   0x080001ee   0x00000002   Code   RO         1346    .ARM.Collect$$libshutdown$$00000010  c_wu.l(libshutdown2.o)
    0x080001f0   0x080001f0   0x00000000   Code   RO         1167    .ARM.Collect$$rtentry$$00000000  c_wu.l(__rtentry.o)
    0x080001f0   0x080001f0   0x00000000   Code   RO         1186    .ARM.Collect$$rtentry$$00000002  c_wu.l(__rtentry2.o)
    0x080001f0   0x080001f0   0x00000006   Code   RO         1198    .ARM.Collect$$rtentry$$00000004  c_wu.l(__rtentry4.o)
    0x080001f6   0x080001f6   0x00000000   Code   RO         1188    .ARM.Collect$$rtentry$$00000009  c_wu.l(__rtentry2.o)
    0x080001f6   0x080001f6   0x00000004   Code   RO         1189    .ARM.Collect$$rtentry$$0000000A  c_wu.l(__rtentry2.o)
    0x080001fa   0x080001fa   0x00000000   Code   RO         1191    .ARM.Collect$$rtentry$$0000000C  c_wu.l(__rtentry2.o)
    0x080001fa   0x080001fa   0x00000008   Code   RO         1192    .ARM.Collect$$rtentry$$0000000D  c_wu.l(__rtentry2.o)
    0x08000202   0x08000202   0x00000002   Code   RO         1412    .ARM.Collect$$rtexit$$00000000  c_wu.l(rtexit.o)
    0x08000204   0x08000204   0x00000000   Code   RO         1441    .ARM.Collect$$rtexit$$00000002  c_wu.l(rtexit2.o)
    0x08000204   0x08000204   0x00000004   Code   RO         1442    .ARM.Collect$$rtexit$$00000003  c_wu.l(rtexit2.o)
    0x08000208   0x08000208   0x00000006   Code   RO         1443    .ARM.Collect$$rtexit$$00000004  c_wu.l(rtexit2.o)
    0x0800020e   0x0800020e   0x00000002   PAD
    0x08000210   0x08000210   0x00000040   Code   RO          590    .text               startup_gd32e10x.o
    0x08000250   0x08000250   0x0000008a   Code   RO         1155    .text               c_wu.l(rt_memcpy_v6.o)
    0x080002da   0x080002da   0x00000044   Code   RO         1157    .text               c_wu.l(rt_memclr.o)
    0x0800031e   0x0800031e   0x0000004e   Code   RO         1159    .text               c_wu.l(rt_memclr_w.o)
    0x0800036c   0x0800036c   0x00000006   Code   RO         1163    .text               c_wu.l(heapauxi.o)
    0x08000372   0x08000372   0x00000064   Code   RO         1179    .text               c_wu.l(rt_memcpy_w.o)
    0x080003d6   0x080003d6   0x0000004a   Code   RO         1347    .text               c_wu.l(sys_stackheap_outer.o)
    0x08000420   0x08000420   0x00000012   Code   RO         1383    .text               c_wu.l(exit.o)
    0x08000432   0x08000432   0x00000002   PAD
    0x08000434   0x08000434   0x0000000c   Code   RO         1403    .text               c_wu.l(sys_exit.o)
    0x08000440   0x08000440   0x00000008   Code   RO         1409    .text               c_wu.l(libspace.o)
    0x08000448   0x08000448   0x00000002   Code   RO         1437    .text               c_wu.l(use_no_semi.o)
    0x0800044a   0x0800044a   0x00000000   Code   RO         1439    .text               c_wu.l(indicate_semi.o)
    0x0800044a   0x0800044a   0x00000002   PAD
    0x0800044c   0x0800044c   0x00000002   Code   RO            8    .text.BusFault_Handler  gd32e10x_it.o
    0x0800044e   0x0800044e   0x00000002   PAD
    0x08000450   0x08000450   0x000000c0   Code   RO          996    .text.DHCP_init     dhcp.o
    0x08000510   0x08000510   0x00000216   Code   RO          986    .text.DHCP_run      dhcp.o
    0x08000726   0x08000726   0x00000002   PAD
    0x08000728   0x08000728   0x00000016   Code   RO          994    .text.DHCP_stop     dhcp.o
    0x0800073e   0x0800073e   0x00000002   PAD
    0x08000740   0x08000740   0x00000002   Code   RO           14    .text.DebugMon_Handler  gd32e10x_it.o
    0x08000742   0x08000742   0x00000002   PAD
    0x08000744   0x08000744   0x00000002   Code   RO            4    .text.HardFault_Handler  gd32e10x_it.o
    0x08000746   0x08000746   0x00000002   PAD
    0x08000748   0x08000748   0x00000002   Code   RO            6    .text.MemManage_Handler  gd32e10x_it.o
    0x0800074a   0x0800074a   0x00000002   PAD
    0x0800074c   0x0800074c   0x00000002   Code   RO            2    .text.NMI_Handler   gd32e10x_it.o
    0x0800074e   0x0800074e   0x00000002   PAD
    0x08000750   0x08000750   0x00000002   Code   RO           16    .text.PendSV_Handler  gd32e10x_it.o
    0x08000752   0x08000752   0x00000002   PAD
    0x08000754   0x08000754   0x000000b2   Code   RO         1038    .text.SEGGER_RTT_Write  segger_rtt.o
    0x08000806   0x08000806   0x00000002   PAD
    0x08000808   0x08000808   0x00000196   Code   RO         1034    .text.SEGGER_RTT_WriteNoLock  segger_rtt.o
    0x0800099e   0x0800099e   0x00000002   PAD
    0x080009a0   0x080009a0   0x0000001e   Code   RO         1101    .text.SEGGER_RTT_printf  segger_rtt_printf.o
    0x080009be   0x080009be   0x00000002   PAD
    0x080009c0   0x080009c0   0x0000063e   Code   RO         1097    .text.SEGGER_RTT_vprintf  segger_rtt_printf.o
    0x08000ffe   0x08000ffe   0x00000002   PAD
    0x08001000   0x08001000   0x00000080   Code   RO           56    .text.SPI_recvByte  main.o
    0x08001080   0x08001080   0x000000ae   Code   RO           58    .text.SPI_transByte  main.o
    0x0800112e   0x0800112e   0x00000002   PAD
    0x08001130   0x08001130   0x0000010e   Code   RO           72    .text.SPI_transfer  main.o
    0x0800123e   0x0800123e   0x00000002   PAD
    0x08001240   0x08001240   0x00000002   Code   RO           12    .text.SVC_Handler   gd32e10x_it.o
    0x08001242   0x08001242   0x00000002   PAD
    0x08001244   0x08001244   0x00000010   Code   RO           18    .text.SysTick_Handler  gd32e10x_it.o
    0x08001254   0x08001254   0x00000166   Code   RO          131    .text.SystemInit    system_gd32e10x.o
    0x080013ba   0x080013ba   0x00000002   PAD
    0x080013bc   0x080013bc   0x00000002   Code   RO           20    .text.TIMER2_IRQHandler  gd32e10x_it.o
    0x080013be   0x080013be   0x00000002   PAD
    0x080013c0   0x080013c0   0x0000000c   Code   RO           22    .text.USBFS_IRQHandler  gd32e10x_it.o
    0x080013cc   0x080013cc   0x00000040   Code   RO           24    .text.USBFS_WKUP_IRQHandler  gd32e10x_it.o
    0x0800140c   0x0800140c   0x00000002   Code   RO           10    .text.UsageFault_Handler  gd32e10x_it.o
    0x0800140e   0x0800140e   0x00000002   PAD
    0x08001410   0x08001410   0x00000010   Code   RO           76    .text.W25Q_deselect  main.o
    0x08001420   0x08001420   0x000000a4   Code   RO          930    .text.W25Q_init     w25q.o
    0x080014c4   0x080014c4   0x00000018   Code   RO           74    .text.W25Q_select   main.o
    0x080014dc   0x080014dc   0x00000010   Code   RO           52    .text.W5500_deselect  main.o
    0x080014ec   0x080014ec   0x00000160   Code   RO           48    .text.W5500_displayNetInfo  main.o
    0x0800164c   0x0800164c   0x0000001e   Code   RO           54    .text.W5500_select  main.o
    0x0800166a   0x0800166a   0x00000002   PAD
    0x0800166c   0x0800166c   0x00000062   Code   RO          883    .text.WIZCHIP_READ  w5500.o
    0x080016ce   0x080016ce   0x00000002   PAD
    0x080016d0   0x080016d0   0x00000078   Code   RO          887    .text.WIZCHIP_READ_BUF  w5500.o
    0x08001748   0x08001748   0x00000064   Code   RO          885    .text.WIZCHIP_WRITE  w5500.o
    0x080017ac   0x080017ac   0x0000007e   Code   RO          889    .text.WIZCHIP_WRITE_BUF  w5500.o
    0x0800182a   0x0800182a   0x00000002   PAD
    0x0800182c   0x0800182c   0x000001fc   Code   RO         1099    .text._PrintUnsigned  segger_rtt_printf.o
    0x08001a28   0x08001a28   0x00000068   Code   RO          713    .text._usb_std_clearfeature  usbd_enum.o
    0x08001a90   0x08001a90   0x00000034   Code   RO          725    .text._usb_std_getconfiguration  usbd_enum.o
    0x08001ac4   0x08001ac4   0x00000100   Code   RO          721    .text._usb_std_getdescriptor  usbd_enum.o
    0x08001bc4   0x08001bc4   0x0000002e   Code   RO          729    .text._usb_std_getinterface  usbd_enum.o
    0x08001bf2   0x08001bf2   0x00000002   PAD
    0x08001bf4   0x08001bf4   0x000000a6   Code   RO          711    .text._usb_std_getstatus  usbd_enum.o
    0x08001c9a   0x08001c9a   0x00000002   PAD
    0x08001c9c   0x08001c9c   0x00000004   Code   RO          715    .text._usb_std_reserved  usbd_enum.o
    0x08001ca0   0x08001ca0   0x00000044   Code   RO          719    .text._usb_std_setaddress  usbd_enum.o
    0x08001ce4   0x08001ce4   0x00000096   Code   RO          727    .text._usb_std_setconfiguration  usbd_enum.o
    0x08001d7a   0x08001d7a   0x00000002   PAD
    0x08001d7c   0x08001d7c   0x00000004   Code   RO          723    .text._usb_std_setdescriptor  usbd_enum.o
    0x08001d80   0x08001d80   0x00000062   Code   RO          717    .text._usb_std_setfeature  usbd_enum.o
    0x08001de2   0x08001de2   0x00000002   PAD
    0x08001de4   0x08001de4   0x00000026   Code   RO          731    .text._usb_std_setinterface  usbd_enum.o
    0x08001e0a   0x08001e0a   0x00000002   PAD
    0x08001e0c   0x08001e0c   0x00000004   Code   RO          733    .text._usb_std_synchframe  usbd_enum.o
    0x08001e10   0x08001e10   0x0000008a   Code   RO          988    .text.check_DHCP_timeout  dhcp.o
    0x08001e9a   0x08001e9a   0x00000002   PAD
    0x08001e9c   0x08001e9c   0x00000074   Code   RO          851    .text.close         socket.o
    0x08001f10   0x08001f10   0x000000fc   Code   RO          855    .text.connect       socket.o
    0x0800200c   0x0800200c   0x0000012e   Code   RO          823    .text.ctlnetwork    wizchip_conf.o
    0x0800213a   0x0800213a   0x00000002   PAD
    0x0800213c   0x0800213c   0x00000226   Code   RO          797    .text.ctlwizchip    wizchip_conf.o
    0x08002362   0x08002362   0x00000002   PAD
    0x08002364   0x08002364   0x00000038   Code   RO          966    .text.default_ip_assign  dhcp.o
    0x0800239c   0x0800239c   0x0000002a   Code   RO          970    .text.default_ip_conflict  dhcp.o
    0x080023c6   0x080023c6   0x00000002   PAD
    0x080023c8   0x080023c8   0x00000054   Code   RO          968    .text.default_ip_update  dhcp.o
    0x0800241c   0x0800241c   0x0000001c   Code   RO          911    .text.delay         delay.o
    0x08002438   0x08002438   0x000000c4   Code   RO          909    .text.delayMicroseconds  delay.o
    0x080024fc   0x080024fc   0x000000f2   Code   RO          857    .text.disconnect    socket.o
    0x080025ee   0x080025ee   0x00000002   PAD
    0x080025f0   0x080025f0   0x00000026   Code   RO          158    .text.dma_channel_enable  gd32e10x_dma.o
    0x08002616   0x08002616   0x00000002   PAD
    0x08002618   0x08002618   0x00000026   Code   RO          152    .text.dma_circulation_disable  gd32e10x_dma.o
    0x0800263e   0x0800263e   0x00000002   PAD
    0x08002640   0x08002640   0x0000003e   Code   RO          144    .text.dma_deinit    gd32e10x_dma.o
    0x0800267e   0x0800267e   0x00000002   PAD
    0x08002680   0x08002680   0x00000076   Code   RO          148    .text.dma_init      gd32e10x_dma.o
    0x080026f6   0x080026f6   0x00000002   PAD
    0x080026f8   0x080026f8   0x00000026   Code   RO          156    .text.dma_memory_to_memory_disable  gd32e10x_dma.o
    0x0800271e   0x0800271e   0x00000002   PAD
    0x08002720   0x08002720   0x0000009e   Code   RO          523    .text.exti_init     gd32e10x_exti.o
    0x080027be   0x080027be   0x00000002   PAD
    0x080027c0   0x080027c0   0x00000010   Code   RO          525    .text.exti_interrupt_enable  gd32e10x_exti.o
    0x080027d0   0x080027d0   0x0000000c   Code   RO          543    .text.exti_interrupt_flag_clear  gd32e10x_exti.o
    0x080027dc   0x080027dc   0x0000001a   Code   RO         1006    .text.getDNSfromDHCP  dhcp.o
    0x080027f6   0x080027f6   0x00000002   PAD
    0x080027f8   0x080027f8   0x0000001a   Code   RO         1002    .text.getGWfromDHCP  dhcp.o
    0x08002812   0x08002812   0x00000002   PAD
    0x08002814   0x08002814   0x0000001a   Code   RO         1000    .text.getIPfromDHCP  dhcp.o
    0x0800282e   0x0800282e   0x00000002   PAD
    0x08002830   0x08002830   0x0000001a   Code   RO         1004    .text.getSNfromDHCP  dhcp.o
    0x0800284a   0x0800284a   0x00000002   PAD
    0x0800284c   0x0800284c   0x000001ca   Code   RO          893    .text.getSn_RX_RSR  w5500.o
    0x08002a16   0x08002a16   0x00000002   PAD
    0x08002a18   0x08002a18   0x000001ca   Code   RO          891    .text.getSn_TX_FSR  w5500.o
    0x08002be2   0x08002be2   0x00000002   PAD
    0x08002be4   0x08002be4   0x000003f0   Code   RO          210    .text.gpio_init     gd32e10x_gpio.o
    0x08002fd4   0x08002fd4   0x0000007e   Code   RO          228    .text.gpio_pin_remap_config  gd32e10x_gpio.o
    0x08003052   0x08003052   0x00000002   PAD
    0x08003054   0x08003054   0x00000012   Code   RO          103    .text.hid_data_in   custom_hid_core.o
    0x08003066   0x08003066   0x00000002   PAD
    0x08003068   0x08003068   0x0000004c   Code   RO          105    .text.hid_data_out  custom_hid_core.o
    0x080030b4   0x080030b4   0x00000016   Code   RO           99    .text.hid_deinit    custom_hid_core.o
    0x080030ca   0x080030ca   0x00000002   PAD
    0x080030cc   0x080030cc   0x0000004e   Code   RO           97    .text.hid_init      custom_hid_core.o
    0x0800311a   0x0800311a   0x00000002   PAD
    0x0800311c   0x0800311c   0x0000000e   Code   RO          107    .text.hid_itfop_register  custom_hid_core.o
    0x0800312a   0x0800312a   0x00000002   PAD
    0x0800312c   0x0800312c   0x00000018   Code   RO           35    .text.hid_key_data_send  hid_keyboard_itf.o
    0x08003144   0x08003144   0x00000010   Code   RO          109    .text.hid_report_send  custom_hid_core.o
    0x08003154   0x08003154   0x00000086   Code   RO          101    .text.hid_req       custom_hid_core.o
    0x080031da   0x080031da   0x00000002   PAD
    0x080031dc   0x080031dc   0x00000002   Code   RO           33    .text.key_config    hid_keyboard_itf.o
    0x080031de   0x080031de   0x00000002   PAD
    0x080031e0   0x080031e0   0x000005d8   Code   RO           70    .text.main          main.o
    0x080037b8   0x080037b8   0x00000066   Code   RO          254    .text.nvic_irq_enable  gd32e10x_misc.o
    0x0800381e   0x0800381e   0x00000002   PAD
    0x08003820   0x08003820   0x0000001c   Code   RO          258    .text.nvic_vector_table_set  gd32e10x_misc.o
    0x0800383c   0x0800383c   0x0000021e   Code   RO          984    .text.parseDHCPMSG  dhcp.o
    0x08003a5a   0x08003a5a   0x00000002   PAD
    0x08003a5c   0x08003a5c   0x000000aa   Code   RO          563    .text.pmu_to_deepsleepmode  gd32e10x_pmu.o
    0x08003b06   0x08003b06   0x00000002   PAD
    0x08003b08   0x08003b08   0x000000fc   Code   RO          360    .text.rcu_clock_freq_get  gd32e10x_rcu.o
    0x08003c04   0x08003c04   0x0000001e   Code   RO          278    .text.rcu_periph_clock_enable  gd32e10x_rcu.o
    0x08003c22   0x08003c22   0x00000002   PAD
    0x08003c24   0x08003c24   0x00000020   Code   RO          288    .text.rcu_periph_reset_disable  gd32e10x_rcu.o
    0x08003c44   0x08003c44   0x0000001e   Code   RO          286    .text.rcu_periph_reset_enable  gd32e10x_rcu.o
    0x08003c62   0x08003c62   0x00000002   PAD
    0x08003c64   0x08003c64   0x00000014   Code   RO          320    .text.rcu_usb_clock_config  gd32e10x_rcu.o
    0x08003c78   0x08003c78   0x0000024e   Code   RO          865    .text.recvfrom      socket.o
    0x08003ec6   0x08003ec6   0x00000002   PAD
    0x08003ec8   0x08003ec8   0x0000003c   Code   RO          972    .text.reg_dhcp_cbfunc  dhcp.o
    0x08003f04   0x08003f04   0x00000038   Code   RO          789    .text.reg_wizchip_cs_cbfunc  wizchip_conf.o
    0x08003f3c   0x08003f3c   0x00000044   Code   RO          793    .text.reg_wizchip_spi_cbfunc  wizchip_conf.o
    0x08003f80   0x08003f80   0x0000014e   Code   RO          859    .text.send          socket.o
    0x080040ce   0x080040ce   0x00000002   PAD
    0x080040d0   0x080040d0   0x00000254   Code   RO          982    .text.send_DHCP_DECLINE  dhcp.o
    0x08004324   0x08004324   0x00000436   Code   RO          976    .text.send_DHCP_DISCOVER  dhcp.o
    0x0800475a   0x0800475a   0x00000002   PAD
    0x0800475c   0x0800475c   0x000004dc   Code   RO          980    .text.send_DHCP_REQUEST  dhcp.o
    0x08004c38   0x08004c38   0x00000188   Code   RO          863    .text.sendto        socket.o
    0x08004dc0   0x08004dc0   0x00000170   Code   RO          709    .text.serial_string_get  usbd_enum.o
    0x08004f30   0x08004f30   0x000001ae   Code   RO          849    .text.socket        socket.o
    0x080050de   0x080050de   0x00000002   PAD
    0x080050e0   0x080050e0   0x0000000a   Code   RO          381    .text.timer_auto_reload_shadow_enable  gd32e10x_timer.o
    0x080050ea   0x080050ea   0x00000002   PAD
    0x080050ec   0x080050ec   0x0000001e   Code   RO          415    .text.timer_channel_dma_request_source_select  gd32e10x_timer.o
    0x0800510a   0x0800510a   0x00000002   PAD
    0x0800510c   0x0800510c   0x0000024c   Code   RO          441    .text.timer_channel_output_config  gd32e10x_timer.o
    0x08005358   0x08005358   0x00000040   Code   RO          443    .text.timer_channel_output_mode_config  gd32e10x_timer.o
    0x08005398   0x08005398   0x0000000c   Code   RO          445    .text.timer_channel_output_pulse_value_config  gd32e10x_timer.o
    0x080053a4   0x080053a4   0x00000040   Code   RO          447    .text.timer_channel_output_shadow_config  gd32e10x_timer.o
    0x080053e4   0x080053e4   0x0000015e   Code   RO          371    .text.timer_deinit  gd32e10x_timer.o
    0x08005542   0x08005542   0x00000002   PAD
    0x08005544   0x08005544   0x00000008   Code   RO          411    .text.timer_dma_enable  gd32e10x_timer.o
    0x0800554c   0x0800554c   0x0000000a   Code   RO          377    .text.timer_enable  gd32e10x_timer.o
    0x08005556   0x08005556   0x00000002   PAD
    0x08005558   0x08005558   0x000000c2   Code   RO          375    .text.timer_init    gd32e10x_timer.o
    0x0800561a   0x0800561a   0x00000002   PAD
    0x0800561c   0x0800561c   0x00000012   Code   RO          433    .text.timer_primary_output_config  gd32e10x_timer.o
    0x0800562e   0x0800562e   0x00000002   PAD
    0x08005630   0x08005630   0x00000222   Code   RO          597    .text.usb_basic_init  drv_usb_core.o
    0x08005852   0x08005852   0x00000002   PAD
    0x08005854   0x08005854   0x0000001c   Code   RO          645    .text.usb_clock_active  drv_usb_dev.o
    0x08005870   0x08005870   0x000000be   Code   RO          599    .text.usb_core_init  drv_usb_core.o
    0x0800592e   0x0800592e   0x00000002   PAD
    0x08005930   0x08005930   0x0000000c   Code   RO          641    .text.usb_ctlep_startout  drv_usb_dev.o
    0x0800593c   0x0800593c   0x0000002c   Code   RO          611    .text.usb_curmode_set  drv_usb_core.o
    0x08005968   0x08005968   0x00000294   Code   RO          621    .text.usb_devcore_init  drv_usb_dev.o
    0x08005bfc   0x08005bfc   0x0000001c   Code   RO          639    .text.usb_iepintr_read  drv_usb_dev.o
    0x08005c18   0x08005c18   0x00000004   Code   RO           68    .text.usb_mdelay    main.o
    0x08005c1c   0x08005c1c   0x0000002c   Code   RO          607    .text.usb_rxfifo_flush  drv_usb_core.o
    0x08005c48   0x08005c48   0x0000007e   Code   RO          603    .text.usb_rxfifo_read  drv_usb_core.o
    0x08005cc6   0x08005cc6   0x00000002   PAD
    0x08005cc8   0x08005cc8   0x000000f4   Code   RO          609    .text.usb_set_txfifo  drv_usb_core.o
    0x08005dbc   0x08005dbc   0x0000009c   Code   RO          627    .text.usb_transc_active  drv_usb_dev.o
    0x08005e58   0x08005e58   0x00000038   Code   RO          637    .text.usb_transc_clrstall  drv_usb_dev.o
    0x08005e90   0x08005e90   0x0000003a   Code   RO          629    .text.usb_transc_deactivate  drv_usb_dev.o
    0x08005eca   0x08005eca   0x00000002   PAD
    0x08005ecc   0x08005ecc   0x000000e8   Code   RO          631    .text.usb_transc_inxfer  drv_usb_dev.o
    0x08005fb4   0x08005fb4   0x0000006a   Code   RO          633    .text.usb_transc_outxfer  drv_usb_dev.o
    0x0800601e   0x0800601e   0x00000002   PAD
    0x08006020   0x08006020   0x00000036   Code   RO          635    .text.usb_transc_stall  drv_usb_dev.o
    0x08006056   0x08006056   0x00000002   PAD
    0x08006058   0x08006058   0x0000002e   Code   RO          605    .text.usb_txfifo_flush  drv_usb_core.o
    0x08006086   0x08006086   0x00000002   PAD
    0x08006088   0x08006088   0x00000078   Code   RO          601    .text.usb_txfifo_write  drv_usb_core.o
    0x08006100   0x08006100   0x00000004   Code   RO           66    .text.usb_udelay    main.o
    0x08006104   0x08006104   0x00000022   Code   RO          701    .text.usbd_class_request  usbd_enum.o
    0x08006126   0x08006126   0x00000002   PAD
    0x08006128   0x08006128   0x0000001c   Code   RO          705    .text.usbd_enum_error  usbd_enum.o
    0x08006144   0x08006144   0x00000038   Code   RO          678    .text.usbd_ep_clear  usbd_core.o
    0x0800617c   0x0800617c   0x00000026   Code   RO          680    .text.usbd_ep_recev  usbd_core.o
    0x080061a2   0x080061a2   0x00000002   PAD
    0x080061a4   0x080061a4   0x00000026   Code   RO          682    .text.usbd_ep_send  usbd_core.o
    0x080061ca   0x080061ca   0x00000002   PAD
    0x080061cc   0x080061cc   0x00000070   Code   RO          676    .text.usbd_ep_setup  usbd_core.o
    0x0800623c   0x0800623c   0x00000034   Code   RO          684    .text.usbd_ep_stall  usbd_core.o
    0x08006270   0x08006270   0x00000034   Code   RO          686    .text.usbd_ep_stall_clear  usbd_core.o
    0x080062a4   0x080062a4   0x000000b2   Code   RO          757    .text.usbd_in_transc  usbd_transc.o
    0x08006356   0x08006356   0x00000002   PAD
    0x08006358   0x08006358   0x0000007c   Code   RO          670    .text.usbd_init     usbd_core.o
    0x080063d4   0x080063d4   0x000004d6   Code   RO          660    .text.usbd_isr      drv_usbd_int.o
    0x080068aa   0x080068aa   0x00000002   PAD
    0x080068ac   0x080068ac   0x00000096   Code   RO          755    .text.usbd_out_transc  usbd_transc.o
    0x08006942   0x08006942   0x00000002   PAD
    0x08006944   0x08006944   0x000000d6   Code   RO          753    .text.usbd_setup_transc  usbd_transc.o
    0x08006a1a   0x08006a1a   0x00000002   PAD
    0x08006a1c   0x08006a1c   0x00000040   Code   RO          699    .text.usbd_standard_request  usbd_enum.o
    0x08006a5c   0x08006a5c   0x00000004   Code   RO          703    .text.usbd_vendor_request  usbd_enum.o
    0x08006a60   0x08006a60   0x0000003c   Code   RO           62    .text.w5500_dhcp_assign  main.o
    0x08006a9c   0x08006a9c   0x00000020   Code   RO           64    .text.w5500_dhcp_conflict  main.o
    0x08006abc   0x08006abc   0x000001ea   Code   RO          897    .text.wiz_recv_data  w5500.o
    0x08006ca6   0x08006ca6   0x00000002   PAD
    0x08006ca8   0x08006ca8   0x00000174   Code   RO          899    .text.wiz_recv_ignore  w5500.o
    0x08006e1c   0x08006e1c   0x000001ea   Code   RO          895    .text.wiz_send_data  w5500.o
    0x08007006   0x08007006   0x00000002   PAD
    0x08007008   0x08007008   0x00000004   Code   RO          775    .text.wizchip_bus_readdata  wizchip_conf.o
    0x0800700c   0x0800700c   0x00000004   Code   RO          777    .text.wizchip_bus_writedata  wizchip_conf.o
    0x08007010   0x08007010   0x000000a2   Code   RO          803    .text.wizchip_clrinterrupt  wizchip_conf.o
    0x080070b2   0x080070b2   0x00000002   PAD
    0x080070b4   0x080070b4   0x00000002   Code   RO          767    .text.wizchip_cris_enter  wizchip_conf.o
    0x080070b6   0x080070b6   0x00000002   PAD
    0x080070b8   0x080070b8   0x00000002   Code   RO          769    .text.wizchip_cris_exit  wizchip_conf.o
    0x080070ba   0x080070ba   0x00000002   PAD
    0x080070bc   0x080070bc   0x00000002   Code   RO          773    .text.wizchip_cs_deselect  wizchip_conf.o
    0x080070be   0x080070be   0x00000002   PAD
    0x080070c0   0x080070c0   0x00000002   Code   RO          771    .text.wizchip_cs_select  wizchip_conf.o
    0x080070c2   0x080070c2   0x00000002   PAD
    0x080070c4   0x080070c4   0x00000178   Code   RO          801    .text.wizchip_init  wizchip_conf.o
    0x0800723c   0x0800723c   0x00000004   Code   RO          779    .text.wizchip_spi_readbyte  wizchip_conf.o
    0x08007240   0x08007240   0x00000002   Code   RO          781    .text.wizchip_spi_writebyte  wizchip_conf.o
    0x08007242   0x08007242   0x00000002   PAD
    0x08007244   0x08007244   0x00000080   Code   RO          799    .text.wizchip_sw_reset  wizchip_conf.o
    0x080072c4   0x080072c4   0x00000070   Code   RO          813    .text.wizphy_setphyconf  wizchip_conf.o
    0x08007334   0x08007334   0x00000078   Code   RO          817    .text.wizphy_setphypmode  wizchip_conf.o
    0x080073ac   0x080073ac   0x0000001a   Code   RO         1399    x$fpl$fpinit        fz_wm.l(fpinit.o)
    0x080073c6   0x080073c6   0x00000004   Data   RO          651    .rodata.cst4        drv_usb_dev.o
    0x080073ca   0x080073ca   0x00000008   Data   RO          362    .rodata.cst8        gd32e10x_rcu.o
    0x080073d2   0x080073d2   0x00000002   PAD
    0x080073d4   0x080073d4   0x00000010   Data   RO          690    .rodata.ep_type     usbd_core.o
    0x080073e4   0x080073e4   0x00000029   Data   RO          112    .rodata.hid_config_desc  custom_hid_core.o
    0x0800740d   0x0800740d   0x00000001   PAD
    0x0800740e   0x0800740e   0x00000012   Data   RO          111    .rodata.hid_dev_desc  custom_hid_core.o
    0x08007420   0x08007420   0x00000021   Data   RO          117    .rodata.hid_report_desc  custom_hid_core.o
    0x08007441   0x08007441   0x00000082   Data   RO          119    .rodata.manufacturer_string  custom_hid_core.o
    0x080074c3   0x080074c3   0x00000082   Data   RO          120    .rodata.product_string  custom_hid_core.o
    0x08007545   0x08007545   0x0000d271   Data   RO           79    .rodata.soundArray  main.o
    0x080147b6   0x080147b6   0x000000ab   Data   RO           82    .rodata.str1.1      main.o
    0x08014861   0x08014861   0x00000012   Data   RO         1011    .rodata.str1.1      dhcp.o
    0x08014873   0x08014873   0x00000009   Data   RO         1086    .rodata.str1.1      segger_rtt.o
    0x0801487c   0x0801487c   0x00000010   Data   RO          115    .rodata.usbd_hid_strings  custom_hid_core.o
    0x0801488c   0x0801488c   0x00000004   Data   RO          113    .rodata.usbd_language_id_desc  custom_hid_core.o
    0x08014890   0x08014890   0x00000020   Data   RO         1475    Region$$Table       anon$$obj.o


    Execution Region RW_IRAM1 (Exec base: 0x20000000, Load base: 0x080148b0, Size: 0x00001b00, Max: 0x00008000, ABSOLUTE, COMPRESSED[0x00000088])

    Exec Addr    Load Addr    Size         Type   Attr      Idx    E Section Name        Object

    0x20000000   COMPRESSED   0x00000014   Data   RW         1012    .data..L_MergedGlobals  dhcp.o
    0x20000014   COMPRESSED   0x00000008   Data   RW         1010    .data.HOST_NAME     dhcp.o
    0x2000001c   COMPRESSED   0x00000004   Data   RW          135    .data.SystemCoreClock  system_gd32e10x.o
    0x20000020   COMPRESSED   0x0000002c   Data   RW          839    .data.WIZCHIP       wizchip_conf.o
    0x2000004c   COMPRESSED   0x00000008   Data   RW           37    .data.fop_handler   hid_keyboard_itf.o
    0x20000054   COMPRESSED   0x0000001c   Data   RW           80    .data.gWIZNETINFO   main.o
    0x20000070   COMPRESSED   0x00000010   Data   RW          116    .data.hid_desc      custom_hid_core.o
    0x20000080   COMPRESSED   0x00000082   Data   RW          114    .data.serial_string  custom_hid_core.o
    0x20000102   COMPRESSED   0x00000002   Data   RW          873    .data.sock_any_port  socket.o
    0x20000104   COMPRESSED   0x00000030   Data   RW          118    .data.usbd_hid_cb   custom_hid_core.o
    0x20000134   COMPRESSED   0x00000004   PAD
    0x20000138        -       0x00000060   Zero   RW         1410    .bss                c_wu.l(libspace.o)
    0x20000198        -       0x00000030   Zero   RW           88    .bss..L_MergedGlobals  main.o
    0x200001c8        -       0x00000010   Zero   RW          579    .bss..L_MergedGlobals  gd32e10x_pmu.o
    0x200001d8        -       0x00000008   Zero   RW          840    .bss..L_MergedGlobals  wizchip_conf.o
    0x200001e0        -       0x0000001c   Zero   RW          874    .bss..L_MergedGlobals  socket.o
    0x200001fc        -       0x00000011   Zero   RW         1088    .bss..L_MergedGlobals  segger_rtt.o
    0x2000020d   COMPRESSED   0x00000003   PAD
    0x20000210        -       0x00000032   Zero   RW         1013    .bss..L_MergedGlobals.1  dhcp.o
    0x20000242   COMPRESSED   0x00000002   PAD
    0x20000244        -       0x000000a8   Zero   RW         1084    .bss._SEGGER_RTT    segger_rtt.o
    0x200002ec        -       0x00000004   Zero   RW          923    .bss.__tick_ms_counter  millis.o
    0x200002f0        -       0x00000400   Zero   RW         1087    .bss._acUpBuffer    segger_rtt.o
    0x200006f0        -       0x00000002   Zero   RW          735    .bss._usb_std_getstatus.status  usbd_enum.o
    0x200006f2        -       0x00000001   Zero   RW          736    .bss._usb_std_setconfiguration.config  usbd_enum.o
    0x200006f3        -       0x00000800   Zero   RW           83    .bss.ethernetTxBuffer  main.o
    0x20000ef3   COMPRESSED   0x00000001   PAD
    0x20000ef4        -       0x000003c4   Zero   RW           85    .bss.hid_gsConfig   main.o
    0x200012b8        -       0x00000040   Zero   RW          121    .bss.hid_init.hid_handler  custom_hid_core.o
    0x200012f8        -       0x00000001   Zero   RW          122    .bss.hid_req.index  custom_hid_core.o
    0x200012f9   COMPRESSED   0x00000007   PAD
    0x20001300        -       0x00000400   Zero   RW          588    HEAP                startup_gd32e10x.o
    0x20001700        -       0x00000400   Zero   RW          587    STACK               startup_gd32e10x.o


==============================================================================

Image component sizes


      Code (inc. data)   RO Data    RW Data    ZI Data      Debug   Object Name

       358         40        372        194         65       9365   custom_hid_core.o
       224          0          0          0          0       1076   delay.o
      4692         64         18         28         50      16753   dhcp.o
      1360          0          0          0          0       8688   drv_usb_core.o
      1390          0          4          0          0      12133   drv_usb_dev.o
      1238          0          0          0          0       8961   drv_usbd_int.o
       294          0          0          0          0       8022   gd32e10x_dma.o
       186          0          0          0          0       3300   gd32e10x_exti.o
      1134          0          0          0          0       8142   gd32e10x_gpio.o
       110          0          0          0          0       7082   gd32e10x_it.o
       130          0          0          0          0       3599   gd32e10x_misc.o
       170          0          0          0         16       4601   gd32e10x_pmu.o
       364         22          8          0          0      18168   gd32e10x_rcu.o
      1348         16          0          0          0      20534   gd32e10x_timer.o
        26          0          0          8          0       5442   hid_keyboard_itf.o
      2606        308      54044         28       3060      17536   main.o
         0          0          0          0          4        534   millis.o
       584          0          9          0       1209      31610   segger_rtt.o
      2136        114          0          0          0       8505   segger_rtt_printf.o
      2356          0          0          2         28      10235   socket.o
        64         26        336          0       2048       1040   startup_gd32e10x.o
       358          0          0          4          0       3249   system_gd32e10x.o
       472          0         16          0          0       9946   usbd_core.o
      1488         70          0          0          3      14226   usbd_enum.o
       542          0          0          0          0       8385   usbd_transc.o
       164         40          0          0          0      13693   w25q.o
      2712          0          0          0          0       8641   w5500.o
      1896         40          0         44          8      14121   wizchip_conf.o

    ----------------------------------------------------------------------
     28576        740      54842        308       6508     277587   Object Totals
         0          0         32          0          0          0   (incl. Generated)
       174          0          3          0         17          0   (incl. Padding)

    ----------------------------------------------------------------------

      Code (inc. data)   RO Data    RW Data    ZI Data      Debug   Library Member Name

        58          0          0          0          0          0   __dczerorl.o
         8          0          0          0          0         68   __main.o
         0          0          0          0          0          0   __rtentry.o
        12          0          0          0          0          0   __rtentry2.o
         6          0          0          0          0          0   __rtentry4.o
        52          8          0          0          0          0   __scatter.o
        28          0          0          0          0          0   __scatter_zi.o
        18          0          0          0          0         80   exit.o
         6          0          0          0          0        152   heapauxi.o
         0          0          0          0          0          0   indicate_semi.o
         2          0          0          0          0          0   libinit.o
         6          0          0          0          0          0   libinit2.o
         2          0          0          0          0          0   libshutdown.o
         2          0          0          0          0          0   libshutdown2.o
         8          4          0          0         96         68   libspace.o
        68          0          0          0          0         68   rt_memclr.o
        78          0          0          0          0         80   rt_memclr_w.o
       138          0          0          0          0         68   rt_memcpy_v6.o
       100          0          0          0          0         80   rt_memcpy_w.o
         2          0          0          0          0          0   rtexit.o
        10          0          0          0          0          0   rtexit2.o
        12          4          0          0          0         68   sys_exit.o
        74          0          0          0          0         80   sys_stackheap_outer.o
         2          0          0          0          0         68   use_no_semi.o
        26          0          0          0          0        116   fpinit.o

    ----------------------------------------------------------------------
       726         16          0          0         96        996   Library Totals
         8          0          0          0          0          0   (incl. Padding)

    ----------------------------------------------------------------------

      Code (inc. data)   RO Data    RW Data    ZI Data      Debug   Library Name

       692         16          0          0         96        880   c_wu.l
        26          0          0          0          0        116   fz_wm.l

    ----------------------------------------------------------------------
       726         16          0          0         96        996   Library Totals

    ----------------------------------------------------------------------

==============================================================================


      Code (inc. data)   RO Data    RW Data    ZI Data      Debug   

     29302        756      54842        308       6604     277719   Grand Totals
     29302        756      54842        136       6604     277719   ELF Image Totals (compressed)
     29302        756      54842        136          0          0   ROM Totals

==============================================================================

    Total RO  Size (Code + RO Data)                84144 (  82.17kB)
    Total RW  Size (RW Data + ZI Data)              6912 (   6.75kB)
    Total ROM Size (Code + RO Data + RW Data)      84280 (  82.30kB)

==============================================================================

